[0.084s] Invoking command in '/home/lab/amr_ws/build/lab_bot': CMAKE_PREFIX_PATH=${CMAKE_PREFIX_PATH}:/opt/ros/humble /usr/bin/cmake --build /home/lab/amr_ws/build/lab_bot -- -j4 -l4
[0.497s] Invoked command in '/home/lab/amr_ws/build/lab_bot' returned '0': CMAKE_PREFIX_PATH=${CMAKE_PREFIX_PATH}:/opt/ros/humble /usr/bin/cmake --build /home/lab/amr_ws/build/lab_bot -- -j4 -l4
[0.543s] Invoking command in '/home/lab/amr_ws/build/lab_bot': CMAKE_PREFIX_PATH=${CMAKE_PREFIX_PATH}:/opt/ros/humble /usr/bin/cmake --install /home/lab/amr_ws/build/lab_bot
[0.584s] -- Install configuration: ""
[0.589s] -- Execute custom install script
[0.597s] -- Up-to-date symlink: /home/lab/amr_ws/install/lab_bot/share/lab_bot/launch/Lidar.launch.py
[0.598s] -- Up-to-date symlink: /home/lab/amr_ws/install/lab_bot/share/lab_bot/launch/__pycache__/bringup.launch.cpython-310.pyc
[0.599s] -- Symlinking: /home/lab/amr_ws/install/lab_bot/share/lab_bot/launch/__pycache__/nav_rl.launch.cpython-310.pyc
[0.636s] -- Up-to-date symlink: /home/lab/amr_ws/install/lab_bot/share/lab_bot/launch/__pycache__/odom_publisher.cpython-310.pyc
[0.637s] -- Up-to-date symlink: /home/lab/amr_ws/install/lab_bot/share/lab_bot/launch/bringup.launch.py
[0.637s] -- Up-to-date symlink: /home/lab/amr_ws/install/lab_bot/share/lab_bot/launch/cmd_vel_sender.launch.py
[0.638s] -- Up-to-date symlink: /home/lab/amr_ws/install/lab_bot/share/lab_bot/launch/mapping.launch.py
[0.639s] -- Up-to-date symlink: /home/lab/amr_ws/install/lab_bot/share/lab_bot/launch/nav_rl.launch.py
[0.639s] -- Up-to-date symlink: /home/lab/amr_ws/install/lab_bot/share/lab_bot/launch/odom_publisher.py
[0.640s] -- Up-to-date symlink: /home/lab/amr_ws/install/lab_bot/share/lab_bot/launch/odom_receive.py
[0.641s] -- Up-to-date symlink: /home/lab/amr_ws/install/lab_bot/share/lab_bot/launch/slam.launch.py
[0.642s] -- Up-to-date symlink: /home/lab/amr_ws/install/lab_bot/share/lab_bot/launch/slam_rl.launch.py
[0.645s] -- Up-to-date symlink: /home/lab/amr_ws/install/lab_bot/share/lab_bot/config/lab_params.yaml
[0.646s] -- Up-to-date symlink: /home/lab/amr_ws/install/lab_bot/share/lab_bot/config/nav_rl_params.yaml
[0.647s] -- Up-to-date symlink: /home/lab/amr_ws/install/lab_bot/share/lab_bot/config/rplidar.yaml
[0.649s] -- Up-to-date symlink: /home/lab/amr_ws/install/lab_bot/share/lab_bot/config/slam_localization_params.yaml
[0.650s] -- Up-to-date symlink: /home/lab/amr_ws/install/lab_bot/share/lab_bot/config/slam_params_rl.yaml
[0.650s] -- Up-to-date symlink: /home/lab/amr_ws/install/lab_bot/share/lab_bot/config/slam_rl_params.yaml
[0.651s] -- Up-to-date symlink: /home/lab/amr_ws/install/lab_bot/share/lab_bot/config/slam_toolbox.yaml
[0.654s] -- Up-to-date symlink: /home/lab/amr_ws/install/lab_bot/share/lab_bot/maps/NewLidar_edited.pgm
[0.655s] -- Up-to-date symlink: /home/lab/amr_ws/install/lab_bot/share/lab_bot/maps/NewLidar_edited.yaml
[0.656s] -- Up-to-date symlink: /home/lab/amr_ws/install/lab_bot/share/lab_bot/urdf/base.urdf.xacro
[0.658s] -- Up-to-date symlink: /home/lab/amr_ws/install/lab_bot/share/lab_bot/urdf/gazebo.urdf.xacro
[0.661s] -- Up-to-date symlink: /home/lab/amr_ws/install/lab_bot/share/lab_bot/urdf/lab_bot.urdf.xacro
[0.662s] -- Up-to-date symlink: /home/lab/amr_ws/install/lab_bot/share/lab_bot/urdf/lab_robot.urdf.xacro
[0.663s] -- Up-to-date symlink: /home/lab/amr_ws/install/lab_bot/share/lab_bot/urdf/macros.urdf.xacro
[0.665s] -- Up-to-date symlink: /home/lab/amr_ws/install/lab_bot/share/lab_bot/urdf/materials.urdf.xacro
[0.666s] -- Up-to-date symlink: /home/lab/amr_ws/install/lab_bot/share/lab_bot/urdf/properties.urdf.xacro
[0.667s] -- Up-to-date symlink: /home/lab/amr_ws/install/lab_bot/share/lab_bot/urdf/sensors.urdf.xacro
[0.667s] -- Up-to-date symlink: /home/lab/amr_ws/install/lab_bot/share/lab_bot/urdf/wheels.urdf.xacro
[0.668s] -- Up-to-date symlink: /home/lab/amr_ws/install/lab_bot/share/lab_bot/my_worlds/worlds/lab_office.world
[0.669s] -- Up-to-date symlink: /home/lab/amr_ws/install/lab_bot/share/lab_bot/my_worlds/worlds/lab_office_official.world
[0.670s] -- Up-to-date symlink: /home/lab/amr_ws/install/lab_bot/share/lab_bot/rviz/robot.rviz
[0.671s] -- Up-to-date symlink: /home/lab/amr_ws/install/lab_bot/lib/lab_bot/odom_receiver.py
[0.672s] -- Up-to-date symlink: /home/lab/amr_ws/install/lab_bot/lib/lab_bot/cmd_vel_sender.py
[0.672s] -- Up-to-date symlink: /home/lab/amr_ws/install/lab_bot/lib/lab_bot/scan_filter.py
[0.673s] -- Up-to-date symlink: /home/lab/amr_ws/install/lab_bot/share/ament_index/resource_index/package_run_dependencies/lab_bot
[0.676s] -- Up-to-date symlink: /home/lab/amr_ws/install/lab_bot/share/ament_index/resource_index/parent_prefix_path/lab_bot
[0.677s] -- Up-to-date symlink: /home/lab/amr_ws/install/lab_bot/share/lab_bot/environment/ament_prefix_path.sh
[0.678s] -- Up-to-date symlink: /home/lab/amr_ws/install/lab_bot/share/lab_bot/environment/ament_prefix_path.dsv
[0.679s] -- Up-to-date symlink: /home/lab/amr_ws/install/lab_bot/share/lab_bot/environment/path.sh
[0.680s] -- Up-to-date symlink: /home/lab/amr_ws/install/lab_bot/share/lab_bot/environment/path.dsv
[0.681s] -- Up-to-date symlink: /home/lab/amr_ws/install/lab_bot/share/lab_bot/local_setup.bash
[0.682s] -- Up-to-date symlink: /home/lab/amr_ws/install/lab_bot/share/lab_bot/local_setup.sh
[0.689s] -- Up-to-date symlink: /home/lab/amr_ws/install/lab_bot/share/lab_bot/local_setup.zsh
[0.689s] -- Up-to-date symlink: /home/lab/amr_ws/install/lab_bot/share/lab_bot/local_setup.dsv
[0.690s] -- Symlinking: /home/lab/amr_ws/install/lab_bot/share/lab_bot/package.dsv
[0.723s] -- Up-to-date symlink: /home/lab/amr_ws/install/lab_bot/share/ament_index/resource_index/packages/lab_bot
[0.724s] -- Up-to-date symlink: /home/lab/amr_ws/install/lab_bot/share/lab_bot/cmake/lab_botConfig.cmake
[0.725s] -- Up-to-date symlink: /home/lab/amr_ws/install/lab_bot/share/lab_bot/cmake/lab_botConfig-version.cmake
[0.726s] -- Up-to-date symlink: /home/lab/amr_ws/install/lab_bot/share/lab_bot/package.xml
[0.736s] Invoked command in '/home/lab/amr_ws/build/lab_bot' returned '0': CMAKE_PREFIX_PATH=${CMAKE_PREFIX_PATH}:/opt/ros/humble /usr/bin/cmake --install /home/lab/amr_ws/build/lab_bot
