[0.092s] Invoking command in '/home/lab/amr_ws/build/lab_bot': CMAKE_PREFIX_PATH=${CMAKE_PREFIX_PATH}:/opt/ros/humble /usr/bin/cmake /home/lab/amr_ws/src/lab_bot -DCMAKE_BUILD_TYPE=Release -DCMAKE_INSTALL_PREFIX=/home/lab/amr_ws/install/lab_bot
[0.254s] -- Found ament_cmake: 1.3.14 (/opt/ros/humble/share/ament_cmake/cmake)
[0.939s] -- Override CMake install command with custom implementation using symlinks instead of copying resources
[1.379s] -- Configuring done
[1.429s] -- Generating done
[1.449s] -- Build files have been written to: /home/lab/amr_ws/build/lab_bot
[1.456s] Invoked command in '/home/lab/amr_ws/build/lab_bot' returned '0': CMAKE_PREFIX_PATH=${CMAKE_PREFIX_PATH}:/opt/ros/humble /usr/bin/cmake /home/lab/amr_ws/src/lab_bot -DCMAKE_BUILD_TYPE=Release -DCMAKE_INSTALL_PREFIX=/home/lab/amr_ws/install/lab_bot
[1.470s] Invoking command in '/home/lab/amr_ws/build/lab_bot': CMAKE_PREFIX_PATH=${CMAKE_PREFIX_PATH}:/opt/ros/humble /usr/bin/cmake --build /home/lab/amr_ws/build/lab_bot -- -j4 -l4
[1.646s] Invoked command in '/home/lab/amr_ws/build/lab_bot' returned '0': CMAKE_PREFIX_PATH=${CMAKE_PREFIX_PATH}:/opt/ros/humble /usr/bin/cmake --build /home/lab/amr_ws/build/lab_bot -- -j4 -l4
[1.687s] Invoking command in '/home/lab/amr_ws/build/lab_bot': CMAKE_PREFIX_PATH=${CMAKE_PREFIX_PATH}:/opt/ros/humble /usr/bin/cmake --install /home/lab/amr_ws/build/lab_bot
[1.723s] -- Install configuration: "Release"
[1.725s] -- Execute custom install script
[1.727s] -- Up-to-date symlink: /home/lab/amr_ws/install/lab_bot/share/lab_bot/launch/Lidar.launch.py
[1.729s] -- Up-to-date symlink: /home/lab/amr_ws/install/lab_bot/share/lab_bot/launch/__pycache__/bringup.launch.cpython-310.pyc
[1.730s] -- Symlinking: /home/lab/amr_ws/install/lab_bot/share/lab_bot/launch/__pycache__/nav_rl.launch.cpython-310.pyc
[1.770s] -- Up-to-date symlink: /home/lab/amr_ws/install/lab_bot/share/lab_bot/launch/__pycache__/odom_publisher.cpython-310.pyc
[1.772s] -- Up-to-date symlink: /home/lab/amr_ws/install/lab_bot/share/lab_bot/launch/bringup.launch.py
[1.773s] -- Up-to-date symlink: /home/lab/amr_ws/install/lab_bot/share/lab_bot/launch/cmd_vel_sender.launch.py
[1.773s] -- Up-to-date symlink: /home/lab/amr_ws/install/lab_bot/share/lab_bot/launch/mapping.launch.py
[1.774s] -- Up-to-date symlink: /home/lab/amr_ws/install/lab_bot/share/lab_bot/launch/nav_rl.launch.py
[1.780s] -- Up-to-date symlink: /home/lab/amr_ws/install/lab_bot/share/lab_bot/launch/odom_publisher.py
[1.781s] -- Up-to-date symlink: /home/lab/amr_ws/install/lab_bot/share/lab_bot/launch/odom_receive.py
[1.782s] -- Up-to-date symlink: /home/lab/amr_ws/install/lab_bot/share/lab_bot/launch/slam.launch.py
[1.782s] -- Up-to-date symlink: /home/lab/amr_ws/install/lab_bot/share/lab_bot/launch/slam_rl.launch.py
[1.783s] -- Up-to-date symlink: /home/lab/amr_ws/install/lab_bot/share/lab_bot/config/lab_params.yaml
[1.784s] -- Up-to-date symlink: /home/lab/amr_ws/install/lab_bot/share/lab_bot/config/nav_rl_params.yaml
[1.785s] -- Up-to-date symlink: /home/lab/amr_ws/install/lab_bot/share/lab_bot/config/nav_rl_params_BK.yaml
[1.786s] -- Up-to-date symlink: /home/lab/amr_ws/install/lab_bot/share/lab_bot/config/rplidar.yaml
[1.787s] -- Up-to-date symlink: /home/lab/amr_ws/install/lab_bot/share/lab_bot/config/slam_localization_params.yaml
[1.792s] -- Up-to-date symlink: /home/lab/amr_ws/install/lab_bot/share/lab_bot/config/slam_params_rl.yaml
[1.794s] -- Up-to-date symlink: /home/lab/amr_ws/install/lab_bot/share/lab_bot/config/slam_rl_params.yaml
[1.796s] -- Up-to-date symlink: /home/lab/amr_ws/install/lab_bot/share/lab_bot/config/slam_toolbox.yaml
[1.796s] -- Up-to-date symlink: /home/lab/amr_ws/install/lab_bot/share/lab_bot/maps/NewLidar_edited.pgm
[1.797s] -- Up-to-date symlink: /home/lab/amr_ws/install/lab_bot/share/lab_bot/maps/NewLidar_edited.yaml
[1.798s] -- Up-to-date symlink: /home/lab/amr_ws/install/lab_bot/share/lab_bot/urdf/base.urdf.xacro
[1.798s] -- Up-to-date symlink: /home/lab/amr_ws/install/lab_bot/share/lab_bot/urdf/gazebo.urdf.xacro
[1.799s] -- Up-to-date symlink: /home/lab/amr_ws/install/lab_bot/share/lab_bot/urdf/lab_bot.urdf.xacro
[1.800s] -- Up-to-date symlink: /home/lab/amr_ws/install/lab_bot/share/lab_bot/urdf/lab_robot.urdf.xacro
[1.801s] -- Up-to-date symlink: /home/lab/amr_ws/install/lab_bot/share/lab_bot/urdf/macros.urdf.xacro
[1.802s] -- Up-to-date symlink: /home/lab/amr_ws/install/lab_bot/share/lab_bot/urdf/materials.urdf.xacro
[1.803s] -- Up-to-date symlink: /home/lab/amr_ws/install/lab_bot/share/lab_bot/urdf/properties.urdf.xacro
[1.804s] -- Up-to-date symlink: /home/lab/amr_ws/install/lab_bot/share/lab_bot/urdf/sensors.urdf.xacro
[1.805s] -- Up-to-date symlink: /home/lab/amr_ws/install/lab_bot/share/lab_bot/urdf/wheels.urdf.xacro
[1.807s] -- Up-to-date symlink: /home/lab/amr_ws/install/lab_bot/share/lab_bot/my_worlds/worlds/lab_office.world
[1.808s] -- Up-to-date symlink: /home/lab/amr_ws/install/lab_bot/share/lab_bot/my_worlds/worlds/lab_office_official.world
[1.810s] -- Up-to-date symlink: /home/lab/amr_ws/install/lab_bot/share/lab_bot/rviz/robot.rviz
[1.813s] -- Up-to-date symlink: /home/lab/amr_ws/install/lab_bot/lib/lab_bot/odom_receiver.py
[1.816s] -- Up-to-date symlink: /home/lab/amr_ws/install/lab_bot/lib/lab_bot/cmd_vel_sender.py
[1.818s] -- Up-to-date symlink: /home/lab/amr_ws/install/lab_bot/lib/lab_bot/scan_filter.py
[1.819s] -- Symlinking: /home/lab/amr_ws/install/lab_bot/lib/lab_bot/log_cmd_vel.py
[1.854s] -- Up-to-date symlink: /home/lab/amr_ws/install/lab_bot/share/ament_index/resource_index/package_run_dependencies/lab_bot
[1.856s] -- Up-to-date symlink: /home/lab/amr_ws/install/lab_bot/share/ament_index/resource_index/parent_prefix_path/lab_bot
[1.857s] -- Up-to-date symlink: /home/lab/amr_ws/install/lab_bot/share/lab_bot/environment/ament_prefix_path.sh
[1.858s] -- Up-to-date symlink: /home/lab/amr_ws/install/lab_bot/share/lab_bot/environment/ament_prefix_path.dsv
[1.859s] -- Up-to-date symlink: /home/lab/amr_ws/install/lab_bot/share/lab_bot/environment/path.sh
[1.861s] -- Up-to-date symlink: /home/lab/amr_ws/install/lab_bot/share/lab_bot/environment/path.dsv
[1.862s] -- Up-to-date symlink: /home/lab/amr_ws/install/lab_bot/share/lab_bot/local_setup.bash
[1.864s] -- Up-to-date symlink: /home/lab/amr_ws/install/lab_bot/share/lab_bot/local_setup.sh
[1.865s] -- Up-to-date symlink: /home/lab/amr_ws/install/lab_bot/share/lab_bot/local_setup.zsh
[1.866s] -- Up-to-date symlink: /home/lab/amr_ws/install/lab_bot/share/lab_bot/local_setup.dsv
[1.867s] -- Symlinking: /home/lab/amr_ws/install/lab_bot/share/lab_bot/package.dsv
[1.907s] -- Up-to-date symlink: /home/lab/amr_ws/install/lab_bot/share/ament_index/resource_index/packages/lab_bot
[1.907s] -- Up-to-date symlink: /home/lab/amr_ws/install/lab_bot/share/lab_bot/cmake/lab_botConfig.cmake
[1.908s] -- Up-to-date symlink: /home/lab/amr_ws/install/lab_bot/share/lab_bot/cmake/lab_botConfig-version.cmake
[1.911s] -- Up-to-date symlink: /home/lab/amr_ws/install/lab_bot/share/lab_bot/package.xml
[1.917s] Invoked command in '/home/lab/amr_ws/build/lab_bot' returned '0': CMAKE_PREFIX_PATH=${CMAKE_PREFIX_PATH}:/opt/ros/humble /usr/bin/cmake --install /home/lab/amr_ws/build/lab_bot
