[0.423s] DEBUG:colcon:Command line arguments: ['/usr/bin/colcon', 'build', '--packages-select', 'lab_bot']
[0.423s] DEBUG:colcon:Parsed command line arguments: Namespace(log_base=None, log_level=None, verb_name='build', build_base='build', install_base='install', merge_install=False, symlink_install=False, test_result_base=None, continue_on_error=False, executor='parallel', parallel_workers=4, event_handlers=None, ignore_user_meta=False, metas=['./colcon.meta'], base_paths=['.'], packages_ignore=None, packages_ignore_regex=None, paths=None, packages_up_to=None, packages_up_to_regex=None, packages_above=None, packages_above_and_dependencies=None, packages_above_depth=None, packages_select_by_dep=None, packages_skip_by_dep=None, packages_skip_up_to=None, packages_select_build_failed=False, packages_skip_build_finished=False, packages_select_test_failures=False, packages_skip_test_passed=False, packages_select=['lab_bot'], packages_skip=None, packages_select_regex=None, packages_skip_regex=None, packages_start=None, packages_end=None, allow_overriding=[], cmake_args=None, cmake_target=None, cmake_target_skip_unavailable=False, cmake_clean_cache=False, cmake_clean_first=False, cmake_force_configure=False, ament_cmake_args=None, catkin_cmake_args=None, catkin_skip_building_tests=False, verb_parser=<colcon_defaults.argument_parser.defaults.DefaultArgumentsDecorator object at 0xffff8fa96aa0>, verb_extension=<colcon_core.verb.build.BuildVerb object at 0xffff8fbe0250>, main=<bound method BuildVerb.main of <colcon_core.verb.build.BuildVerb object at 0xffff8fbe0250>>)
[1.126s] Level 1:colcon.colcon_core.package_discovery:discover_packages(colcon_meta) check parameters
[1.126s] Level 1:colcon.colcon_core.package_discovery:discover_packages(recursive) check parameters
[1.127s] Level 1:colcon.colcon_core.package_discovery:discover_packages(ignore) check parameters
[1.127s] Level 1:colcon.colcon_core.package_discovery:discover_packages(path) check parameters
[1.127s] Level 1:colcon.colcon_core.package_discovery:discover_packages(colcon_meta) discover
[1.127s] Level 1:colcon.colcon_core.package_discovery:discover_packages(recursive) discover
[1.127s] INFO:colcon.colcon_core.package_discovery:Crawling recursively for packages in '/home/lab/amr_ws'
[1.128s] Level 1:colcon.colcon_core.package_identification:_identify(.) by extensions ['ignore', 'ignore_ament_install']
[1.128s] Level 1:colcon.colcon_core.package_identification:_identify(.) by extension 'ignore'
[1.129s] Level 1:colcon.colcon_core.package_identification:_identify(.) by extension 'ignore_ament_install'
[1.129s] Level 1:colcon.colcon_core.package_identification:_identify(.) by extensions ['colcon_pkg']
[1.129s] Level 1:colcon.colcon_core.package_identification:_identify(.) by extension 'colcon_pkg'
[1.129s] Level 1:colcon.colcon_core.package_identification:_identify(.) by extensions ['colcon_meta']
[1.129s] Level 1:colcon.colcon_core.package_identification:_identify(.) by extension 'colcon_meta'
[1.130s] Level 1:colcon.colcon_core.package_identification:_identify(.) by extensions ['ros']
[1.130s] Level 1:colcon.colcon_core.package_identification:_identify(.) by extension 'ros'
[1.178s] Level 1:colcon.colcon_core.package_identification:_identify(.) by extensions ['cmake', 'python']
[1.178s] Level 1:colcon.colcon_core.package_identification:_identify(.) by extension 'cmake'
[1.178s] Level 1:colcon.colcon_core.package_identification:_identify(.) by extension 'python'
[1.179s] Level 1:colcon.colcon_core.package_identification:_identify(.) by extensions ['python_setup_py']
[1.179s] Level 1:colcon.colcon_core.package_identification:_identify(.) by extension 'python_setup_py'
[1.179s] Level 1:colcon.colcon_core.package_identification:_identify(build) by extensions ['ignore', 'ignore_ament_install']
[1.180s] Level 1:colcon.colcon_core.package_identification:_identify(build) by extension 'ignore'
[1.180s] Level 1:colcon.colcon_core.package_identification:_identify(build) ignored
[1.181s] Level 1:colcon.colcon_core.package_identification:_identify(install) by extensions ['ignore', 'ignore_ament_install']
[1.181s] Level 1:colcon.colcon_core.package_identification:_identify(install) by extension 'ignore'
[1.181s] Level 1:colcon.colcon_core.package_identification:_identify(install) ignored
[1.182s] Level 1:colcon.colcon_core.package_identification:_identify(log) by extensions ['ignore', 'ignore_ament_install']
[1.182s] Level 1:colcon.colcon_core.package_identification:_identify(log) by extension 'ignore'
[1.183s] Level 1:colcon.colcon_core.package_identification:_identify(log) ignored
[1.183s] Level 1:colcon.colcon_core.package_identification:_identify(src) by extensions ['ignore', 'ignore_ament_install']
[1.184s] Level 1:colcon.colcon_core.package_identification:_identify(src) by extension 'ignore'
[1.184s] Level 1:colcon.colcon_core.package_identification:_identify(src) by extension 'ignore_ament_install'
[1.184s] Level 1:colcon.colcon_core.package_identification:_identify(src) by extensions ['colcon_pkg']
[1.184s] Level 1:colcon.colcon_core.package_identification:_identify(src) by extension 'colcon_pkg'
[1.185s] Level 1:colcon.colcon_core.package_identification:_identify(src) by extensions ['colcon_meta']
[1.185s] Level 1:colcon.colcon_core.package_identification:_identify(src) by extension 'colcon_meta'
[1.185s] Level 1:colcon.colcon_core.package_identification:_identify(src) by extensions ['ros']
[1.185s] Level 1:colcon.colcon_core.package_identification:_identify(src) by extension 'ros'
[1.185s] Level 1:colcon.colcon_core.package_identification:_identify(src) by extensions ['cmake', 'python']
[1.186s] Level 1:colcon.colcon_core.package_identification:_identify(src) by extension 'cmake'
[1.186s] Level 1:colcon.colcon_core.package_identification:_identify(src) by extension 'python'
[1.186s] Level 1:colcon.colcon_core.package_identification:_identify(src) by extensions ['python_setup_py']
[1.186s] Level 1:colcon.colcon_core.package_identification:_identify(src) by extension 'python_setup_py'
[1.187s] Level 1:colcon.colcon_core.package_identification:_identify(src/lab_bot) by extensions ['ignore', 'ignore_ament_install']
[1.187s] Level 1:colcon.colcon_core.package_identification:_identify(src/lab_bot) by extension 'ignore'
[1.187s] Level 1:colcon.colcon_core.package_identification:_identify(src/lab_bot) by extension 'ignore_ament_install'
[1.187s] Level 1:colcon.colcon_core.package_identification:_identify(src/lab_bot) by extensions ['colcon_pkg']
[1.188s] Level 1:colcon.colcon_core.package_identification:_identify(src/lab_bot) by extension 'colcon_pkg'
[1.188s] Level 1:colcon.colcon_core.package_identification:_identify(src/lab_bot) by extensions ['colcon_meta']
[1.188s] Level 1:colcon.colcon_core.package_identification:_identify(src/lab_bot) by extension 'colcon_meta'
[1.188s] Level 1:colcon.colcon_core.package_identification:_identify(src/lab_bot) by extensions ['ros']
[1.188s] Level 1:colcon.colcon_core.package_identification:_identify(src/lab_bot) by extension 'ros'
[1.197s] DEBUG:colcon.colcon_core.package_identification:Package 'src/lab_bot' with type 'ros.ament_cmake' and name 'lab_bot'
[1.198s] Level 1:colcon.colcon_core.package_discovery:discover_packages(recursive) using defaults
[1.198s] Level 1:colcon.colcon_core.package_discovery:discover_packages(ignore) discover
[1.198s] Level 1:colcon.colcon_core.package_discovery:discover_packages(ignore) using defaults
[1.198s] Level 1:colcon.colcon_core.package_discovery:discover_packages(path) discover
[1.198s] Level 1:colcon.colcon_core.package_discovery:discover_packages(path) using defaults
[1.276s] Level 1:colcon.colcon_core.package_discovery:discover_packages(prefix_path) check parameters
[1.276s] Level 1:colcon.colcon_core.package_discovery:discover_packages(prefix_path) discover
[1.285s] DEBUG:colcon.colcon_installed_package_information.package_discovery:Found 1 installed packages in /home/lab/amr_ws/install
[1.287s] DEBUG:colcon.colcon_installed_package_information.package_discovery:Found 2 installed packages in /home/lab/giabao_ws/amr_ws/install
[1.290s] DEBUG:colcon.colcon_installed_package_information.package_discovery:Found 2 installed packages in /home/lab/install
[1.300s] DEBUG:colcon.colcon_installed_package_information.package_discovery:Found 297 installed packages in /opt/ros/humble
[1.307s] Level 1:colcon.colcon_core.package_discovery:discover_packages(prefix_path) using defaults
[1.522s] Level 5:colcon.colcon_core.verb:set package 'lab_bot' build argument 'cmake_args' from command line to 'None'
[1.522s] Level 5:colcon.colcon_core.verb:set package 'lab_bot' build argument 'cmake_target' from command line to 'None'
[1.523s] Level 5:colcon.colcon_core.verb:set package 'lab_bot' build argument 'cmake_target_skip_unavailable' from command line to 'False'
[1.523s] Level 5:colcon.colcon_core.verb:set package 'lab_bot' build argument 'cmake_clean_cache' from command line to 'False'
[1.523s] Level 5:colcon.colcon_core.verb:set package 'lab_bot' build argument 'cmake_clean_first' from command line to 'False'
[1.523s] Level 5:colcon.colcon_core.verb:set package 'lab_bot' build argument 'cmake_force_configure' from command line to 'False'
[1.523s] Level 5:colcon.colcon_core.verb:set package 'lab_bot' build argument 'ament_cmake_args' from command line to 'None'
[1.523s] Level 5:colcon.colcon_core.verb:set package 'lab_bot' build argument 'catkin_cmake_args' from command line to 'None'
[1.523s] Level 5:colcon.colcon_core.verb:set package 'lab_bot' build argument 'catkin_skip_building_tests' from command line to 'False'
[1.524s] DEBUG:colcon.colcon_core.verb:Building package 'lab_bot' with the following arguments: {'ament_cmake_args': None, 'build_base': '/home/lab/amr_ws/build/lab_bot', 'catkin_cmake_args': None, 'catkin_skip_building_tests': False, 'cmake_args': None, 'cmake_clean_cache': False, 'cmake_clean_first': False, 'cmake_force_configure': False, 'cmake_target': None, 'cmake_target_skip_unavailable': False, 'install_base': '/home/lab/amr_ws/install/lab_bot', 'merge_install': False, 'path': '/home/lab/amr_ws/src/lab_bot', 'symlink_install': False, 'test_result_base': None}
[1.524s] INFO:colcon.colcon_core.executor:Executing jobs using 'parallel' executor
[1.527s] DEBUG:colcon.colcon_parallel_executor.executor.parallel:run_until_complete
[1.528s] INFO:colcon.colcon_ros.task.ament_cmake.build:Building ROS package in '/home/lab/amr_ws/src/lab_bot' with build type 'ament_cmake'
[1.529s] INFO:colcon.colcon_cmake.task.cmake.build:Building CMake package in '/home/lab/amr_ws/src/lab_bot'
[1.537s] INFO:colcon.colcon_core.plugin_system:Skipping extension 'colcon_core.shell.bat': Not used on non-Windows systems
[1.538s] INFO:colcon.colcon_core.shell:Skip shell extension 'powershell' for command environment: Not usable outside of PowerShell
[1.539s] DEBUG:colcon.colcon_core.shell:Skip shell extension 'dsv' for command environment
[1.590s] DEBUG:colcon.colcon_core.event_handler.log_command:Invoking command in '/home/lab/amr_ws/build/lab_bot': CMAKE_PREFIX_PATH=${CMAKE_PREFIX_PATH}:/opt/ros/humble /usr/bin/cmake --build /home/lab/amr_ws/build/lab_bot -- -j4 -l4
[1.733s] DEBUG:colcon.colcon_core.event_handler.log_command:Invoked command in '/home/lab/amr_ws/build/lab_bot' returned '0': CMAKE_PREFIX_PATH=${CMAKE_PREFIX_PATH}:/opt/ros/humble /usr/bin/cmake --build /home/lab/amr_ws/build/lab_bot -- -j4 -l4
[1.777s] DEBUG:colcon.colcon_core.event_handler.log_command:Invoking command in '/home/lab/amr_ws/build/lab_bot': CMAKE_PREFIX_PATH=${CMAKE_PREFIX_PATH}:/opt/ros/humble /usr/bin/cmake --install /home/lab/amr_ws/build/lab_bot
[1.918s] Level 1:colcon.colcon_core.environment:create_environment_scripts_only(lab_bot)
[1.920s] DEBUG:colcon.colcon_core.event_handler.log_command:Invoked command in '/home/lab/amr_ws/build/lab_bot' returned '0': CMAKE_PREFIX_PATH=${CMAKE_PREFIX_PATH}:/opt/ros/humble /usr/bin/cmake --install /home/lab/amr_ws/build/lab_bot
[1.931s] Level 1:colcon.colcon_core.environment:checking '/home/lab/amr_ws/install/lab_bot' for CMake module files
[1.935s] Level 1:colcon.colcon_core.environment:checking '/home/lab/amr_ws/install/lab_bot' for CMake config files
[1.940s] Level 1:colcon.colcon_core.shell:create_environment_hook('lab_bot', 'cmake_prefix_path')
[1.941s] INFO:colcon.colcon_core.shell:Creating environment hook '/home/lab/amr_ws/install/lab_bot/share/lab_bot/hook/cmake_prefix_path.ps1'
[1.944s] INFO:colcon.colcon_core.shell:Creating environment descriptor '/home/lab/amr_ws/install/lab_bot/share/lab_bot/hook/cmake_prefix_path.dsv'
[1.946s] INFO:colcon.colcon_core.shell:Creating environment hook '/home/lab/amr_ws/install/lab_bot/share/lab_bot/hook/cmake_prefix_path.sh'
[1.950s] Level 1:colcon.colcon_core.environment:checking '/home/lab/amr_ws/install/lab_bot/lib'
[1.951s] Level 1:colcon.colcon_core.environment:checking '/home/lab/amr_ws/install/lab_bot/bin'
[1.951s] Level 1:colcon.colcon_core.environment:checking '/home/lab/amr_ws/install/lab_bot/lib/pkgconfig/lab_bot.pc'
[1.952s] Level 1:colcon.colcon_core.environment:checking '/home/lab/amr_ws/install/lab_bot/lib/python3.10/site-packages'
[1.953s] Level 1:colcon.colcon_core.environment:checking '/home/lab/amr_ws/install/lab_bot/bin'
[1.954s] INFO:colcon.colcon_core.shell:Creating package script '/home/lab/amr_ws/install/lab_bot/share/lab_bot/package.ps1'
[1.959s] INFO:colcon.colcon_core.shell:Creating package descriptor '/home/lab/amr_ws/install/lab_bot/share/lab_bot/package.dsv'
[1.962s] INFO:colcon.colcon_core.shell:Creating package script '/home/lab/amr_ws/install/lab_bot/share/lab_bot/package.sh'
[1.965s] INFO:colcon.colcon_core.shell:Creating package script '/home/lab/amr_ws/install/lab_bot/share/lab_bot/package.bash'
[1.968s] INFO:colcon.colcon_core.shell:Creating package script '/home/lab/amr_ws/install/lab_bot/share/lab_bot/package.zsh'
[1.972s] Level 1:colcon.colcon_core.environment:create_file_with_runtime_dependencies(/home/lab/amr_ws/install/lab_bot/share/colcon-core/packages/lab_bot)
[1.974s] Level 1:colcon.colcon_core.environment:create_environment_scripts_only(lab_bot)
[1.975s] Level 1:colcon.colcon_core.environment:checking '/home/lab/amr_ws/install/lab_bot' for CMake module files
[1.978s] Level 1:colcon.colcon_core.environment:checking '/home/lab/amr_ws/install/lab_bot' for CMake config files
[1.983s] Level 1:colcon.colcon_core.shell:create_environment_hook('lab_bot', 'cmake_prefix_path')
[1.984s] INFO:colcon.colcon_core.shell:Creating environment hook '/home/lab/amr_ws/install/lab_bot/share/lab_bot/hook/cmake_prefix_path.ps1'
[1.986s] INFO:colcon.colcon_core.shell:Creating environment descriptor '/home/lab/amr_ws/install/lab_bot/share/lab_bot/hook/cmake_prefix_path.dsv'
[1.988s] INFO:colcon.colcon_core.shell:Creating environment hook '/home/lab/amr_ws/install/lab_bot/share/lab_bot/hook/cmake_prefix_path.sh'
[1.991s] Level 1:colcon.colcon_core.environment:checking '/home/lab/amr_ws/install/lab_bot/lib'
[1.992s] Level 1:colcon.colcon_core.environment:checking '/home/lab/amr_ws/install/lab_bot/bin'
[1.992s] Level 1:colcon.colcon_core.environment:checking '/home/lab/amr_ws/install/lab_bot/lib/pkgconfig/lab_bot.pc'
[1.993s] Level 1:colcon.colcon_core.environment:checking '/home/lab/amr_ws/install/lab_bot/lib/python3.10/site-packages'
[1.994s] Level 1:colcon.colcon_core.environment:checking '/home/lab/amr_ws/install/lab_bot/bin'
[1.995s] INFO:colcon.colcon_core.shell:Creating package script '/home/lab/amr_ws/install/lab_bot/share/lab_bot/package.ps1'
[1.998s] INFO:colcon.colcon_core.shell:Creating package descriptor '/home/lab/amr_ws/install/lab_bot/share/lab_bot/package.dsv'
[2.000s] INFO:colcon.colcon_core.shell:Creating package script '/home/lab/amr_ws/install/lab_bot/share/lab_bot/package.sh'
[2.003s] INFO:colcon.colcon_core.shell:Creating package script '/home/lab/amr_ws/install/lab_bot/share/lab_bot/package.bash'
[2.005s] INFO:colcon.colcon_core.shell:Creating package script '/home/lab/amr_ws/install/lab_bot/share/lab_bot/package.zsh'
[2.007s] Level 1:colcon.colcon_core.environment:create_file_with_runtime_dependencies(/home/lab/amr_ws/install/lab_bot/share/colcon-core/packages/lab_bot)
[2.008s] DEBUG:colcon.colcon_parallel_executor.executor.parallel:closing loop
[2.009s] DEBUG:colcon.colcon_parallel_executor.executor.parallel:loop closed
[2.010s] DEBUG:colcon.colcon_parallel_executor.executor.parallel:run_until_complete finished with '0'
[2.010s] DEBUG:colcon.colcon_core.event_reactor:joining thread
[2.013s] DEBUG:colcon.colcon_core.event_reactor:joined thread
[2.014s] INFO:colcon.colcon_core.shell:Creating prefix script '/home/lab/amr_ws/install/local_setup.ps1'
[2.018s] INFO:colcon.colcon_core.shell:Creating prefix util module '/home/lab/amr_ws/install/_local_setup_util_ps1.py'
[2.026s] INFO:colcon.colcon_core.shell:Creating prefix chain script '/home/lab/amr_ws/install/setup.ps1'
[2.034s] INFO:colcon.colcon_core.shell:Creating prefix script '/home/lab/amr_ws/install/local_setup.sh'
[2.037s] INFO:colcon.colcon_core.shell:Creating prefix util module '/home/lab/amr_ws/install/_local_setup_util_sh.py'
[2.041s] INFO:colcon.colcon_core.shell:Creating prefix chain script '/home/lab/amr_ws/install/setup.sh'
[2.047s] INFO:colcon.colcon_core.shell:Creating prefix script '/home/lab/amr_ws/install/local_setup.bash'
[2.049s] INFO:colcon.colcon_core.shell:Creating prefix chain script '/home/lab/amr_ws/install/setup.bash'
[2.055s] INFO:colcon.colcon_core.shell:Creating prefix script '/home/lab/amr_ws/install/local_setup.zsh'
[2.057s] INFO:colcon.colcon_core.shell:Creating prefix chain script '/home/lab/amr_ws/install/setup.zsh'
