[0.446s] DEBUG:colcon:Command line arguments: ['/usr/bin/colcon', 'build', '--packages-select', 'lab_bot']
[0.447s] DEBUG:colcon:Parsed command line arguments: Namespace(log_base=None, log_level=None, verb_name='build', build_base='build', install_base='install', merge_install=False, symlink_install=False, test_result_base=None, continue_on_error=False, executor='parallel', parallel_workers=4, event_handlers=None, ignore_user_meta=False, metas=['./colcon.meta'], base_paths=['.'], packages_ignore=None, packages_ignore_regex=None, paths=None, packages_up_to=None, packages_up_to_regex=None, packages_above=None, packages_above_and_dependencies=None, packages_above_depth=None, packages_select_by_dep=None, packages_skip_by_dep=None, packages_skip_up_to=None, packages_select_build_failed=False, packages_skip_build_finished=False, packages_select_test_failures=False, packages_skip_test_passed=False, packages_select=['lab_bot'], packages_skip=None, packages_select_regex=None, packages_skip_regex=None, packages_start=None, packages_end=None, allow_overriding=[], cmake_args=None, cmake_target=None, cmake_target_skip_unavailable=False, cmake_clean_cache=False, cmake_clean_first=False, cmake_force_configure=False, ament_cmake_args=None, catkin_cmake_args=None, catkin_skip_building_tests=False, verb_parser=<colcon_defaults.argument_parser.defaults.DefaultArgumentsDecorator object at 0xffff86cd6a70>, verb_extension=<colcon_core.verb.build.BuildVerb object at 0xffff86e20220>, main=<bound method BuildVerb.main of <colcon_core.verb.build.BuildVerb object at 0xffff86e20220>>)
[1.189s] Level 1:colcon.colcon_core.package_discovery:discover_packages(colcon_meta) check parameters
[1.190s] Level 1:colcon.colcon_core.package_discovery:discover_packages(recursive) check parameters
[1.190s] Level 1:colcon.colcon_core.package_discovery:discover_packages(ignore) check parameters
[1.190s] Level 1:colcon.colcon_core.package_discovery:discover_packages(path) check parameters
[1.190s] Level 1:colcon.colcon_core.package_discovery:discover_packages(colcon_meta) discover
[1.191s] Level 1:colcon.colcon_core.package_discovery:discover_packages(recursive) discover
[1.191s] INFO:colcon.colcon_core.package_discovery:Crawling recursively for packages in '/home/lab/amr_ws'
[1.191s] Level 1:colcon.colcon_core.package_identification:_identify(.) by extensions ['ignore', 'ignore_ament_install']
[1.192s] Level 1:colcon.colcon_core.package_identification:_identify(.) by extension 'ignore'
[1.192s] Level 1:colcon.colcon_core.package_identification:_identify(.) by extension 'ignore_ament_install'
[1.192s] Level 1:colcon.colcon_core.package_identification:_identify(.) by extensions ['colcon_pkg']
[1.193s] Level 1:colcon.colcon_core.package_identification:_identify(.) by extension 'colcon_pkg'
[1.193s] Level 1:colcon.colcon_core.package_identification:_identify(.) by extensions ['colcon_meta']
[1.193s] Level 1:colcon.colcon_core.package_identification:_identify(.) by extension 'colcon_meta'
[1.193s] Level 1:colcon.colcon_core.package_identification:_identify(.) by extensions ['ros']
[1.193s] Level 1:colcon.colcon_core.package_identification:_identify(.) by extension 'ros'
[1.243s] Level 1:colcon.colcon_core.package_identification:_identify(.) by extensions ['cmake', 'python']
[1.243s] Level 1:colcon.colcon_core.package_identification:_identify(.) by extension 'cmake'
[1.244s] Level 1:colcon.colcon_core.package_identification:_identify(.) by extension 'python'
[1.244s] Level 1:colcon.colcon_core.package_identification:_identify(.) by extensions ['python_setup_py']
[1.244s] Level 1:colcon.colcon_core.package_identification:_identify(.) by extension 'python_setup_py'
[1.245s] Level 1:colcon.colcon_core.package_identification:_identify(build) by extensions ['ignore', 'ignore_ament_install']
[1.245s] Level 1:colcon.colcon_core.package_identification:_identify(build) by extension 'ignore'
[1.245s] Level 1:colcon.colcon_core.package_identification:_identify(build) ignored
[1.246s] Level 1:colcon.colcon_core.package_identification:_identify(install) by extensions ['ignore', 'ignore_ament_install']
[1.247s] Level 1:colcon.colcon_core.package_identification:_identify(install) by extension 'ignore'
[1.247s] Level 1:colcon.colcon_core.package_identification:_identify(install) ignored
[1.247s] Level 1:colcon.colcon_core.package_identification:_identify(log) by extensions ['ignore', 'ignore_ament_install']
[1.248s] Level 1:colcon.colcon_core.package_identification:_identify(log) by extension 'ignore'
[1.248s] Level 1:colcon.colcon_core.package_identification:_identify(log) ignored
[1.248s] Level 1:colcon.colcon_core.package_identification:_identify(src) by extensions ['ignore', 'ignore_ament_install']
[1.249s] Level 1:colcon.colcon_core.package_identification:_identify(src) by extension 'ignore'
[1.249s] Level 1:colcon.colcon_core.package_identification:_identify(src) by extension 'ignore_ament_install'
[1.249s] Level 1:colcon.colcon_core.package_identification:_identify(src) by extensions ['colcon_pkg']
[1.249s] Level 1:colcon.colcon_core.package_identification:_identify(src) by extension 'colcon_pkg'
[1.249s] Level 1:colcon.colcon_core.package_identification:_identify(src) by extensions ['colcon_meta']
[1.250s] Level 1:colcon.colcon_core.package_identification:_identify(src) by extension 'colcon_meta'
[1.250s] Level 1:colcon.colcon_core.package_identification:_identify(src) by extensions ['ros']
[1.250s] Level 1:colcon.colcon_core.package_identification:_identify(src) by extension 'ros'
[1.250s] Level 1:colcon.colcon_core.package_identification:_identify(src) by extensions ['cmake', 'python']
[1.250s] Level 1:colcon.colcon_core.package_identification:_identify(src) by extension 'cmake'
[1.251s] Level 1:colcon.colcon_core.package_identification:_identify(src) by extension 'python'
[1.251s] Level 1:colcon.colcon_core.package_identification:_identify(src) by extensions ['python_setup_py']
[1.251s] Level 1:colcon.colcon_core.package_identification:_identify(src) by extension 'python_setup_py'
[1.252s] Level 1:colcon.colcon_core.package_identification:_identify(src/lab_bot) by extensions ['ignore', 'ignore_ament_install']
[1.252s] Level 1:colcon.colcon_core.package_identification:_identify(src/lab_bot) by extension 'ignore'
[1.252s] Level 1:colcon.colcon_core.package_identification:_identify(src/lab_bot) by extension 'ignore_ament_install'
[1.252s] Level 1:colcon.colcon_core.package_identification:_identify(src/lab_bot) by extensions ['colcon_pkg']
[1.253s] Level 1:colcon.colcon_core.package_identification:_identify(src/lab_bot) by extension 'colcon_pkg'
[1.253s] Level 1:colcon.colcon_core.package_identification:_identify(src/lab_bot) by extensions ['colcon_meta']
[1.253s] Level 1:colcon.colcon_core.package_identification:_identify(src/lab_bot) by extension 'colcon_meta'
[1.253s] Level 1:colcon.colcon_core.package_identification:_identify(src/lab_bot) by extensions ['ros']
[1.253s] Level 1:colcon.colcon_core.package_identification:_identify(src/lab_bot) by extension 'ros'
[1.263s] DEBUG:colcon.colcon_core.package_identification:Package 'src/lab_bot' with type 'ros.ament_cmake' and name 'lab_bot'
[1.263s] Level 1:colcon.colcon_core.package_discovery:discover_packages(recursive) using defaults
[1.263s] Level 1:colcon.colcon_core.package_discovery:discover_packages(ignore) discover
[1.264s] Level 1:colcon.colcon_core.package_discovery:discover_packages(ignore) using defaults
[1.264s] Level 1:colcon.colcon_core.package_discovery:discover_packages(path) discover
[1.264s] Level 1:colcon.colcon_core.package_discovery:discover_packages(path) using defaults
[1.344s] Level 1:colcon.colcon_core.package_discovery:discover_packages(prefix_path) check parameters
[1.344s] Level 1:colcon.colcon_core.package_discovery:discover_packages(prefix_path) discover
[1.349s] WARNING:colcon.colcon_ros.prefix_path.ament:The path '/home/lab/amr_ws/install/lab_bot' in the environment variable AMENT_PREFIX_PATH doesn't exist
[1.351s] WARNING:colcon.colcon_ros.prefix_path.catkin:The path '/home/lab/amr_ws/install/lab_bot' in the environment variable CMAKE_PREFIX_PATH doesn't exist
[1.354s] DEBUG:colcon.colcon_installed_package_information.package_discovery:Found 0 installed packages in /home/lab/amr_ws/install
[1.357s] DEBUG:colcon.colcon_installed_package_information.package_discovery:Found 2 installed packages in /home/lab/install
[1.360s] DEBUG:colcon.colcon_installed_package_information.package_discovery:Found 2 installed packages in /home/lab/giabao_ws/amr_ws/install
[1.370s] DEBUG:colcon.colcon_installed_package_information.package_discovery:Found 296 installed packages in /opt/ros/humble
[1.377s] Level 1:colcon.colcon_core.package_discovery:discover_packages(prefix_path) using defaults
[1.605s] Level 5:colcon.colcon_core.verb:set package 'lab_bot' build argument 'cmake_args' from command line to 'None'
[1.605s] Level 5:colcon.colcon_core.verb:set package 'lab_bot' build argument 'cmake_target' from command line to 'None'
[1.605s] Level 5:colcon.colcon_core.verb:set package 'lab_bot' build argument 'cmake_target_skip_unavailable' from command line to 'False'
[1.606s] Level 5:colcon.colcon_core.verb:set package 'lab_bot' build argument 'cmake_clean_cache' from command line to 'False'
[1.606s] Level 5:colcon.colcon_core.verb:set package 'lab_bot' build argument 'cmake_clean_first' from command line to 'False'
[1.606s] Level 5:colcon.colcon_core.verb:set package 'lab_bot' build argument 'cmake_force_configure' from command line to 'False'
[1.606s] Level 5:colcon.colcon_core.verb:set package 'lab_bot' build argument 'ament_cmake_args' from command line to 'None'
[1.606s] Level 5:colcon.colcon_core.verb:set package 'lab_bot' build argument 'catkin_cmake_args' from command line to 'None'
[1.606s] Level 5:colcon.colcon_core.verb:set package 'lab_bot' build argument 'catkin_skip_building_tests' from command line to 'False'
[1.606s] DEBUG:colcon.colcon_core.verb:Building package 'lab_bot' with the following arguments: {'ament_cmake_args': None, 'build_base': '/home/lab/amr_ws/build/lab_bot', 'catkin_cmake_args': None, 'catkin_skip_building_tests': False, 'cmake_args': None, 'cmake_clean_cache': False, 'cmake_clean_first': False, 'cmake_force_configure': False, 'cmake_target': None, 'cmake_target_skip_unavailable': False, 'install_base': '/home/lab/amr_ws/install/lab_bot', 'merge_install': False, 'path': '/home/lab/amr_ws/src/lab_bot', 'symlink_install': False, 'test_result_base': None}
[1.607s] INFO:colcon.colcon_core.executor:Executing jobs using 'parallel' executor
[1.610s] DEBUG:colcon.colcon_parallel_executor.executor.parallel:run_until_complete
[1.611s] INFO:colcon.colcon_ros.task.ament_cmake.build:Building ROS package in '/home/lab/amr_ws/src/lab_bot' with build type 'ament_cmake'
[1.612s] INFO:colcon.colcon_cmake.task.cmake.build:Building CMake package in '/home/lab/amr_ws/src/lab_bot'
[1.622s] INFO:colcon.colcon_core.plugin_system:Skipping extension 'colcon_core.shell.bat': Not used on non-Windows systems
[1.623s] INFO:colcon.colcon_core.shell:Skip shell extension 'powershell' for command environment: Not usable outside of PowerShell
[1.623s] DEBUG:colcon.colcon_core.shell:Skip shell extension 'dsv' for command environment
[1.668s] DEBUG:colcon.colcon_core.event_handler.log_command:Invoking command in '/home/lab/amr_ws/build/lab_bot': CMAKE_PREFIX_PATH=${CMAKE_PREFIX_PATH}:/opt/ros/humble /usr/bin/cmake /home/lab/amr_ws/src/lab_bot -DCMAKE_INSTALL_PREFIX=/home/lab/amr_ws/install/lab_bot
[6.067s] DEBUG:colcon.colcon_core.event_handler.log_command:Invoked command in '/home/lab/amr_ws/build/lab_bot' returned '0': CMAKE_PREFIX_PATH=${CMAKE_PREFIX_PATH}:/opt/ros/humble /usr/bin/cmake /home/lab/amr_ws/src/lab_bot -DCMAKE_INSTALL_PREFIX=/home/lab/amr_ws/install/lab_bot
[6.076s] DEBUG:colcon.colcon_core.event_handler.log_command:Invoking command in '/home/lab/amr_ws/build/lab_bot': CMAKE_PREFIX_PATH=${CMAKE_PREFIX_PATH}:/opt/ros/humble /usr/bin/cmake --build /home/lab/amr_ws/build/lab_bot -- -j4 -l4
[6.227s] DEBUG:colcon.colcon_core.event_handler.log_command:Invoked command in '/home/lab/amr_ws/build/lab_bot' returned '0': CMAKE_PREFIX_PATH=${CMAKE_PREFIX_PATH}:/opt/ros/humble /usr/bin/cmake --build /home/lab/amr_ws/build/lab_bot -- -j4 -l4
[6.268s] DEBUG:colcon.colcon_core.event_handler.log_command:Invoking command in '/home/lab/amr_ws/build/lab_bot': CMAKE_PREFIX_PATH=${CMAKE_PREFIX_PATH}:/opt/ros/humble /usr/bin/cmake --install /home/lab/amr_ws/build/lab_bot
[7.147s] Level 1:colcon.colcon_core.environment:create_environment_scripts_only(lab_bot)
[7.149s] DEBUG:colcon.colcon_core.event_handler.log_command:Invoked command in '/home/lab/amr_ws/build/lab_bot' returned '0': CMAKE_PREFIX_PATH=${CMAKE_PREFIX_PATH}:/opt/ros/humble /usr/bin/cmake --install /home/lab/amr_ws/build/lab_bot
[7.160s] Level 1:colcon.colcon_core.environment:checking '/home/lab/amr_ws/install/lab_bot' for CMake module files
[7.163s] Level 1:colcon.colcon_core.environment:checking '/home/lab/amr_ws/install/lab_bot' for CMake config files
[7.167s] Level 1:colcon.colcon_core.shell:create_environment_hook('lab_bot', 'cmake_prefix_path')
[7.168s] INFO:colcon.colcon_core.shell:Creating environment hook '/home/lab/amr_ws/install/lab_bot/share/lab_bot/hook/cmake_prefix_path.ps1'
[7.171s] INFO:colcon.colcon_core.shell:Creating environment descriptor '/home/lab/amr_ws/install/lab_bot/share/lab_bot/hook/cmake_prefix_path.dsv'
[7.173s] INFO:colcon.colcon_core.shell:Creating environment hook '/home/lab/amr_ws/install/lab_bot/share/lab_bot/hook/cmake_prefix_path.sh'
[7.177s] Level 1:colcon.colcon_core.environment:checking '/home/lab/amr_ws/install/lab_bot/lib'
[7.178s] Level 1:colcon.colcon_core.environment:checking '/home/lab/amr_ws/install/lab_bot/bin'
[7.179s] Level 1:colcon.colcon_core.environment:checking '/home/lab/amr_ws/install/lab_bot/lib/pkgconfig/lab_bot.pc'
[7.180s] Level 1:colcon.colcon_core.environment:checking '/home/lab/amr_ws/install/lab_bot/lib/python3.10/site-packages'
[7.181s] Level 1:colcon.colcon_core.environment:checking '/home/lab/amr_ws/install/lab_bot/bin'
[7.182s] INFO:colcon.colcon_core.shell:Creating package script '/home/lab/amr_ws/install/lab_bot/share/lab_bot/package.ps1'
[7.187s] INFO:colcon.colcon_core.shell:Creating package descriptor '/home/lab/amr_ws/install/lab_bot/share/lab_bot/package.dsv'
[7.190s] INFO:colcon.colcon_core.shell:Creating package script '/home/lab/amr_ws/install/lab_bot/share/lab_bot/package.sh'
[7.193s] INFO:colcon.colcon_core.shell:Creating package script '/home/lab/amr_ws/install/lab_bot/share/lab_bot/package.bash'
[7.197s] INFO:colcon.colcon_core.shell:Creating package script '/home/lab/amr_ws/install/lab_bot/share/lab_bot/package.zsh'
[7.201s] Level 1:colcon.colcon_core.environment:create_file_with_runtime_dependencies(/home/lab/amr_ws/install/lab_bot/share/colcon-core/packages/lab_bot)
[7.204s] Level 1:colcon.colcon_core.environment:create_environment_scripts_only(lab_bot)
[7.205s] Level 1:colcon.colcon_core.environment:checking '/home/lab/amr_ws/install/lab_bot' for CMake module files
[7.208s] Level 1:colcon.colcon_core.environment:checking '/home/lab/amr_ws/install/lab_bot' for CMake config files
[7.211s] Level 1:colcon.colcon_core.shell:create_environment_hook('lab_bot', 'cmake_prefix_path')
[7.212s] INFO:colcon.colcon_core.shell:Creating environment hook '/home/lab/amr_ws/install/lab_bot/share/lab_bot/hook/cmake_prefix_path.ps1'
[7.214s] INFO:colcon.colcon_core.shell:Creating environment descriptor '/home/lab/amr_ws/install/lab_bot/share/lab_bot/hook/cmake_prefix_path.dsv'
[7.217s] INFO:colcon.colcon_core.shell:Creating environment hook '/home/lab/amr_ws/install/lab_bot/share/lab_bot/hook/cmake_prefix_path.sh'
[7.220s] Level 1:colcon.colcon_core.environment:checking '/home/lab/amr_ws/install/lab_bot/lib'
[7.220s] Level 1:colcon.colcon_core.environment:checking '/home/lab/amr_ws/install/lab_bot/bin'
[7.221s] Level 1:colcon.colcon_core.environment:checking '/home/lab/amr_ws/install/lab_bot/lib/pkgconfig/lab_bot.pc'
[7.222s] Level 1:colcon.colcon_core.environment:checking '/home/lab/amr_ws/install/lab_bot/lib/python3.10/site-packages'
[7.223s] Level 1:colcon.colcon_core.environment:checking '/home/lab/amr_ws/install/lab_bot/bin'
[7.224s] INFO:colcon.colcon_core.shell:Creating package script '/home/lab/amr_ws/install/lab_bot/share/lab_bot/package.ps1'
[7.227s] INFO:colcon.colcon_core.shell:Creating package descriptor '/home/lab/amr_ws/install/lab_bot/share/lab_bot/package.dsv'
[7.230s] INFO:colcon.colcon_core.shell:Creating package script '/home/lab/amr_ws/install/lab_bot/share/lab_bot/package.sh'
[7.232s] INFO:colcon.colcon_core.shell:Creating package script '/home/lab/amr_ws/install/lab_bot/share/lab_bot/package.bash'
[7.235s] INFO:colcon.colcon_core.shell:Creating package script '/home/lab/amr_ws/install/lab_bot/share/lab_bot/package.zsh'
[7.238s] Level 1:colcon.colcon_core.environment:create_file_with_runtime_dependencies(/home/lab/amr_ws/install/lab_bot/share/colcon-core/packages/lab_bot)
[7.239s] DEBUG:colcon.colcon_parallel_executor.executor.parallel:closing loop
[7.240s] DEBUG:colcon.colcon_parallel_executor.executor.parallel:loop closed
[7.241s] DEBUG:colcon.colcon_parallel_executor.executor.parallel:run_until_complete finished with '0'
[7.241s] DEBUG:colcon.colcon_core.event_reactor:joining thread
[7.243s] DEBUG:colcon.colcon_core.event_reactor:joined thread
[7.244s] INFO:colcon.colcon_core.shell:Creating prefix script '/home/lab/amr_ws/install/local_setup.ps1'
[7.248s] INFO:colcon.colcon_core.shell:Creating prefix util module '/home/lab/amr_ws/install/_local_setup_util_ps1.py'
[7.255s] INFO:colcon.colcon_core.shell:Creating prefix chain script '/home/lab/amr_ws/install/setup.ps1'
[7.262s] INFO:colcon.colcon_core.shell:Creating prefix script '/home/lab/amr_ws/install/local_setup.sh'
[7.265s] INFO:colcon.colcon_core.shell:Creating prefix util module '/home/lab/amr_ws/install/_local_setup_util_sh.py'
[7.267s] INFO:colcon.colcon_core.shell:Creating prefix chain script '/home/lab/amr_ws/install/setup.sh'
[7.273s] INFO:colcon.colcon_core.shell:Creating prefix script '/home/lab/amr_ws/install/local_setup.bash'
[7.276s] INFO:colcon.colcon_core.shell:Creating prefix chain script '/home/lab/amr_ws/install/setup.bash'
[7.282s] INFO:colcon.colcon_core.shell:Creating prefix script '/home/lab/amr_ws/install/local_setup.zsh'
[7.285s] INFO:colcon.colcon_core.shell:Creating prefix chain script '/home/lab/amr_ws/install/setup.zsh'
