[0.464s] DEBUG:colcon:Command line arguments: ['/usr/bin/colcon', 'build', '--packages-select', 'lab_bot']
[0.465s] DEBUG:colcon:Parsed command line arguments: Namespace(log_base=None, log_level=None, verb_name='build', build_base='build', install_base='install', merge_install=False, symlink_install=False, test_result_base=None, continue_on_error=False, executor='parallel', parallel_workers=4, event_handlers=None, ignore_user_meta=False, metas=['./colcon.meta'], base_paths=['.'], packages_ignore=None, packages_ignore_regex=None, paths=None, packages_up_to=None, packages_up_to_regex=None, packages_above=None, packages_above_and_dependencies=None, packages_above_depth=None, packages_select_by_dep=None, packages_skip_by_dep=None, packages_skip_up_to=None, packages_select_build_failed=False, packages_skip_build_finished=False, packages_select_test_failures=False, packages_skip_test_passed=False, packages_select=['lab_bot'], packages_skip=None, packages_select_regex=None, packages_skip_regex=None, packages_start=None, packages_end=None, allow_overriding=[], cmake_args=None, cmake_target=None, cmake_target_skip_unavailable=False, cmake_clean_cache=False, cmake_clean_first=False, cmake_force_configure=False, ament_cmake_args=None, catkin_cmake_args=None, catkin_skip_building_tests=False, verb_parser=<colcon_defaults.argument_parser.defaults.DefaultArgumentsDecorator object at 0xffff7e0eaa40>, verb_extension=<colcon_core.verb.build.BuildVerb object at 0xffff7e2301f0>, main=<bound method BuildVerb.main of <colcon_core.verb.build.BuildVerb object at 0xffff7e2301f0>>)
[1.235s] Level 1:colcon.colcon_core.package_discovery:discover_packages(colcon_meta) check parameters
[1.236s] Level 1:colcon.colcon_core.package_discovery:discover_packages(recursive) check parameters
[1.236s] Level 1:colcon.colcon_core.package_discovery:discover_packages(ignore) check parameters
[1.236s] Level 1:colcon.colcon_core.package_discovery:discover_packages(path) check parameters
[1.237s] Level 1:colcon.colcon_core.package_discovery:discover_packages(colcon_meta) discover
[1.237s] Level 1:colcon.colcon_core.package_discovery:discover_packages(recursive) discover
[1.238s] INFO:colcon.colcon_core.package_discovery:Crawling recursively for packages in '/home/lab/amr_ws'
[1.238s] Level 1:colcon.colcon_core.package_identification:_identify(.) by extensions ['ignore', 'ignore_ament_install']
[1.239s] Level 1:colcon.colcon_core.package_identification:_identify(.) by extension 'ignore'
[1.239s] Level 1:colcon.colcon_core.package_identification:_identify(.) by extension 'ignore_ament_install'
[1.239s] Level 1:colcon.colcon_core.package_identification:_identify(.) by extensions ['colcon_pkg']
[1.240s] Level 1:colcon.colcon_core.package_identification:_identify(.) by extension 'colcon_pkg'
[1.240s] Level 1:colcon.colcon_core.package_identification:_identify(.) by extensions ['colcon_meta']
[1.240s] Level 1:colcon.colcon_core.package_identification:_identify(.) by extension 'colcon_meta'
[1.240s] Level 1:colcon.colcon_core.package_identification:_identify(.) by extensions ['ros']
[1.240s] Level 1:colcon.colcon_core.package_identification:_identify(.) by extension 'ros'
[1.292s] Level 1:colcon.colcon_core.package_identification:_identify(.) by extensions ['cmake', 'python']
[1.292s] Level 1:colcon.colcon_core.package_identification:_identify(.) by extension 'cmake'
[1.292s] Level 1:colcon.colcon_core.package_identification:_identify(.) by extension 'python'
[1.292s] Level 1:colcon.colcon_core.package_identification:_identify(.) by extensions ['python_setup_py']
[1.293s] Level 1:colcon.colcon_core.package_identification:_identify(.) by extension 'python_setup_py'
[1.293s] Level 1:colcon.colcon_core.package_identification:_identify(build) by extensions ['ignore', 'ignore_ament_install']
[1.294s] Level 1:colcon.colcon_core.package_identification:_identify(build) by extension 'ignore'
[1.294s] Level 1:colcon.colcon_core.package_identification:_identify(build) ignored
[1.294s] Level 1:colcon.colcon_core.package_identification:_identify(install) by extensions ['ignore', 'ignore_ament_install']
[1.295s] Level 1:colcon.colcon_core.package_identification:_identify(install) by extension 'ignore'
[1.295s] Level 1:colcon.colcon_core.package_identification:_identify(install) ignored
[1.296s] Level 1:colcon.colcon_core.package_identification:_identify(log) by extensions ['ignore', 'ignore_ament_install']
[1.296s] Level 1:colcon.colcon_core.package_identification:_identify(log) by extension 'ignore'
[1.297s] Level 1:colcon.colcon_core.package_identification:_identify(log) ignored
[1.298s] Level 1:colcon.colcon_core.package_identification:_identify(src) by extensions ['ignore', 'ignore_ament_install']
[1.298s] Level 1:colcon.colcon_core.package_identification:_identify(src) by extension 'ignore'
[1.299s] Level 1:colcon.colcon_core.package_identification:_identify(src) by extension 'ignore_ament_install'
[1.299s] Level 1:colcon.colcon_core.package_identification:_identify(src) by extensions ['colcon_pkg']
[1.299s] Level 1:colcon.colcon_core.package_identification:_identify(src) by extension 'colcon_pkg'
[1.299s] Level 1:colcon.colcon_core.package_identification:_identify(src) by extensions ['colcon_meta']
[1.299s] Level 1:colcon.colcon_core.package_identification:_identify(src) by extension 'colcon_meta'
[1.300s] Level 1:colcon.colcon_core.package_identification:_identify(src) by extensions ['ros']
[1.300s] Level 1:colcon.colcon_core.package_identification:_identify(src) by extension 'ros'
[1.301s] Level 1:colcon.colcon_core.package_identification:_identify(src) by extensions ['cmake', 'python']
[1.301s] Level 1:colcon.colcon_core.package_identification:_identify(src) by extension 'cmake'
[1.301s] Level 1:colcon.colcon_core.package_identification:_identify(src) by extension 'python'
[1.301s] Level 1:colcon.colcon_core.package_identification:_identify(src) by extensions ['python_setup_py']
[1.302s] Level 1:colcon.colcon_core.package_identification:_identify(src) by extension 'python_setup_py'
[1.302s] Level 1:colcon.colcon_core.package_identification:_identify(src/lab_bot) by extensions ['ignore', 'ignore_ament_install']
[1.303s] Level 1:colcon.colcon_core.package_identification:_identify(src/lab_bot) by extension 'ignore'
[1.303s] Level 1:colcon.colcon_core.package_identification:_identify(src/lab_bot) by extension 'ignore_ament_install'
[1.303s] Level 1:colcon.colcon_core.package_identification:_identify(src/lab_bot) by extensions ['colcon_pkg']
[1.303s] Level 1:colcon.colcon_core.package_identification:_identify(src/lab_bot) by extension 'colcon_pkg'
[1.304s] Level 1:colcon.colcon_core.package_identification:_identify(src/lab_bot) by extensions ['colcon_meta']
[1.304s] Level 1:colcon.colcon_core.package_identification:_identify(src/lab_bot) by extension 'colcon_meta'
[1.304s] Level 1:colcon.colcon_core.package_identification:_identify(src/lab_bot) by extensions ['ros']
[1.304s] Level 1:colcon.colcon_core.package_identification:_identify(src/lab_bot) by extension 'ros'
[1.314s] DEBUG:colcon.colcon_core.package_identification:Package 'src/lab_bot' with type 'ros.ament_cmake' and name 'lab_bot'
[1.314s] Level 1:colcon.colcon_core.package_discovery:discover_packages(recursive) using defaults
[1.315s] Level 1:colcon.colcon_core.package_discovery:discover_packages(ignore) discover
[1.315s] Level 1:colcon.colcon_core.package_discovery:discover_packages(ignore) using defaults
[1.315s] Level 1:colcon.colcon_core.package_discovery:discover_packages(path) discover
[1.315s] Level 1:colcon.colcon_core.package_discovery:discover_packages(path) using defaults
[1.396s] Level 1:colcon.colcon_core.package_discovery:discover_packages(prefix_path) check parameters
[1.396s] Level 1:colcon.colcon_core.package_discovery:discover_packages(prefix_path) discover
[1.407s] DEBUG:colcon.colcon_installed_package_information.package_discovery:Found 1 installed packages in /home/lab/amr_ws/install
[1.409s] DEBUG:colcon.colcon_installed_package_information.package_discovery:Found 2 installed packages in /home/lab/giabao_ws/amr_ws/install
[1.412s] DEBUG:colcon.colcon_installed_package_information.package_discovery:Found 2 installed packages in /home/lab/install
[1.423s] DEBUG:colcon.colcon_installed_package_information.package_discovery:Found 296 installed packages in /opt/ros/humble
[1.430s] Level 1:colcon.colcon_core.package_discovery:discover_packages(prefix_path) using defaults
[1.664s] Level 5:colcon.colcon_core.verb:set package 'lab_bot' build argument 'cmake_args' from command line to 'None'
[1.664s] Level 5:colcon.colcon_core.verb:set package 'lab_bot' build argument 'cmake_target' from command line to 'None'
[1.664s] Level 5:colcon.colcon_core.verb:set package 'lab_bot' build argument 'cmake_target_skip_unavailable' from command line to 'False'
[1.664s] Level 5:colcon.colcon_core.verb:set package 'lab_bot' build argument 'cmake_clean_cache' from command line to 'False'
[1.664s] Level 5:colcon.colcon_core.verb:set package 'lab_bot' build argument 'cmake_clean_first' from command line to 'False'
[1.665s] Level 5:colcon.colcon_core.verb:set package 'lab_bot' build argument 'cmake_force_configure' from command line to 'False'
[1.665s] Level 5:colcon.colcon_core.verb:set package 'lab_bot' build argument 'ament_cmake_args' from command line to 'None'
[1.665s] Level 5:colcon.colcon_core.verb:set package 'lab_bot' build argument 'catkin_cmake_args' from command line to 'None'
[1.665s] Level 5:colcon.colcon_core.verb:set package 'lab_bot' build argument 'catkin_skip_building_tests' from command line to 'False'
[1.665s] DEBUG:colcon.colcon_core.verb:Building package 'lab_bot' with the following arguments: {'ament_cmake_args': None, 'build_base': '/home/lab/amr_ws/build/lab_bot', 'catkin_cmake_args': None, 'catkin_skip_building_tests': False, 'cmake_args': None, 'cmake_clean_cache': False, 'cmake_clean_first': False, 'cmake_force_configure': False, 'cmake_target': None, 'cmake_target_skip_unavailable': False, 'install_base': '/home/lab/amr_ws/install/lab_bot', 'merge_install': False, 'path': '/home/lab/amr_ws/src/lab_bot', 'symlink_install': False, 'test_result_base': None}
[1.666s] INFO:colcon.colcon_core.executor:Executing jobs using 'parallel' executor
[1.669s] DEBUG:colcon.colcon_parallel_executor.executor.parallel:run_until_complete
[1.671s] INFO:colcon.colcon_ros.task.ament_cmake.build:Building ROS package in '/home/lab/amr_ws/src/lab_bot' with build type 'ament_cmake'
[1.671s] INFO:colcon.colcon_cmake.task.cmake.build:Building CMake package in '/home/lab/amr_ws/src/lab_bot'
[1.680s] INFO:colcon.colcon_core.plugin_system:Skipping extension 'colcon_core.shell.bat': Not used on non-Windows systems
[1.681s] INFO:colcon.colcon_core.shell:Skip shell extension 'powershell' for command environment: Not usable outside of PowerShell
[1.682s] DEBUG:colcon.colcon_core.shell:Skip shell extension 'dsv' for command environment
[1.737s] DEBUG:colcon.colcon_core.event_handler.log_command:Invoking command in '/home/lab/amr_ws/build/lab_bot': CMAKE_PREFIX_PATH=${CMAKE_PREFIX_PATH}:/opt/ros/humble /usr/bin/cmake --build /home/lab/amr_ws/build/lab_bot -- -j4 -l4
[1.882s] DEBUG:colcon.colcon_core.event_handler.log_command:Invoked command in '/home/lab/amr_ws/build/lab_bot' returned '0': CMAKE_PREFIX_PATH=${CMAKE_PREFIX_PATH}:/opt/ros/humble /usr/bin/cmake --build /home/lab/amr_ws/build/lab_bot -- -j4 -l4
[1.924s] DEBUG:colcon.colcon_core.event_handler.log_command:Invoking command in '/home/lab/amr_ws/build/lab_bot': CMAKE_PREFIX_PATH=${CMAKE_PREFIX_PATH}:/opt/ros/humble /usr/bin/cmake --install /home/lab/amr_ws/build/lab_bot
[1.979s] Level 1:colcon.colcon_core.environment:create_environment_scripts_only(lab_bot)
[2.005s] DEBUG:colcon.colcon_core.event_handler.log_command:Invoked command in '/home/lab/amr_ws/build/lab_bot' returned '0': CMAKE_PREFIX_PATH=${CMAKE_PREFIX_PATH}:/opt/ros/humble /usr/bin/cmake --install /home/lab/amr_ws/build/lab_bot
[2.008s] Level 1:colcon.colcon_core.environment:checking '/home/lab/amr_ws/install/lab_bot' for CMake module files
[2.012s] Level 1:colcon.colcon_core.environment:checking '/home/lab/amr_ws/install/lab_bot' for CMake config files
[2.016s] Level 1:colcon.colcon_core.shell:create_environment_hook('lab_bot', 'cmake_prefix_path')
[2.018s] INFO:colcon.colcon_core.shell:Creating environment hook '/home/lab/amr_ws/install/lab_bot/share/lab_bot/hook/cmake_prefix_path.ps1'
[2.021s] INFO:colcon.colcon_core.shell:Creating environment descriptor '/home/lab/amr_ws/install/lab_bot/share/lab_bot/hook/cmake_prefix_path.dsv'
[2.023s] INFO:colcon.colcon_core.shell:Creating environment hook '/home/lab/amr_ws/install/lab_bot/share/lab_bot/hook/cmake_prefix_path.sh'
[2.027s] Level 1:colcon.colcon_core.environment:checking '/home/lab/amr_ws/install/lab_bot/lib'
[2.028s] Level 1:colcon.colcon_core.environment:checking '/home/lab/amr_ws/install/lab_bot/bin'
[2.028s] Level 1:colcon.colcon_core.environment:checking '/home/lab/amr_ws/install/lab_bot/lib/pkgconfig/lab_bot.pc'
[2.030s] Level 1:colcon.colcon_core.environment:checking '/home/lab/amr_ws/install/lab_bot/lib/python3.10/site-packages'
[2.031s] Level 1:colcon.colcon_core.environment:checking '/home/lab/amr_ws/install/lab_bot/bin'
[2.032s] INFO:colcon.colcon_core.shell:Creating package script '/home/lab/amr_ws/install/lab_bot/share/lab_bot/package.ps1'
[2.038s] INFO:colcon.colcon_core.shell:Creating package descriptor '/home/lab/amr_ws/install/lab_bot/share/lab_bot/package.dsv'
[2.040s] INFO:colcon.colcon_core.shell:Creating package script '/home/lab/amr_ws/install/lab_bot/share/lab_bot/package.sh'
[2.044s] INFO:colcon.colcon_core.shell:Creating package script '/home/lab/amr_ws/install/lab_bot/share/lab_bot/package.bash'
[2.047s] INFO:colcon.colcon_core.shell:Creating package script '/home/lab/amr_ws/install/lab_bot/share/lab_bot/package.zsh'
[2.051s] Level 1:colcon.colcon_core.environment:create_file_with_runtime_dependencies(/home/lab/amr_ws/install/lab_bot/share/colcon-core/packages/lab_bot)
[2.054s] Level 1:colcon.colcon_core.environment:create_environment_scripts_only(lab_bot)
[2.055s] Level 1:colcon.colcon_core.environment:checking '/home/lab/amr_ws/install/lab_bot' for CMake module files
[2.059s] Level 1:colcon.colcon_core.environment:checking '/home/lab/amr_ws/install/lab_bot' for CMake config files
[2.062s] Level 1:colcon.colcon_core.shell:create_environment_hook('lab_bot', 'cmake_prefix_path')
[2.063s] INFO:colcon.colcon_core.shell:Creating environment hook '/home/lab/amr_ws/install/lab_bot/share/lab_bot/hook/cmake_prefix_path.ps1'
[2.066s] INFO:colcon.colcon_core.shell:Creating environment descriptor '/home/lab/amr_ws/install/lab_bot/share/lab_bot/hook/cmake_prefix_path.dsv'
[2.067s] INFO:colcon.colcon_core.shell:Creating environment hook '/home/lab/amr_ws/install/lab_bot/share/lab_bot/hook/cmake_prefix_path.sh'
[2.071s] Level 1:colcon.colcon_core.environment:checking '/home/lab/amr_ws/install/lab_bot/lib'
[2.071s] Level 1:colcon.colcon_core.environment:checking '/home/lab/amr_ws/install/lab_bot/bin'
[2.072s] Level 1:colcon.colcon_core.environment:checking '/home/lab/amr_ws/install/lab_bot/lib/pkgconfig/lab_bot.pc'
[2.073s] Level 1:colcon.colcon_core.environment:checking '/home/lab/amr_ws/install/lab_bot/lib/python3.10/site-packages'
[2.074s] Level 1:colcon.colcon_core.environment:checking '/home/lab/amr_ws/install/lab_bot/bin'
[2.076s] INFO:colcon.colcon_core.shell:Creating package script '/home/lab/amr_ws/install/lab_bot/share/lab_bot/package.ps1'
[2.079s] INFO:colcon.colcon_core.shell:Creating package descriptor '/home/lab/amr_ws/install/lab_bot/share/lab_bot/package.dsv'
[2.082s] INFO:colcon.colcon_core.shell:Creating package script '/home/lab/amr_ws/install/lab_bot/share/lab_bot/package.sh'
[2.084s] INFO:colcon.colcon_core.shell:Creating package script '/home/lab/amr_ws/install/lab_bot/share/lab_bot/package.bash'
[2.086s] INFO:colcon.colcon_core.shell:Creating package script '/home/lab/amr_ws/install/lab_bot/share/lab_bot/package.zsh'
[2.089s] Level 1:colcon.colcon_core.environment:create_file_with_runtime_dependencies(/home/lab/amr_ws/install/lab_bot/share/colcon-core/packages/lab_bot)
[2.091s] DEBUG:colcon.colcon_parallel_executor.executor.parallel:closing loop
[2.092s] DEBUG:colcon.colcon_parallel_executor.executor.parallel:loop closed
[2.092s] DEBUG:colcon.colcon_parallel_executor.executor.parallel:run_until_complete finished with '0'
[2.092s] DEBUG:colcon.colcon_core.event_reactor:joining thread
[2.095s] DEBUG:colcon.colcon_core.event_reactor:joined thread
[2.096s] INFO:colcon.colcon_core.shell:Creating prefix script '/home/lab/amr_ws/install/local_setup.ps1'
[2.101s] INFO:colcon.colcon_core.shell:Creating prefix util module '/home/lab/amr_ws/install/_local_setup_util_ps1.py'
[2.108s] INFO:colcon.colcon_core.shell:Creating prefix chain script '/home/lab/amr_ws/install/setup.ps1'
[2.116s] INFO:colcon.colcon_core.shell:Creating prefix script '/home/lab/amr_ws/install/local_setup.sh'
[2.119s] INFO:colcon.colcon_core.shell:Creating prefix util module '/home/lab/amr_ws/install/_local_setup_util_sh.py'
[2.122s] INFO:colcon.colcon_core.shell:Creating prefix chain script '/home/lab/amr_ws/install/setup.sh'
[2.128s] INFO:colcon.colcon_core.shell:Creating prefix script '/home/lab/amr_ws/install/local_setup.bash'
[2.131s] INFO:colcon.colcon_core.shell:Creating prefix chain script '/home/lab/amr_ws/install/setup.bash'
[2.137s] INFO:colcon.colcon_core.shell:Creating prefix script '/home/lab/amr_ws/install/local_setup.zsh'
[2.140s] INFO:colcon.colcon_core.shell:Creating prefix chain script '/home/lab/amr_ws/install/setup.zsh'
