[0.072s] Invoking command in '/home/lab/amr_ws/build/lab_bot': CMAKE_PREFIX_PATH=${CMAKE_PREFIX_PATH}:/opt/ros/humble /usr/bin/cmake /home/lab/amr_ws/src/lab_bot -DAMENT_CMAKE_SYMLINK_INSTALL=1 -DCMAKE_INSTALL_PREFIX=/home/lab/amr_ws/install/lab_bot
[0.354s] -- Found ament_cmake: 1.3.14 (/opt/ros/humble/share/ament_cmake/cmake)
[0.922s] -- Override CMake install command with custom implementation using symlinks instead of copying resources
[1.318s] -- Configuring done
[1.349s] -- Generating done
[1.359s] -- Build files have been written to: /home/lab/amr_ws/build/lab_bot
[1.375s] Invoked command in '/home/lab/amr_ws/build/lab_bot' returned '0': CMAKE_PREFIX_PATH=${CMAKE_PREFIX_PATH}:/opt/ros/humble /usr/bin/cmake /home/lab/amr_ws/src/lab_bot -DAMENT_CMAKE_SYMLINK_INSTALL=1 -DCMAKE_INSTALL_PREFIX=/home/lab/amr_ws/install/lab_bot
[1.388s] Invoking command in '/home/lab/amr_ws/build/lab_bot': CMAKE_PREFIX_PATH=${CMAKE_PREFIX_PATH}:/opt/ros/humble /usr/bin/cmake --build /home/lab/amr_ws/build/lab_bot -- -j4 -l4
[1.543s] Invoked command in '/home/lab/amr_ws/build/lab_bot' returned '0': CMAKE_PREFIX_PATH=${CMAKE_PREFIX_PATH}:/opt/ros/humble /usr/bin/cmake --build /home/lab/amr_ws/build/lab_bot -- -j4 -l4
[1.584s] Invoking command in '/home/lab/amr_ws/build/lab_bot': CMAKE_PREFIX_PATH=${CMAKE_PREFIX_PATH}:/opt/ros/humble /usr/bin/cmake --install /home/lab/amr_ws/build/lab_bot
[1.611s] -- Install configuration: ""
[1.613s] -- Execute custom install script
[1.615s] -- Symlinking: /home/lab/amr_ws/install/lab_bot/share/lab_bot/launch/Lidar.launch.py
[1.645s] -- Symlinking: /home/lab/amr_ws/install/lab_bot/share/lab_bot/launch/bringup.launch.py
[1.679s] -- Symlinking: /home/lab/amr_ws/install/lab_bot/share/lab_bot/launch/cmd_vel_sender.launch.py
[1.711s] -- Symlinking: /home/lab/amr_ws/install/lab_bot/share/lab_bot/launch/mapping.launch.py
[1.742s] -- Symlinking: /home/lab/amr_ws/install/lab_bot/share/lab_bot/launch/nav_rl.launch.py
[1.774s] -- Symlinking: /home/lab/amr_ws/install/lab_bot/share/lab_bot/launch/odom_publisher.py
[1.806s] -- Symlinking: /home/lab/amr_ws/install/lab_bot/share/lab_bot/launch/odom_receive.py
[1.837s] -- Symlinking: /home/lab/amr_ws/install/lab_bot/share/lab_bot/launch/slam.launch.py
[1.869s] -- Symlinking: /home/lab/amr_ws/install/lab_bot/share/lab_bot/launch/slam_rl.launch.py
[1.900s] -- Symlinking: /home/lab/amr_ws/install/lab_bot/share/lab_bot/config/lab_params.yaml
[1.932s] -- Symlinking: /home/lab/amr_ws/install/lab_bot/share/lab_bot/config/nav_rl_params.yaml
[1.963s] -- Symlinking: /home/lab/amr_ws/install/lab_bot/share/lab_bot/config/rplidar.yaml
[1.995s] -- Symlinking: /home/lab/amr_ws/install/lab_bot/share/lab_bot/config/slam_localization_params.yaml
[2.029s] -- Symlinking: /home/lab/amr_ws/install/lab_bot/share/lab_bot/config/slam_params_rl.yaml
[2.062s] -- Symlinking: /home/lab/amr_ws/install/lab_bot/share/lab_bot/config/slam_rl_params.yaml
[2.093s] -- Symlinking: /home/lab/amr_ws/install/lab_bot/share/lab_bot/config/slam_toolbox.yaml
[2.125s] -- Symlinking: /home/lab/amr_ws/install/lab_bot/share/lab_bot/maps/NewLidar_edited.pgm
[2.159s] -- Symlinking: /home/lab/amr_ws/install/lab_bot/share/lab_bot/maps/NewLidar_edited.yaml
[2.192s] -- Symlinking: /home/lab/amr_ws/install/lab_bot/share/lab_bot/urdf/base.urdf.xacro
[2.224s] -- Symlinking: /home/lab/amr_ws/install/lab_bot/share/lab_bot/urdf/gazebo.urdf.xacro
[2.255s] -- Symlinking: /home/lab/amr_ws/install/lab_bot/share/lab_bot/urdf/lab_bot.urdf.xacro
[2.287s] -- Symlinking: /home/lab/amr_ws/install/lab_bot/share/lab_bot/urdf/lab_robot.urdf.xacro
[2.318s] -- Symlinking: /home/lab/amr_ws/install/lab_bot/share/lab_bot/urdf/macros.urdf.xacro
[2.349s] -- Symlinking: /home/lab/amr_ws/install/lab_bot/share/lab_bot/urdf/materials.urdf.xacro
[2.382s] -- Symlinking: /home/lab/amr_ws/install/lab_bot/share/lab_bot/urdf/properties.urdf.xacro
[2.414s] -- Symlinking: /home/lab/amr_ws/install/lab_bot/share/lab_bot/urdf/sensors.urdf.xacro
[2.445s] -- Symlinking: /home/lab/amr_ws/install/lab_bot/share/lab_bot/urdf/wheels.urdf.xacro
[2.478s] -- Symlinking: /home/lab/amr_ws/install/lab_bot/share/lab_bot/my_worlds/worlds/lab_office.world
[2.510s] -- Symlinking: /home/lab/amr_ws/install/lab_bot/share/lab_bot/my_worlds/worlds/lab_office_official.world
[2.541s] -- Symlinking: /home/lab/amr_ws/install/lab_bot/share/lab_bot/rviz/robot.rviz
[2.574s] -- Symlinking: /home/lab/amr_ws/install/lab_bot/lib/lab_bot/odom_receiver.py
[2.605s] -- Symlinking: /home/lab/amr_ws/install/lab_bot/lib/lab_bot/cmd_vel_sender.py
[2.637s] -- Symlinking: /home/lab/amr_ws/install/lab_bot/lib/lab_bot/scan_filter.py
[2.669s] -- Symlinking: /home/lab/amr_ws/install/lab_bot/share/ament_index/resource_index/package_run_dependencies/lab_bot
[2.701s] -- Symlinking: /home/lab/amr_ws/install/lab_bot/share/ament_index/resource_index/parent_prefix_path/lab_bot
[2.734s] -- Symlinking: /home/lab/amr_ws/install/lab_bot/share/lab_bot/environment/ament_prefix_path.sh
[2.766s] -- Symlinking: /home/lab/amr_ws/install/lab_bot/share/lab_bot/environment/ament_prefix_path.dsv
[2.798s] -- Symlinking: /home/lab/amr_ws/install/lab_bot/share/lab_bot/environment/path.sh
[2.830s] -- Symlinking: /home/lab/amr_ws/install/lab_bot/share/lab_bot/environment/path.dsv
[2.862s] -- Symlinking: /home/lab/amr_ws/install/lab_bot/share/lab_bot/local_setup.bash
[2.894s] -- Symlinking: /home/lab/amr_ws/install/lab_bot/share/lab_bot/local_setup.sh
[2.926s] -- Symlinking: /home/lab/amr_ws/install/lab_bot/share/lab_bot/local_setup.zsh
[2.958s] -- Symlinking: /home/lab/amr_ws/install/lab_bot/share/lab_bot/local_setup.dsv
[2.990s] -- Symlinking: /home/lab/amr_ws/install/lab_bot/share/lab_bot/package.dsv
[3.024s] -- Symlinking: /home/lab/amr_ws/install/lab_bot/share/ament_index/resource_index/packages/lab_bot
[3.058s] -- Symlinking: /home/lab/amr_ws/install/lab_bot/share/lab_bot/cmake/lab_botConfig.cmake
[3.090s] -- Symlinking: /home/lab/amr_ws/install/lab_bot/share/lab_bot/cmake/lab_botConfig-version.cmake
[3.122s] -- Symlinking: /home/lab/amr_ws/install/lab_bot/share/lab_bot/package.xml
[3.159s] Invoked command in '/home/lab/amr_ws/build/lab_bot' returned '0': CMAKE_PREFIX_PATH=${CMAKE_PREFIX_PATH}:/opt/ros/humble /usr/bin/cmake --install /home/lab/amr_ws/build/lab_bot
