[0.050s] Invoking command in '/home/lab/amr_ws/build/lab_bot': CMAKE_PREFIX_PATH=${CMAKE_PREFIX_PATH}:/opt/ros/humble /usr/bin/cmake /home/lab/amr_ws/src/lab_bot -DCMAKE_INSTALL_PREFIX=/home/lab/amr_ws/install/lab_bot
[1.154s] -- The C compiler identification is GNU 11.4.0
[1.889s] -- The CXX compiler identification is GNU 11.4.0
[1.932s] -- Detecting C compiler ABI info
[2.286s] -- Detecting C compiler ABI info - done
[2.310s] -- Check for working C compiler: /usr/bin/cc - skipped
[2.314s] -- Detecting C compile features
[2.318s] -- Detecting C compile features - done
[2.334s] -- Detecting CXX compiler ABI info
[2.707s] -- Detecting CXX compiler ABI info - done
[2.733s] -- Check for working CXX compiler: /usr/bin/c++ - skipped
[2.734s] -- Detecting CXX compile features
[2.736s] -- Detecting CXX compile features - done
[2.793s] -- Found ament_cmake: 1.3.14 (/opt/ros/humble/share/ament_cmake/cmake)
[3.457s] -- Found Python3: /usr/bin/python3 (found version "3.10.12") found components: Interpreter 
[4.411s] -- Configuring done
[4.431s] -- Generating done
[4.439s] -- Build files have been written to: /home/lab/amr_ws/build/lab_bot
[4.454s] Invoked command in '/home/lab/amr_ws/build/lab_bot' returned '0': CMAKE_PREFIX_PATH=${CMAKE_PREFIX_PATH}:/opt/ros/humble /usr/bin/cmake /home/lab/amr_ws/src/lab_bot -DCMAKE_INSTALL_PREFIX=/home/lab/amr_ws/install/lab_bot
[4.463s] Invoking command in '/home/lab/amr_ws/build/lab_bot': CMAKE_PREFIX_PATH=${CMAKE_PREFIX_PATH}:/opt/ros/humble /usr/bin/cmake --build /home/lab/amr_ws/build/lab_bot -- -j4 -l4
[4.614s] Invoked command in '/home/lab/amr_ws/build/lab_bot' returned '0': CMAKE_PREFIX_PATH=${CMAKE_PREFIX_PATH}:/opt/ros/humble /usr/bin/cmake --build /home/lab/amr_ws/build/lab_bot -- -j4 -l4
[4.655s] Invoking command in '/home/lab/amr_ws/build/lab_bot': CMAKE_PREFIX_PATH=${CMAKE_PREFIX_PATH}:/opt/ros/humble /usr/bin/cmake --install /home/lab/amr_ws/build/lab_bot
[4.685s] -- Install configuration: ""
[4.685s] -- Installing: /home/lab/amr_ws/install/lab_bot/share/lab_bot/launch
[4.686s] -- Installing: /home/lab/amr_ws/install/lab_bot/share/lab_bot/launch/cmd_vel_sender.launch.py
[4.686s] -- Installing: /home/lab/amr_ws/install/lab_bot/share/lab_bot/launch/odom_publisher.py
[4.687s] -- Installing: /home/lab/amr_ws/install/lab_bot/share/lab_bot/launch/nav_rl.launch.py
[4.688s] -- Installing: /home/lab/amr_ws/install/lab_bot/share/lab_bot/launch/slam_rl.launch.py
[4.689s] -- Installing: /home/lab/amr_ws/install/lab_bot/share/lab_bot/launch/slam.launch.py
[4.690s] -- Installing: /home/lab/amr_ws/install/lab_bot/share/lab_bot/launch/Lidar.launch.py
[4.691s] -- Installing: /home/lab/amr_ws/install/lab_bot/share/lab_bot/launch/bringup.launch.py
[4.691s] -- Installing: /home/lab/amr_ws/install/lab_bot/share/lab_bot/launch/mapping.launch.py
[4.692s] -- Installing: /home/lab/amr_ws/install/lab_bot/share/lab_bot/launch/odom_receive.py
[4.693s] -- Installing: /home/lab/amr_ws/install/lab_bot/share/lab_bot/config
[4.694s] -- Installing: /home/lab/amr_ws/install/lab_bot/share/lab_bot/config/slam_localization_params.yaml
[4.695s] -- Installing: /home/lab/amr_ws/install/lab_bot/share/lab_bot/config/slam_rl_params.yaml
[4.696s] -- Installing: /home/lab/amr_ws/install/lab_bot/share/lab_bot/config/rplidar.yaml
[4.696s] -- Installing: /home/lab/amr_ws/install/lab_bot/share/lab_bot/config/slam_params_rl.yaml
[4.697s] -- Installing: /home/lab/amr_ws/install/lab_bot/share/lab_bot/config/slam_toolbox.yaml
[4.698s] -- Installing: /home/lab/amr_ws/install/lab_bot/share/lab_bot/config/nav_rl_params.yaml
[4.699s] -- Installing: /home/lab/amr_ws/install/lab_bot/share/lab_bot/config/lab_params.yaml
[4.700s] -- Installing: /home/lab/amr_ws/install/lab_bot/share/lab_bot/maps
[4.701s] -- Installing: /home/lab/amr_ws/install/lab_bot/share/lab_bot/maps/lab_map.pgm
[4.702s] -- Installing: /home/lab/amr_ws/install/lab_bot/share/lab_bot/maps/lab_office_map.posegraph
[5.051s] -- Installing: /home/lab/amr_ws/install/lab_bot/share/lab_bot/maps/lab_map.yaml
[5.052s] -- Installing: /home/lab/amr_ws/install/lab_bot/share/lab_bot/maps/lab_map.data
[5.099s] -- Installing: /home/lab/amr_ws/install/lab_bot/share/lab_bot/maps/lab_office_map.data
[5.176s] -- Installing: /home/lab/amr_ws/install/lab_bot/share/lab_bot/maps/lab_office_map.yaml
[5.177s] -- Installing: /home/lab/amr_ws/install/lab_bot/share/lab_bot/maps/lab_map.posegraph
[5.492s] -- Installing: /home/lab/amr_ws/install/lab_bot/share/lab_bot/urdf
[5.493s] -- Installing: /home/lab/amr_ws/install/lab_bot/share/lab_bot/urdf/base.urdf.xacro
[5.494s] -- Installing: /home/lab/amr_ws/install/lab_bot/share/lab_bot/urdf/materials.urdf.xacro
[5.495s] -- Installing: /home/lab/amr_ws/install/lab_bot/share/lab_bot/urdf/lab_robot.urdf.xacro
[5.496s] -- Installing: /home/lab/amr_ws/install/lab_bot/share/lab_bot/urdf/gazebo.urdf.xacro
[5.497s] -- Installing: /home/lab/amr_ws/install/lab_bot/share/lab_bot/urdf/lab_bot.urdf.xacro
[5.499s] -- Installing: /home/lab/amr_ws/install/lab_bot/share/lab_bot/urdf/wheels.urdf.xacro
[5.500s] -- Installing: /home/lab/amr_ws/install/lab_bot/share/lab_bot/urdf/macros.urdf.xacro
[5.501s] -- Installing: /home/lab/amr_ws/install/lab_bot/share/lab_bot/urdf/properties.urdf.xacro
[5.502s] -- Installing: /home/lab/amr_ws/install/lab_bot/share/lab_bot/urdf/sensors.urdf.xacro
[5.503s] -- Installing: /home/lab/amr_ws/install/lab_bot/share/lab_bot/my_worlds
[5.505s] -- Installing: /home/lab/amr_ws/install/lab_bot/share/lab_bot/my_worlds/models
[5.506s] -- Installing: /home/lab/amr_ws/install/lab_bot/share/lab_bot/my_worlds/worlds
[5.507s] -- Installing: /home/lab/amr_ws/install/lab_bot/share/lab_bot/my_worlds/worlds/lab_office.world
[5.507s] -- Installing: /home/lab/amr_ws/install/lab_bot/share/lab_bot/my_worlds/worlds/lab_office_official.world
[5.508s] -- Installing: /home/lab/amr_ws/install/lab_bot/lib/lab_bot/odom_receiver.py
[5.509s] -- Installing: /home/lab/amr_ws/install/lab_bot/lib/lab_bot/cmd_vel_sender.py
[5.510s] -- Installing: /home/lab/amr_ws/install/lab_bot/lib/lab_bot/scan_filter.py
[5.512s] -- Installing: /home/lab/amr_ws/install/lab_bot/share/ament_index/resource_index/package_run_dependencies/lab_bot
[5.513s] -- Installing: /home/lab/amr_ws/install/lab_bot/share/ament_index/resource_index/parent_prefix_path/lab_bot
[5.515s] -- Installing: /home/lab/amr_ws/install/lab_bot/share/lab_bot/environment/ament_prefix_path.sh
[5.516s] -- Installing: /home/lab/amr_ws/install/lab_bot/share/lab_bot/environment/ament_prefix_path.dsv
[5.517s] -- Installing: /home/lab/amr_ws/install/lab_bot/share/lab_bot/environment/path.sh
[5.518s] -- Installing: /home/lab/amr_ws/install/lab_bot/share/lab_bot/environment/path.dsv
[5.519s] -- Installing: /home/lab/amr_ws/install/lab_bot/share/lab_bot/local_setup.bash
[5.520s] -- Installing: /home/lab/amr_ws/install/lab_bot/share/lab_bot/local_setup.sh
[5.521s] -- Installing: /home/lab/amr_ws/install/lab_bot/share/lab_bot/local_setup.zsh
[5.525s] -- Installing: /home/lab/amr_ws/install/lab_bot/share/lab_bot/local_setup.dsv
[5.525s] -- Installing: /home/lab/amr_ws/install/lab_bot/share/lab_bot/package.dsv
[5.526s] -- Installing: /home/lab/amr_ws/install/lab_bot/share/ament_index/resource_index/packages/lab_bot
[5.527s] -- Installing: /home/lab/amr_ws/install/lab_bot/share/lab_bot/cmake/lab_botConfig.cmake
[5.528s] -- Installing: /home/lab/amr_ws/install/lab_bot/share/lab_bot/cmake/lab_botConfig-version.cmake
[5.529s] -- Installing: /home/lab/amr_ws/install/lab_bot/share/lab_bot/package.xml
[5.536s] Invoked command in '/home/lab/amr_ws/build/lab_bot' returned '0': CMAKE_PREFIX_PATH=${CMAKE_PREFIX_PATH}:/opt/ros/humble /usr/bin/cmake --install /home/lab/amr_ws/build/lab_bot
