Component: Arm Compiler for Embedded 6.24 Tool: armlink [5f371500]

==============================================================================

Section Cross References

    startup_stm32f407xx.o(STACK) refers (Special) to heapauxi.o(.text) for __use_two_region_memory
    startup_stm32f407xx.o(HEAP) refers (Special) to heapauxi.o(.text) for __use_two_region_memory
    startup_stm32f407xx.o(RESET) refers (Special) to heapauxi.o(.text) for __use_two_region_memory
    startup_stm32f407xx.o(RESET) refers to startup_stm32f407xx.o(STACK) for __initial_sp
    startup_stm32f407xx.o(RESET) refers to startup_stm32f407xx.o(.text) for Reset_Handler
    startup_stm32f407xx.o(RESET) refers to stm32f4xx_it.o(.text.NMI_Handler) for NMI_Handler
    startup_stm32f407xx.o(RESET) refers to stm32f4xx_it.o(.text.HardFault_Handler) for HardFault_Handler
    startup_stm32f407xx.o(RESET) refers to stm32f4xx_it.o(.text.MemManage_Handler) for MemManage_Handler
    startup_stm32f407xx.o(RESET) refers to stm32f4xx_it.o(.text.BusFault_Handler) for BusFault_Handler
    startup_stm32f407xx.o(RESET) refers to stm32f4xx_it.o(.text.UsageFault_Handler) for UsageFault_Handler
    startup_stm32f407xx.o(RESET) refers to stm32f4xx_it.o(.text.SVC_Handler) for SVC_Handler
    startup_stm32f407xx.o(RESET) refers to stm32f4xx_it.o(.text.DebugMon_Handler) for DebugMon_Handler
    startup_stm32f407xx.o(RESET) refers to stm32f4xx_it.o(.text.PendSV_Handler) for PendSV_Handler
    startup_stm32f407xx.o(RESET) refers to stm32f4xx_it.o(.text.SysTick_Handler) for SysTick_Handler
    startup_stm32f407xx.o(RESET) refers to stm32f4xx_it.o(.text.EXTI0_IRQHandler) for EXTI0_IRQHandler
    startup_stm32f407xx.o(RESET) refers to stm32f4xx_it.o(.text.TIM2_IRQHandler) for TIM2_IRQHandler
    startup_stm32f407xx.o(RESET) refers to stm32f4xx_it.o(.text.TIM3_IRQHandler) for TIM3_IRQHandler
    startup_stm32f407xx.o(RESET) refers to stm32f4xx_it.o(.text.USART1_IRQHandler) for USART1_IRQHandler
    startup_stm32f407xx.o(RESET) refers to stm32f4xx_it.o(.text.TIM5_IRQHandler) for TIM5_IRQHandler
    startup_stm32f407xx.o(RESET) refers to stm32f4xx_it.o(.text.DMA2_Stream2_IRQHandler) for DMA2_Stream2_IRQHandler
    startup_stm32f407xx.o(RESET) refers to stm32f4xx_it.o(.text.USART6_IRQHandler) for USART6_IRQHandler
    startup_stm32f407xx.o(.text) refers (Special) to heapauxi.o(.text) for __use_two_region_memory
    startup_stm32f407xx.o(.text) refers to system_stm32f4xx.o(.text.SystemInit) for SystemInit
    startup_stm32f407xx.o(.text) refers to __main.o(!!!main) for __main
    startup_stm32f407xx.o(.text) refers to startup_stm32f407xx.o(HEAP) for Heap_Mem
    startup_stm32f407xx.o(.text) refers to startup_stm32f407xx.o(STACK) for Stack_Mem
    i2c.o(.text.i2c_write) refers to main.o(.bss.hi2c1) for hi2c1
    i2c.o(.text.i2c_write) refers to stm32f4xx_hal_i2c.o(.text.HAL_I2C_Mem_Write) for HAL_I2C_Mem_Write
    i2c.o(.ARM.exidx.text.i2c_write) refers to i2c.o(.text.i2c_write) for [Anonymous Symbol]
    i2c.o(.text.i2c_read) refers to main.o(.bss.hi2c1) for hi2c1
    i2c.o(.text.i2c_read) refers to stm32f4xx_hal_i2c.o(.text.HAL_I2C_Mem_Read) for HAL_I2C_Mem_Read
    i2c.o(.ARM.exidx.text.i2c_read) refers to i2c.o(.text.i2c_read) for [Anonymous Symbol]
    i2c.o(.text.IICwriteBit) refers to main.o(.bss.hi2c1) for hi2c1
    i2c.o(.text.IICwriteBit) refers to stm32f4xx_hal_i2c.o(.text.HAL_I2C_Mem_Read) for HAL_I2C_Mem_Read
    i2c.o(.text.IICwriteBit) refers to stm32f4xx_hal_i2c.o(.text.HAL_I2C_Mem_Write) for HAL_I2C_Mem_Write
    i2c.o(.ARM.exidx.text.IICwriteBit) refers to i2c.o(.text.IICwriteBit) for [Anonymous Symbol]
    i2c.o(.text.IICwriteBits) refers to main.o(.bss.hi2c1) for hi2c1
    i2c.o(.text.IICwriteBits) refers to stm32f4xx_hal_i2c.o(.text.HAL_I2C_Mem_Read) for HAL_I2C_Mem_Read
    i2c.o(.text.IICwriteBits) refers to stm32f4xx_hal_i2c.o(.text.HAL_I2C_Mem_Write) for HAL_I2C_Mem_Write
    i2c.o(.ARM.exidx.text.IICwriteBits) refers to i2c.o(.text.IICwriteBits) for [Anonymous Symbol]
    inv_mpu.o(.text.mpu_reg_dump) refers to inv_mpu.o(.data.st) for st
    inv_mpu.o(.text.mpu_reg_dump) refers to i2c.o(.text.i2c_read) for i2c_read
    inv_mpu.o(.ARM.exidx.text.mpu_reg_dump) refers to inv_mpu.o(.text.mpu_reg_dump) for [Anonymous Symbol]
    inv_mpu.o(.text.mpu_read_reg) refers to inv_mpu.o(.data.st) for st
    inv_mpu.o(.text.mpu_read_reg) refers to i2c.o(.text.i2c_read) for i2c_read
    inv_mpu.o(.ARM.exidx.text.mpu_read_reg) refers to inv_mpu.o(.text.mpu_read_reg) for [Anonymous Symbol]
    inv_mpu.o(.text.mpu_init) refers to inv_mpu.o(.data.st) for st
    inv_mpu.o(.text.mpu_init) refers to i2c.o(.text.i2c_write) for i2c_write
    inv_mpu.o(.text.mpu_init) refers to stm32f4xx_hal.o(.text.HAL_Delay) for HAL_Delay
    inv_mpu.o(.text.mpu_init) refers to i2c.o(.text.i2c_read) for i2c_read
    inv_mpu.o(.text.mpu_init) refers to inv_mpu.o(.text.mpu_set_accel_fsr) for mpu_set_accel_fsr
[...]
    [Anonymous Symbol]                       0x080050a8   Section        0  i2c.o(.text.i2c_read)
    [Anonymous Symbol]                       0x080050d0   Section        0  i2c.o(.text.i2c_write)
    [Anonymous Symbol]                       0x080050f8   Section        0  main.o(.text.main)
    __arm_cp.12_25                           0x0800598c   Number         4  main.o(.text.main)
    __arm_cp.12_26                           0x08005990   Number         4  main.o(.text.main)
    __arm_cp.12_27                           0x08005994   Number         4  main.o(.text.main)
    __arm_cp.12_28                           0x08005998   Number         4  main.o(.text.main)
    __arm_cp.12_29                           0x0800599c   Number         4  main.o(.text.main)
    __arm_cp.12_30                           0x080059a0   Number         4  main.o(.text.main)
    __arm_cp.12_31                           0x080059a4   Number         4  main.o(.text.main)
    __arm_cp.12_32                           0x080059a8   Number         4  main.o(.text.main)
    __arm_cp.12_33                           0x080059ac   Number         4  main.o(.text.main)
    __arm_cp.12_34                           0x08005a80   Number         4  main.o(.text.main)
    __arm_cp.12_36                           0x08005cec   Number         4  main.o(.text.main)
    __arm_cp.12_37                           0x08005cf0   Number         4  main.o(.text.main)
    __arm_cp.12_38                           0x08005d88   Number         4  main.o(.text.main)
    __arm_cp.12_39                           0x08005d8c   Number         4  main.o(.text.main)
    __arm_cp.12_40                           0x08005d90   Number         4  main.o(.text.main)
    [Anonymous Symbol]                       0x08005e38   Section        0  inv_mpu.o(.text.mpu_configure_fifo)
    [Anonymous Symbol]                       0x08005edc   Section        0  inv_mpu.o(.text.mpu_get_accel_fsr)
    [Anonymous Symbol]                       0x08005f14   Section        0  inv_mpu.o(.text.mpu_get_accel_sens)
    [Anonymous Symbol]                       0x08005f54   Section        0  inv_mpu.o(.text.mpu_get_gyro_sens)
    [Anonymous Symbol]                       0x08005f84   Section        0  inv_mpu.o(.text.mpu_init)
    [Anonymous Symbol]                       0x080060c8   Section        0  inv_mpu.o(.text.mpu_load_firmware)
    [Anonymous Symbol]                       0x08006204   Section        0  inv_mpu.o(.text.mpu_lp_accel_mode)
    [Anonymous Symbol]                       0x08006430   Section        0  inv_mpu.o(.text.mpu_read_fifo_stream)
    [Anonymous Symbol]                       0x080064f0   Section        0  inv_mpu.o(.text.mpu_reset_fifo)
    [Anonymous Symbol]                       0x0800666c   Section        0  inv_mpu.o(.text.mpu_run_self_test)
    [Anonymous Symbol]                       0x08006860   Section        0  inv_mpu.o(.text.mpu_set_accel_fsr)
    [Anonymous Symbol]                       0x080068d0   Section        0  inv_mpu.o(.text.mpu_set_bypass)
    [Anonymous Symbol]                       0x080069c0   Section        0  inv_mpu.o(.text.mpu_set_dmp_state)
    [Anonymous Symbol]                       0x08006aa0   Section        0  inv_mpu.o(.text.mpu_set_lpf)
    [Anonymous Symbol]                       0x08006b3c   Section        0  inv_mpu.o(.text.mpu_set_sample_rate)
    [Anonymous Symbol]                       0x08006c84   Section        0  inv_mpu.o(.text.mpu_set_sensors)
    [Anonymous Symbol]                       0x08006d68   Section        0  inv_mpu.o(.text.mpu_write_mem)
    i.__ARM_fpclassifyf                      0x08006de8   Section        0  fpclassifyf.o(i.__ARM_fpclassifyf)
    i.__hardfp_cosf                          0x08006e10   Section        0  cosf.o(i.__hardfp_cosf)
    i.__hardfp_sinf                          0x08006f60   Section        0  sinf.o(i.__hardfp_sinf)
    i.__mathlib_flt_infnan                   0x080070f0   Section        0  funder.o(i.__mathlib_flt_infnan)
    i.__mathlib_flt_invalid                  0x080070f8   Section        0  funder.o(i.__mathlib_flt_invalid)
    i.__mathlib_flt_underflow                0x08007108   Section        0  funder.o(i.__mathlib_flt_underflow)
    i.__mathlib_rredf2                       0x08007118   Section        0  rredf.o(i.__mathlib_rredf2)
    $v0                                      0x0800726c   Number         0  fpinit.o(x$fpl$fpinit)
    x$fpl$fpinit                             0x0800726c   Section       26  fpinit.o(x$fpl$fpinit)
    x$fpl$usenofp                            0x08007286   Section        0  usenofp.o(x$fpl$usenofp)
    twooverpi                                0x08007288   Data          32  rredf.o(.constdata)
    .constdata                               0x08007288   Section       32  rredf.o(.constdata)
    .L__const.dmp_set_orientation.accel_axes 0x080072a8   Data           3  inv_mpu_dmp_motion_driver.o(.rodata..L__const.dmp_set_orientation.accel_axes)
    .L__const.dmp_set_orientation.gyro_axes  0x080072ab   Data           3  inv_mpu_dmp_motion_driver.o(.rodata..L__const.dmp_set_orientation.gyro_axes)
    .Lswitch.table.mpu_lp_motion_interrupt   0x080072c6   Data           8  inv_mpu.o(.rodata.cst8)
    .Lswitch.table.mpu_lp_motion_interrupt.9 0x080072ce   Data           8  inv_mpu.o(.rodata.cst8)
    .Lswitch.table.mpu_lp_motion_interrupt.10 0x080072d6   Data           8  inv_mpu.o(.rodata.cst8)
    DMA_CalcBaseAndBitshift.flagBitshiftOffset 0x080072de   Data           8  stm32f4xx_hal_dma.o(.rodata.cst8)
    [Anonymous Symbol]                       0x080072de   Section        0  stm32f4xx_hal_dma.o(.rodata.cst8)
    dmp_memory                               0x080072e6   Data        3062  inv_mpu_dmp_motion_driver.o(.rodata.dmp_memory)
    [Anonymous Symbol]                       0x080072e6   Section        0  inv_mpu_dmp_motion_driver.o(.rodata.dmp_memory)
    .L_MergedGlobals                         0x20000000   Data          32  main.o(.data..L_MergedGlobals)
    [Anonymous Symbol]                       0x20000000   Section        0  main.o(.data..L_MergedGlobals)
    .L_MergedGlobals                         0x20000020   Data           8  stm32f4xx_hal.o(.data..L_MergedGlobals)
    [Anonymous Symbol]                       0x20000020   Section        0  stm32f4xx_hal.o(.data..L_MergedGlobals)
    st                                       0x20000038   Data          44  inv_mpu.o(.data.st)
    [Anonymous Symbol]                       0x20000038   Section        0  inv_mpu.o(.data.st)
    .bss                                     0x20000068   Section       96  libspace.o(.bss)
    .L_MergedGlobals                         0x200000c8   Data          16  inv_mpu_dmp_motion_driver.o(.bss..L_MergedGlobals)
    dmp.5                                    0x200000c8   Data           1  inv_mpu_dmp_motion_driver.o(.bss..L_MergedGlobals)
    [Anonymous Symbol]                       0x200000c8   Section        0  inv_mpu_dmp_motion_driver.o(.bss..L_MergedGlobals)
    dmp.3                                    0x200000cc   Data           2  inv_mpu_dmp_motion_driver.o(.bss..L_MergedGlobals)
    dmp.0                                    0x200000d0   Data           4  inv_mpu_dmp_motion_driver.o(.bss..L_MergedGlobals)
    dmp.1                                    0x200000d4   Data           4  inv_mpu_dmp_motion_driver.o(.bss..L_MergedGlobals)
    .L_MergedGlobals                         0x200000d8   Data         124  mpu6050.o(.bss..L_MergedGlobals)
    [Anonymous Symbol]                       0x200000d8   Section        0  mpu6050.o(.bss..L_MergedGlobals)
    Read_DMP.sample_counter                  0x200000d9   Data           1  mpu6050.o(.bss..L_MergedGlobals)
    Read_DMP.Locked_Yaw                      0x20000150   Data           4  mpu6050.o(.bss..L_MergedGlobals)
    .L_MergedGlobals.1                       0x20000154   Data         124  main.o(.bss..L_MergedGlobals.1)
    [Anonymous Symbol]                       0x20000154   Section        0  main.o(.bss..L_MergedGlobals.1)
    main.send_odom_counter                   0x20000159   Data           1  main.o(.bss..L_MergedGlobals.1)
    .L_MergedGlobals.2                       0x200001d0   Data          40  mpu6050.o(.bss..L_MergedGlobals.2)
    Read_DMP.last_filtered_gz                0x200001d0   Data           4  mpu6050.o(.bss..L_MergedGlobals.2)
    [Anonymous Symbol]                       0x200001d0   Section        0  mpu6050.o(.bss..L_MergedGlobals.2)
    Read_DMP.gyro_z_lpf_state                0x200001dc   Data           4  mpu6050.o(.bss..L_MergedGlobals.2)
    .L_MergedGlobals.2                       0x200001f8   Data         100  main.o(.bss..L_MergedGlobals.2)
    [Anonymous Symbol]                       0x200001f8   Section        0  main.o(.bss..L_MergedGlobals.2)
    AMR_Trajectory_Process.dynamic_linear_speed 0x20000218   Data           4  main.o(.bss..L_MergedGlobals.2)
    AMR_Teleop_Process.current_speed_rad_s   0x20000220   Data           4  main.o(.bss..L_MergedGlobals.2)
    .L_MergedGlobals.3                       0x2000025c   Data         100  main.o(.bss..L_MergedGlobals.3)
    [Anonymous Symbol]                       0x2000025c   Section        0  main.o(.bss..L_MergedGlobals.3)
    dmp.2                                    0x200002d0   Data           2  inv_mpu_dmp_motion_driver.o(.bss.dmp.2)
    [Anonymous Symbol]                       0x200002d0   Section        0  inv_mpu_dmp_motion_driver.o(.bss.dmp.2)
    dmp.4                                    0x200002d4   Data           2  inv_mpu_dmp_motion_driver.o(.bss.dmp.4)
    [Anonymous Symbol]                       0x200002d4   Section        0  inv_mpu_dmp_motion_driver.o(.bss.dmp.4)
    Heap_Mem                                 0x20000540   Data         512  startup_stm32f407xx.o(HEAP)
    HEAP                                     0x20000540   Section      512  startup_stm32f407xx.o(HEAP)
    Stack_Mem                                0x20000740   Data        1024  startup_stm32f407xx.o(STACK)
    STACK                                    0x20000740   Section     1024  startup_stm32f407xx.o(STACK)
    __initial_sp                             0x20000b40   Data           0  startup_stm32f407xx.o(STACK)

    Global Symbols

    Symbol Name                              Value     Ov Type        Size  Object(Section)

    BuildAttributes$$THM_ISAv4$E$P$D$K$B$S$7EM$VFPi3$EXTD16$VFPS$VFMA$PE$A:L22UL41UL21$X:L11$S22US41US21$IEEE1$IW$~IW$USESV6$~STKCKD$USESV7$~SHL$OTIME$ROPI$IEEEX$EBA8$UX$STANDARDLIB$REQ8$PRES8$EABIv2 0x00000000   Number         0  anon$$obj.o ABSOLUTE
    __ARM_exceptions_init                     - Undefined Weak Reference
    __alloca_initialize                       - Undefined Weak Reference
    __arm_preinit_                            - Undefined Weak Reference
    __arm_relocate_pie_                       - Undefined Weak Reference
    __cpp_initialize__aeabi_                  - Undefined Weak Reference
    __cxa_finalize                            - Undefined Weak Reference
    __rt_locale                               - Undefined Weak Reference
    __sigvec_lookup                           - Undefined Weak Reference
    _atexit_init                              - Undefined Weak Reference
    _call_atexit_fns                          - Undefined Weak Reference
    _clock_init                               - Undefined Weak Reference
    _fp_trap_init                             - Undefined Weak Reference
    _fp_trap_shutdown                         - Undefined Weak Reference
    _get_lc_collate                           - Undefined Weak Reference
    _get_lc_ctype                             - Undefined Weak Reference
    _get_lc_monetary                          - Undefined Weak Reference
    _get_lc_numeric                           - Undefined Weak Reference
    _get_lc_time                              - Undefined Weak Reference
    _getenv_init                              - Undefined Weak Reference
    _handle_redirection                       - Undefined Weak Reference
    _init_alloc                               - Undefined Weak Reference
    _init_user_alloc                          - Undefined Weak Reference
    _initio                                   - Undefined Weak Reference
    _rand_init                                - Undefined Weak Reference
    _signal_finish                            - Undefined Weak Reference
    _signal_init                              - Undefined Weak Reference
    _terminate_alloc                          - Undefined Weak Reference
    _terminate_user_alloc                     - Undefined Weak Reference
    _terminateio                              - Undefined Weak Reference
    __Vectors_Size                           0x00000188   Number         0  startup_stm32f407xx.o ABSOLUTE
    __Vectors                                0x08000000   Data           4  startup_stm32f407xx.o(RESET)
    __Vectors_End                            0x08000188   Data           0  startup_stm32f407xx.o(RESET)
    __main                                   0x08000189   Thumb Code     8  __main.o(!!!main)
    __scatterload                            0x08000191   Thumb Code     0  __scatter.o(!!!scatter)
    __scatterload_rt2                        0x08000191   Thumb Code    84  __scatter.o(!!!scatter)
    __scatterload_rt2_thumb_only             0x08000191   Thumb Code     0  __scatter.o(!!!scatter)
    __scatterload_loop                       0x0800019b   Thumb Code     0  __scatter.o(!!!scatter)
    __scatterload_copy                       0x080001ed   Thumb Code    26  __scatter_copy.o(!!handler_copy)
    __scatterload_null                       0x08000209   Thumb Code     2  __scatter.o(!!handler_null)
    __scatterload_zeroinit                   0x0800020d   Thumb Code    28  __scatter_zi.o(!!handler_zi)
    __rt_lib_init                            0x08000229   Thumb Code     0  libinit.o(.ARM.Collect$$libinit$$00000000)
    __rt_lib_init_fp_1                       0x0800022b   Thumb Code     0  libinit2.o(.ARM.Collect$$libinit$$00000001)
    __rt_lib_init_alloca_1                   0x0800022f   Thumb Code     0  libinit2.o(.ARM.Collect$$libinit$$00000030)
    __rt_lib_init_argv_1                     0x0800022f   Thumb Code     0  libinit2.o(.ARM.Collect$$libinit$$0000002E)
    __rt_lib_init_atexit_1                   0x0800022f   Thumb Code     0  libinit2.o(.ARM.Collect$$libinit$$0000001D)
    __rt_lib_init_clock_1                    0x0800022f   Thumb Code     0  libinit2.o(.ARM.Collect$$libinit$$00000023)
    __rt_lib_init_cpp_1                      0x0800022f   Thumb Code     0  libinit2.o(.ARM.Collect$$libinit$$00000034)
    __rt_lib_init_exceptions_1               0x0800022f   Thumb Code     0  libinit2.o(.ARM.Collect$$libinit$$00000032)
    __rt_lib_init_fp_trap_1                  0x0800022f   Thumb Code     0  libinit2.o(.ARM.Collect$$libinit$$00000021)
    __rt_lib_init_getenv_1                   0x0800022f   Thumb Code     0  libinit2.o(.ARM.Collect$$libinit$$00000025)
    __rt_lib_init_heap_1                     0x0800022f   Thumb Code     0  libinit2.o(.ARM.Collect$$libinit$$0000000C)
    __rt_lib_init_lc_collate_1               0x0800022f   Thumb Code     0  libinit2.o(.ARM.Collect$$libinit$$00000013)
    __rt_lib_init_lc_ctype_1                 0x0800022f   Thumb Code     0  libinit2.o(.ARM.Collect$$libinit$$00000015)
    __rt_lib_init_lc_monetary_1              0x0800022f   Thumb Code     0  libinit2.o(.ARM.Collect$$libinit$$00000017)
    __rt_lib_init_lc_numeric_1               0x0800022f   Thumb Code     0  libinit2.o(.ARM.Collect$$libinit$$00000019)
    __rt_lib_init_lc_time_1                  0x0800022f   Thumb Code     0  libinit2.o(.ARM.Collect$$libinit$$0000001B)
    __rt_lib_init_preinit_1                  0x0800022f   Thumb Code     0  libinit2.o(.ARM.Collect$$libinit$$00000006)
    __rt_lib_init_rand_1                     0x0800022f   Thumb Code     0  libinit2.o(.ARM.Collect$$libinit$$00000010)
    __rt_lib_init_relocate_pie_1             0x0800022f   Thumb Code     0  libinit2.o(.ARM.Collect$$libinit$$00000004)
    __rt_lib_init_return                     0x0800022f   Thumb Code     0  libinit2.o(.ARM.Collect$$libinit$$00000035)
    __rt_lib_init_signal_1                   0x0800022f   Thumb Code     0  libinit2.o(.ARM.Collect$$libinit$$0000001F)
    __rt_lib_init_stdio_1                    0x0800022f   Thumb Code     0  libinit2.o(.ARM.Collect$$libinit$$00000027)
    __rt_lib_init_user_alloc_1               0x0800022f   Thumb Code     0  libinit2.o(.ARM.Collect$$libinit$$0000000E)
    __rt_lib_shutdown                        0x08000231   Thumb Code     0  libshutdown.o(.ARM.Collect$$libshutdown$$00000000)
    __rt_lib_shutdown_cpp_1                  0x08000233   Thumb Code     0  libshutdown2.o(.ARM.Collect$$libshutdown$$00000002)
    __rt_lib_shutdown_fp_trap_1              0x08000233   Thumb Code     0  libshutdown2.o(.ARM.Collect$$libshutdown$$00000007)
    __rt_lib_shutdown_heap_1                 0x08000233   Thumb Code     0  libshutdown2.o(.ARM.Collect$$libshutdown$$0000000F)
    __rt_lib_shutdown_return                 0x08000233   Thumb Code     0  libshutdown2.o(.ARM.Collect$$libshutdown$$00000010)
    __rt_lib_shutdown_signal_1               0x08000233   Thumb Code     0  libshutdown2.o(.ARM.Collect$$libshutdown$$0000000A)
    __rt_lib_shutdown_stdio_1                0x08000233   Thumb Code     0  libshutdown2.o(.ARM.Collect$$libshutdown$$00000004)
    __rt_lib_shutdown_user_alloc_1           0x08000233   Thumb Code     0  libshutdown2.o(.ARM.Collect$$libshutdown$$0000000C)
    __rt_entry                               0x08000235   Thumb Code     0  __rtentry.o(.ARM.Collect$$rtentry$$00000000)
    __rt_entry_presh_1                       0x08000235   Thumb Code     0  __rtentry2.o(.ARM.Collect$$rtentry$$00000002)
    __rt_entry_sh                            0x08000235   Thumb Code     0  __rtentry4.o(.ARM.Collect$$rtentry$$00000004)
    __rt_entry_li                            0x0800023b   Thumb Code     0  __rtentry2.o(.ARM.Collect$$rtentry$$0000000A)
    __rt_entry_postsh_1                      0x0800023b   Thumb Code     0  __rtentry2.o(.ARM.Collect$$rtentry$$00000009)
    __rt_entry_main                          0x0800023f   Thumb Code     0  __rtentry2.o(.ARM.Collect$$rtentry$$0000000D)
    __rt_entry_postli_1                      0x0800023f   Thumb Code     0  __rtentry2.o(.ARM.Collect$$rtentry$$0000000C)
    __rt_exit                                0x08000247   Thumb Code     0  rtexit.o(.ARM.Collect$$rtexit$$00000000)
    __rt_exit_ls                             0x08000249   Thumb Code     0  rtexit2.o(.ARM.Collect$$rtexit$$00000003)
    __rt_exit_prels_1                        0x08000249   Thumb Code     0  rtexit2.o(.ARM.Collect$$rtexit$$00000002)
    __rt_exit_exit                           0x0800024d   Thumb Code     0  rtexit2.o(.ARM.Collect$$rtexit$$00000004)
    Reset_Handler                            0x08000255   Thumb Code     8  startup_stm32f407xx.o(.text)
    ADC_IRQHandler                           0x0800026f   Thumb Code     0  startup_stm32f407xx.o(.text)
    CAN1_RX0_IRQHandler                      0x0800026f   Thumb Code     0  startup_stm32f407xx.o(.text)
    CAN1_RX1_IRQHandler                      0x0800026f   Thumb Code     0  startup_stm32f407xx.o(.text)
    CAN1_SCE_IRQHandler                      0x0800026f   Thumb Code     0  startup_stm32f407xx.o(.text)
    CAN1_TX_IRQHandler                       0x0800026f   Thumb Code     0  startup_stm32f407xx.o(.text)
    CAN2_RX0_IRQHandler                      0x0800026f   Thumb Code     0  startup_stm32f407xx.o(.text)
    CAN2_RX1_IRQHandler                      0x0800026f   Thumb Code     0  startup_stm32f407xx.o(.text)
    CAN2_SCE_IRQHandler                      0x0800026f   Thumb Code     0  startup_stm32f407xx.o(.text)
    CAN2_TX_IRQHandler                       0x0800026f   Thumb Code     0  startup_stm32f407xx.o(.text)
    DCMI_IRQHandler                          0x0800026f   Thumb Code     0  startup_stm32f407xx.o(.text)
    DMA1_Stream0_IRQHandler                  0x0800026f   Thumb Code     0  startup_stm32f407xx.o(.text)
    DMA1_Stream1_IRQHandler                  0x0800026f   Thumb Code     0  startup_stm32f407xx.o(.text)
    DMA1_Stream2_IRQHandler                  0x0800026f   Thumb Code     0  startup_stm32f407xx.o(.text)
    DMA1_Stream3_IRQHandler                  0x0800026f   Thumb Code     0  startup_stm32f407xx.o(.text)
    DMA1_Stream4_IRQHandler                  0x0800026f   Thumb Code     0  startup_stm32f407xx.o(.text)
    DMA1_Stream5_IRQHandler                  0x0800026f   Thumb Code     0  startup_stm32f407xx.o(.text)
    DMA1_Stream6_IRQHandler                  0x0800026f   Thumb Code     0  startup_stm32f407xx.o(.text)
    DMA1_Stream7_IRQHandler                  0x0800026f   Thumb Code     0  startup_stm32f407xx.o(.text)
    DMA2_Stream0_IRQHandler                  0x0800026f   Thumb Code     0  startup_stm32f407xx.o(.text)
    DMA2_Stream1_IRQHandler                  0x0800026f   Thumb Code     0  startup_stm32f407xx.o(.text)
    DMA2_Stream3_IRQHandler                  0x0800026f   Thumb Code     0  startup_stm32f407xx.o(.text)
    DMA2_Stream4_IRQHandler                  0x0800026f   Thumb Code     0  startup_stm32f407xx.o(.text)
    DMA2_Stream5_IRQHandler                  0x0800026f   Thumb Code     0  startup_stm32f407xx.o(.text)
    DMA2_Stream6_IRQHandler                  0x0800026f   Thumb Code     0  startup_stm32f407xx.o(.text)
    DMA2_Stream7_IRQHandler                  0x0800026f   Thumb Code     0  startup_stm32f407xx.o(.text)
    ETH_IRQHandler                           0x0800026f   Thumb Code     0  startup_stm32f407xx.o(.text)
    ETH_WKUP_IRQHandler                      0x0800026f   Thumb Code     0  startup_stm32f407xx.o(.text)
    EXTI15_10_IRQHandler                     0x0800026f   Thumb Code     0  startup_stm32f407xx.o(.text)
    EXTI1_IRQHandler                         0x0800026f   Thumb Code     0  startup_stm32f407xx.o(.text)
    EXTI2_IRQHandler                         0x0800026f   Thumb Code     0  startup_stm32f407xx.o(.text)
    EXTI3_IRQHandler                         0x0800026f   Thumb Code     0  startup_stm32f407xx.o(.text)
    EXTI4_IRQHandler                         0x0800026f   Thumb Code     0  startup_stm32f407xx.o(.text)
    EXTI9_5_IRQHandler                       0x0800026f   Thumb Code     0  startup_stm32f407xx.o(.text)
    FLASH_IRQHandler                         0x0800026f   Thumb Code     0  startup_stm32f407xx.o(.text)
    FMC_IRQHandler                           0x0800026f   Thumb Code     0  startup_stm32f407xx.o(.text)
    FPU_IRQHandler                           0x0800026f   Thumb Code     0  startup_stm32f407xx.o(.text)
    HASH_RNG_IRQHandler                      0x0800026f   Thumb Code     0  startup_stm32f407xx.o(.text)
    I2C1_ER_IRQHandler                       0x0800026f   Thumb Code     0  startup_stm32f407xx.o(.text)
    I2C1_EV_IRQHandler                       0x0800026f   Thumb Code     0  startup_stm32f407xx.o(.text)
    I2C2_ER_IRQHandler                       0x0800026f   Thumb Code     0  startup_stm32f407xx.o(.text)
    I2C2_EV_IRQHandler                       0x0800026f   Thumb Code     0  startup_stm32f407xx.o(.text)
    I2C3_ER_IRQHandler                       0x0800026f   Thumb Code     0  startup_stm32f407xx.o(.text)
    I2C3_EV_IRQHandler                       0x0800026f   Thumb Code     0  startup_stm32f407xx.o(.text)
    OTG_FS_IRQHandler                        0x0800026f   Thumb Code     0  startup_stm32f407xx.o(.text)
    OTG_FS_WKUP_IRQHandler                   0x0800026f   Thumb Code     0  startup_stm32f407xx.o(.text)
    OTG_HS_EP1_IN_IRQHandler                 0x0800026f   Thumb Code     0  startup_stm32f407xx.o(.text)
    OTG_HS_EP1_OUT_IRQHandler                0x0800026f   Thumb Code     0  startup_stm32f407xx.o(.text)
    OTG_HS_IRQHandler                        0x0800026f   Thumb Code     0  startup_stm32f407xx.o(.text)
    OTG_HS_WKUP_IRQHandler                   0x0800026f   Thumb Code     0  startup_stm32f407xx.o(.text)
    PVD_IRQHandler                           0x0800026f   Thumb Code     0  startup_stm32f407xx.o(.text)
    RCC_IRQHandler                           0x0800026f   Thumb Code     0  startup_stm32f407xx.o(.text)
    RTC_Alarm_IRQHandler                     0x0800026f   Thumb Code     0  startup_stm32f407xx.o(.text)
    RTC_WKUP_IRQHandler                      0x0800026f   Thumb Code     0  startup_stm32f407xx.o(.text)
    SDIO_IRQHandler                          0x0800026f   Thumb Code     0  startup_stm32f407xx.o(.text)
    SPI1_IRQHandler                          0x0800026f   Thumb Code     0  startup_stm32f407xx.o(.text)
    SPI2_IRQHandler                          0x0800026f   Thumb Code     0  startup_stm32f407xx.o(.text)
    SPI3_IRQHandler                          0x0800026f   Thumb Code     0  startup_stm32f407xx.o(.text)
    TAMP_STAMP_IRQHandler                    0x0800026f   Thumb Code     0  startup_stm32f407xx.o(.text)
    TIM1_BRK_TIM9_IRQHandler                 0x0800026f   Thumb Code     0  startup_stm32f407xx.o(.text)
    TIM1_CC_IRQHandler                       0x0800026f   Thumb Code     0  startup_stm32f407xx.o(.text)
    TIM1_TRG_COM_TIM11_IRQHandler            0x0800026f   Thumb Code     0  startup_stm32f407xx.o(.text)
    TIM1_UP_TIM10_IRQHandler                 0x0800026f   Thumb Code     0  startup_stm32f407xx.o(.text)
    TIM4_IRQHandler                          0x0800026f   Thumb Code     0  startup_stm32f407xx.o(.text)
    TIM6_DAC_IRQHandler                      0x0800026f   Thumb Code     0  startup_stm32f407xx.o(.text)
    TIM7_IRQHandler                          0x0800026f   Thumb Code     0  startup_stm32f407xx.o(.text)
    TIM8_BRK_TIM12_IRQHandler                0x0800026f   Thumb Code     0  startup_stm32f407xx.o(.text)
    TIM8_CC_IRQHandler                       0x0800026f   Thumb Code     0  startup_stm32f407xx.o(.text)
    TIM8_TRG_COM_TIM14_IRQHandler            0x0800026f   Thumb Code     0  startup_stm32f407xx.o(.text)
    TIM8_UP_TIM13_IRQHandler                 0x0800026f   Thumb Code     0  startup_stm32f407xx.o(.text)
    UART4_IRQHandler                         0x0800026f   Thumb Code     0  startup_stm32f407xx.o(.text)
    UART5_IRQHandler                         0x0800026f   Thumb Code     0  startup_stm32f407xx.o(.text)
    USART2_IRQHandler                        0x0800026f   Thumb Code     0  startup_stm32f407xx.o(.text)
    USART3_IRQHandler                        0x0800026f   Thumb Code     0  startup_stm32f407xx.o(.text)
    WWDG_IRQHandler                          0x0800026f   Thumb Code     0  startup_stm32f407xx.o(.text)
    __user_initial_stackheap                 0x08000271   Thumb Code     0  startup_stm32f407xx.o(.text)
    __aeabi_uldivmod                         0x08000295   Thumb Code     0  lludivv7m.o(.text)
    _ll_udiv                                 0x08000295   Thumb Code   240  lludivv7m.o(.text)
    __aeabi_ldivmod                          0x08000385   Thumb Code     0  llsdiv.o(.text)
    _ll_sdiv                                 0x08000385   Thumb Code   116  llsdiv.o(.text)
    memcmp                                   0x080003f9   Thumb Code    88  memcmp.o(.text)
    __aeabi_memclr4                          0x08000451   Thumb Code     0  rt_memclr_w.o(.text)
    __aeabi_memclr8                          0x08000451   Thumb Code     0  rt_memclr_w.o(.text)
    __rt_memclr_w                            0x08000451   Thumb Code     0  rt_memclr_w.o(.text)
    _memset_w                                0x08000455   Thumb Code    74  rt_memclr_w.o(.text)
    __use_two_region_memory                  0x0800049f   Thumb Code     2  heapauxi.o(.text)
    __rt_heap_escrow$2region                 0x080004a1   Thumb Code     2  heapauxi.o(.text)
    __rt_heap_expand$2region                 0x080004a3   Thumb Code     2  heapauxi.o(.text)
    __read_errno                             0x080004a5   Thumb Code    10  _rserrno.o(.text)
    __set_errno                              0x080004af   Thumb Code    12  _rserrno.o(.text)
    __aeabi_errno_addr                       0x080004bd   Thumb Code     8  rt_errno_addr_intlibspace.o(.text)
    __errno$intlibspace                      0x080004bd   Thumb Code     0  rt_errno_addr_intlibspace.o(.text)
    __rt_errno_addr$intlibspace              0x080004bd   Thumb Code     0  rt_errno_addr_intlibspace.o(.text)
    __user_libspace                          0x080004c5   Thumb Code     8  libspace.o(.text)
    __user_perproc_libspace                  0x080004c5   Thumb Code     0  libspace.o(.text)
    __user_perthread_libspace                0x080004c5   Thumb Code     0  libspace.o(.text)
    __user_setup_stackheap                   0x080004cd   Thumb Code    74  sys_stackheap_outer.o(.text)
    exit                                     0x08000517   Thumb Code    18  exit.o(.text)
    _sys_exit                                0x08000529   Thumb Code     8  sys_exit.o(.text)
    __I$use$semihosting                      0x08000535   Thumb Code     0  use_no_semi.o(.text)
    __use_no_semihosting_swi                 0x08000535   Thumb Code     2  use_no_semi.o(.text)
    __semihosting_library_function           0x08000537   Thumb Code     0  indicate_semi.o(.text)
    BusFault_Handler                         0x08000539   Thumb Code     2  stm32f4xx_it.o(.text.BusFault_Handler)
    DMA2_Stream2_IRQHandler                  0x0800053d   Thumb Code    12  stm32f4xx_it.o(.text.DMA2_Stream2_IRQHandler)
    DMP_Init                                 0x08000549   Thumb Code   416  mpu6050.o(.text.DMP_Init)
    DebugMon_Handler                         0x080006e9   Thumb Code     2  stm32f4xx_it.o(.text.DebugMon_Handler)
    EXTI0_IRQHandler                         0x080006ed   Thumb Code     6  stm32f4xx_it.o(.text.EXTI0_IRQHandler)
    Encoder_Init                             0x080006f5   Thumb Code    20  encoder.o(.text.Encoder_Init)
    Encoder_Update                           0x08000709   Thumb Code   128  encoder.o(.text.Encoder_Update)
    Error_Handler                            0x0800079d   Thumb Code     6  main.o(.text.Error_Handler)
    HAL_DMA_Abort                            0x080007a5   Thumb Code   142  stm32f4xx_hal_dma.o(.text.HAL_DMA_Abort)
    HAL_DMA_Abort_IT                         0x08000835   Thumb Code    36  stm32f4xx_hal_dma.o(.text.HAL_DMA_Abort_IT)
    HAL_DMA_IRQHandler                       0x08000859   Thumb Code   452  stm32f4xx_hal_dma.o(.text.HAL_DMA_IRQHandler)
    HAL_DMA_Init                             0x08000a1d   Thumb Code   354  stm32f4xx_hal_dma.o(.text.HAL_DMA_Init)
    HAL_DMA_Start_IT                         0x08000b81   Thumb Code   162  stm32f4xx_hal_dma.o(.text.HAL_DMA_Start_IT)
    HAL_Delay                                0x08000c25   Thumb Code    40  stm32f4xx_hal.o(.text.HAL_Delay)
    HAL_GPIO_EXTI_Callback                   0x08000c4d   Thumb Code    20  main.o(.text.HAL_GPIO_EXTI_Callback)
    HAL_GPIO_EXTI_IRQHandler                 0x08000c61   Thumb Code    22  stm32f4xx_hal_gpio.o(.text.HAL_GPIO_EXTI_IRQHandler)
    HAL_GPIO_Init                            0x08000c79   Thumb Code   414  stm32f4xx_hal_gpio.o(.text.HAL_GPIO_Init)
    HAL_GPIO_WritePin                        0x08000e19   Thumb Code    10  stm32f4xx_hal_gpio.o(.text.HAL_GPIO_WritePin)
    HAL_GetTick                              0x08000e25   Thumb Code    12  stm32f4xx_hal.o(.text.HAL_GetTick)
    HAL_I2C_Init                             0x08000e31   Thumb Code   356  stm32f4xx_hal_i2c.o(.text.HAL_I2C_Init)
    HAL_I2C_Mem_Read                         0x08000f95   Thumb Code   600  stm32f4xx_hal_i2c.o(.text.HAL_I2C_Mem_Read)
    HAL_I2C_Mem_Write                        0x080011ed   Thumb Code   348  stm32f4xx_hal_i2c.o(.text.HAL_I2C_Mem_Write)
    HAL_I2C_MspInit                          0x08001349   Thumb Code   116  stm32f4xx_hal_msp.o(.text.HAL_I2C_MspInit)
    HAL_IncTick                              0x080013bd   Thumb Code    26  stm32f4xx_hal.o(.text.HAL_IncTick)
    HAL_Init                                 0x080013d9   Thumb Code    54  stm32f4xx_hal.o(.text.HAL_Init)
    HAL_InitTick                             0x08001411   Thumb Code    72  stm32f4xx_hal.o(.text.HAL_InitTick)
    HAL_MspInit                              0x08001459   Thumb Code    56  stm32f4xx_hal_msp.o(.text.HAL_MspInit)
    HAL_NVIC_EnableIRQ                       0x08001491   Thumb Code    34  stm32f4xx_hal_cortex.o(.text.HAL_NVIC_EnableIRQ)
    HAL_NVIC_SetPriority                     0x080014b5   Thumb Code    86  stm32f4xx_hal_cortex.o(.text.HAL_NVIC_SetPriority)
    HAL_NVIC_SetPriorityGrouping             0x0800150d   Thumb Code    32  stm32f4xx_hal_cortex.o(.text.HAL_NVIC_SetPriorityGrouping)
    HAL_RCC_ClockConfig                      0x0800152d   Thumb Code   356  stm32f4xx_hal_rcc.o(.text.HAL_RCC_ClockConfig)
    HAL_RCC_GetPCLK1Freq                     0x08001691   Thumb Code    38  stm32f4xx_hal_rcc.o(.text.HAL_RCC_GetPCLK1Freq)
    HAL_RCC_GetPCLK2Freq                     0x080016b9   Thumb Code    38  stm32f4xx_hal_rcc.o(.text.HAL_RCC_GetPCLK2Freq)
    HAL_RCC_GetSysClockFreq                  0x080016e1   Thumb Code   112  stm32f4xx_hal_rcc.o(.text.HAL_RCC_GetSysClockFreq)
    HAL_RCC_OscConfig                        0x08001751   Thumb Code   940  stm32f4xx_hal_rcc.o(.text.HAL_RCC_OscConfig)
    HAL_SYSTICK_Config                       0x08001afd   Thumb Code    44  stm32f4xx_hal_cortex.o(.text.HAL_SYSTICK_Config)
    HAL_TIMEx_BreakCallback                  0x08001b29   Thumb Code     2  stm32f4xx_hal_tim_ex.o(.text.HAL_TIMEx_BreakCallback)
    HAL_TIMEx_CommutCallback                 0x08001b2d   Thumb Code     2  stm32f4xx_hal_tim_ex.o(.text.HAL_TIMEx_CommutCallback)
    HAL_TIMEx_ConfigBreakDeadTime            0x08001b31   Thumb Code    76  stm32f4xx_hal_tim_ex.o(.text.HAL_TIMEx_ConfigBreakDeadTime)
    HAL_TIMEx_MasterConfigSynchronization    0x08001b7d   Thumb Code   186  stm32f4xx_hal_tim_ex.o(.text.HAL_TIMEx_MasterConfigSynchronization)
    HAL_TIM_Base_Init                        0x08001c39   Thumb Code    90  stm32f4xx_hal_tim.o(.text.HAL_TIM_Base_Init)
    HAL_TIM_Base_MspInit                     0x08001c95   Thumb Code    72  stm32f4xx_hal_msp.o(.text.HAL_TIM_Base_MspInit)
    HAL_TIM_Base_Start_IT                    0x08001cdd   Thumb Code   170  stm32f4xx_hal_tim.o(.text.HAL_TIM_Base_Start_IT)
    HAL_TIM_ConfigClockSource                0x08001d89   Thumb Code   416  stm32f4xx_hal_tim.o(.text.HAL_TIM_ConfigClockSource)
    HAL_TIM_Encoder_Init                     0x08001f29   Thumb Code   178  stm32f4xx_hal_tim.o(.text.HAL_TIM_Encoder_Init)
    HAL_TIM_Encoder_MspInit                  0x08001fdd   Thumb Code   196  stm32f4xx_hal_msp.o(.text.HAL_TIM_Encoder_MspInit)
    HAL_TIM_Encoder_Start                    0x080020a1   Thumb Code   188  stm32f4xx_hal_tim.o(.text.HAL_TIM_Encoder_Start)
    HAL_TIM_IC_CaptureCallback               0x0800215d   Thumb Code     2  stm32f4xx_hal_tim.o(.text.HAL_TIM_IC_CaptureCallback)
    HAL_TIM_IRQHandler                       0x08002161   Thumb Code   334  stm32f4xx_hal_tim.o(.text.HAL_TIM_IRQHandler)
    HAL_TIM_MspPostInit                      0x080022b1   Thumb Code   158  stm32f4xx_hal_msp.o(.text.HAL_TIM_MspPostInit)
    HAL_TIM_OC_DelayElapsedCallback          0x08002351   Thumb Code     2  stm32f4xx_hal_tim.o(.text.HAL_TIM_OC_DelayElapsedCallback)
    HAL_TIM_PWM_ConfigChannel                0x08002355   Thumb Code   544  stm32f4xx_hal_tim.o(.text.HAL_TIM_PWM_ConfigChannel)
    HAL_TIM_PWM_Init                         0x08002575   Thumb Code    90  stm32f4xx_hal_tim.o(.text.HAL_TIM_PWM_Init)
    HAL_TIM_PWM_MspInit                      0x080025d1   Thumb Code    98  stm32f4xx_hal_msp.o(.text.HAL_TIM_PWM_MspInit)
    HAL_TIM_PWM_PulseFinishedCallback        0x08002635   Thumb Code     2  stm32f4xx_hal_tim.o(.text.HAL_TIM_PWM_PulseFinishedCallback)
    HAL_TIM_PWM_Start                        0x08002639   Thumb Code   270  stm32f4xx_hal_tim.o(.text.HAL_TIM_PWM_Start)
    HAL_TIM_PeriodElapsedCallback            0x08002749   Thumb Code    36  main.o(.text.HAL_TIM_PeriodElapsedCallback)
    HAL_TIM_TriggerCallback                  0x0800276d   Thumb Code     2  stm32f4xx_hal_tim.o(.text.HAL_TIM_TriggerCallback)
    HAL_UARTEx_ReceiveToIdle_DMA             0x08002771   Thumb Code   494  stm32f4xx_hal_uart.o(.text.HAL_UARTEx_ReceiveToIdle_DMA)
    HAL_UARTEx_RxEventCallback               0x08002961   Thumb Code   116  main.o(.text.HAL_UARTEx_RxEventCallback)
    HAL_UART_ErrorCallback                   0x080029d5   Thumb Code     2  stm32f4xx_hal_uart.o(.text.HAL_UART_ErrorCallback)
    HAL_UART_IRQHandler                      0x080029d9   Thumb Code  1428  stm32f4xx_hal_uart.o(.text.HAL_UART_IRQHandler)
    HAL_UART_Init                            0x08002f6d   Thumb Code    96  stm32f4xx_hal_uart.o(.text.HAL_UART_Init)
    HAL_UART_MspInit                         0x08002fcd   Thumb Code   296  stm32f4xx_hal_msp.o(.text.HAL_UART_MspInit)
    HAL_UART_RxCpltCallback                  0x080030f5   Thumb Code     2  stm32f4xx_hal_uart.o(.text.HAL_UART_RxCpltCallback)
    HAL_UART_RxHalfCpltCallback              0x080030f9   Thumb Code     2  stm32f4xx_hal_uart.o(.text.HAL_UART_RxHalfCpltCallback)
    HAL_UART_Transmit                        0x080030fd   Thumb Code   402  stm32f4xx_hal_uart.o(.text.HAL_UART_Transmit)
    HAL_UART_TxCpltCallback                  0x08003291   Thumb Code     2  stm32f4xx_hal_uart.o(.text.HAL_UART_TxCpltCallback)
    HardFault_Handler                        0x08003295   Thumb Code     2  stm32f4xx_it.o(.text.HardFault_Handler)
    IICwriteBit                              0x08003921   Thumb Code   104  i2c.o(.text.IICwriteBit)
    IICwriteBits                             0x08003989   Thumb Code   124  i2c.o(.text.IICwriteBits)
    MPU6050_initialize                       0x08003a05   Thumb Code    94  mpu6050.o(.text.MPU6050_initialize)
    MemManage_Handler                        0x08003a65   Thumb Code     2  stm32f4xx_it.o(.text.MemManage_Handler)
    NMI_Handler                              0x08003a69   Thumb Code     2  stm32f4xx_it.o(.text.NMI_Handler)
    PendSV_Handler                           0x08003a6d   Thumb Code     2  stm32f4xx_it.o(.text.PendSV_Handler)
    Process_IMU_All_LPF                      0x08003a71   Thumb Code   504  mpu6050.o(.text.Process_IMU_All_LPF)
    Read_DMP                                 0x08003c81   Thumb Code   408  mpu6050.o(.text.Read_DMP)
    SVC_Handler                              0x08003e39   Thumb Code     2  stm32f4xx_it.o(.text.SVC_Handler)
    SysTick_Handler                          0x08003e3d   Thumb Code     4  stm32f4xx_it.o(.text.SysTick_Handler)
    SystemClock_Config                       0x08003e41   Thumb Code   168  main.o(.text.SystemClock_Config)
    SystemInit                               0x08003ee9   Thumb Code    18  system_stm32f4xx.o(.text.SystemInit)
    TIM2_IRQHandler                          0x08003efd   Thumb Code    12  stm32f4xx_it.o(.text.TIM2_IRQHandler)
    TIM3_IRQHandler                          0x08003f09   Thumb Code    12  stm32f4xx_it.o(.text.TIM3_IRQHandler)
    TIM5_IRQHandler                          0x08003f15   Thumb Code    12  stm32f4xx_it.o(.text.TIM5_IRQHandler)
    TIM_Base_SetConfig                       0x08003f21   Thumb Code   314  stm32f4xx_hal_tim.o(.text.TIM_Base_SetConfig)
    USART1_IRQHandler                        0x08004545   Thumb Code    12  stm32f4xx_it.o(.text.USART1_IRQHandler)
    USART6_IRQHandler                        0x08004551   Thumb Code    12  stm32f4xx_it.o(.text.USART6_IRQHandler)
    UsageFault_Handler                       0x0800455d   Thumb Code     2  stm32f4xx_it.o(.text.UsageFault_Handler)
    dmp_enable_feature                       0x0800458d   Thumb Code   672  inv_mpu_dmp_motion_driver.o(.text.dmp_enable_feature)
    dmp_load_motion_driver_firmware          0x0800482d   Thumb Code    22  inv_mpu_dmp_motion_driver.o(.text.dmp_load_motion_driver_firmware)
    dmp_read_fifo                            0x08004845   Thumb Code   436  inv_mpu_dmp_motion_driver.o(.text.dmp_read_fifo)
    dmp_set_fifo_rate                        0x080049f9   Thumb Code   112  inv_mpu_dmp_motion_driver.o(.text.dmp_set_fifo_rate)
    dmp_set_gyro_bias                        0x08004a69   Thumb Code   224  inv_mpu_dmp_motion_driver.o(.text.dmp_set_gyro_bias)
    dmp_set_orientation                      0x08004b49   Thumb Code   232  inv_mpu_dmp_motion_driver.o(.text.dmp_set_orientation)
    dmp_set_tap_thresh                       0x08004c31   Thumb Code   260  inv_mpu_dmp_motion_driver.o(.text.dmp_set_tap_thresh)
    i2c_read                                 0x080050a9   Thumb Code    40  i2c.o(.text.i2c_read)
    i2c_write                                0x080050d1   Thumb Code    40  i2c.o(.text.i2c_write)
    main                                     0x080050f9   Thumb Code  3352  main.o(.text.main)
    mpu_configure_fifo                       0x08005e39   Thumb Code   164  inv_mpu.o(.text.mpu_configure_fifo)
    mpu_get_accel_fsr                        0x08005edd   Thumb Code    54  inv_mpu.o(.text.mpu_get_accel_fsr)
    mpu_get_accel_sens                       0x08005f15   Thumb Code    48  inv_mpu.o(.text.mpu_get_accel_sens)
    mpu_get_gyro_sens                        0x08005f55   Thumb Code    32  inv_mpu.o(.text.mpu_get_gyro_sens)
    mpu_init                                 0x08005f85   Thumb Code   324  inv_mpu.o(.text.mpu_init)
    mpu_load_firmware                        0x080060c9   Thumb Code   314  inv_mpu.o(.text.mpu_load_firmware)
    mpu_lp_accel_mode                        0x08006205   Thumb Code   556  inv_mpu.o(.text.mpu_lp_accel_mode)
    mpu_read_fifo_stream                     0x08006431   Thumb Code   190  inv_mpu.o(.text.mpu_read_fifo_stream)
    mpu_reset_fifo                           0x080064f1   Thumb Code   378  inv_mpu.o(.text.mpu_reset_fifo)
    mpu_run_self_test                        0x0800666d   Thumb Code   468  inv_mpu.o(.text.mpu_run_self_test)
    mpu_set_accel_fsr                        0x08006861   Thumb Code   110  inv_mpu.o(.text.mpu_set_accel_fsr)
    mpu_set_bypass                           0x080068d1   Thumb Code   238  inv_mpu.o(.text.mpu_set_bypass)
    mpu_set_dmp_state                        0x080069c1   Thumb Code   224  inv_mpu.o(.text.mpu_set_dmp_state)
    mpu_set_lpf                              0x08006aa1   Thumb Code   156  inv_mpu.o(.text.mpu_set_lpf)
    mpu_set_sample_rate                      0x08006b3d   Thumb Code   328  inv_mpu.o(.text.mpu_set_sample_rate)
    mpu_set_sensors                          0x08006c85   Thumb Code   228  inv_mpu.o(.text.mpu_set_sensors)
    mpu_write_mem                            0x08006d69   Thumb Code   128  inv_mpu.o(.text.mpu_write_mem)
    __ARM_fpclassifyf                        0x08006de9   Thumb Code    38  fpclassifyf.o(i.__ARM_fpclassifyf)
    __hardfp_cosf                            0x08006e11   Thumb Code   280  cosf.o(i.__hardfp_cosf)
    __hardfp_sinf                            0x08006f61   Thumb Code   344  sinf.o(i.__hardfp_sinf)
    __mathlib_flt_infnan                     0x080070f1   Thumb Code     6  funder.o(i.__mathlib_flt_infnan)
    __mathlib_flt_invalid                    0x080070f9   Thumb Code    10  funder.o(i.__mathlib_flt_invalid)
    __mathlib_flt_underflow                  0x08007109   Thumb Code    10  funder.o(i.__mathlib_flt_underflow)
    __mathlib_rredf2                         0x08007119   Thumb Code   316  rredf.o(i.__mathlib_rredf2)
    _fp_init                                 0x0800726d   Thumb Code    26  fpinit.o(x$fpl$fpinit)
    __fplib_config_fpu_vfp                   0x08007285   Thumb Code     0  fpinit.o(x$fpl$fpinit)
    __fplib_config_pureend_doubles           0x08007285   Thumb Code     0  fpinit.o(x$fpl$fpinit)
    __I$use$fp                               0x08007286   Number         0  usenofp.o(x$fpl$usenofp)
    AHBPrescTable                            0x080072ae   Data          16  system_stm32f4xx.o(.rodata.AHBPrescTable)
    APBPrescTable                            0x080072be   Data           8  system_stm32f4xx.o(.rodata.APBPrescTable)
    hw                                       0x08007edc   Data          12  inv_mpu.o(.rodata.hw)
    reg                                      0x08007ee8   Data          30  inv_mpu.o(.rodata.reg)
    test                                     0x08007f08   Data          40  inv_mpu.o(.rodata.test)
    Region$$Table$$Base                      0x08007f30   Number         0  anon$$obj.o(Region$$Table)
    Region$$Table$$Limit                     0x08007f50   Number         0  anon$$obj.o(Region$$Table)
    alpha_vel_left                           0x20000000   Data           4  main.o(.data..L_MergedGlobals)
    alpha_vel_right                          0x20000004   Data           4  main.o(.data..L_MergedGlobals)
    Kp_L                                     0x20000008   Data           4  main.o(.data..L_MergedGlobals)
    Ki_L                                     0x2000000c   Data           4  main.o(.data..L_MergedGlobals)
    Kp_R                                     0x20000010   Data           4  main.o(.data..L_MergedGlobals)
    Ki_R                                     0x20000014   Data           4  main.o(.data..L_MergedGlobals)
    Kp_angle                                 0x20000018   Data           4  main.o(.data..L_MergedGlobals)
    alpha_d_angle                            0x2000001c   Data           4  main.o(.data..L_MergedGlobals)
    uwTickFreq                               0x20000020   Data           1  stm32f4xx_hal.o(.data..L_MergedGlobals)
    uwTickPrio                               0x20000024   Data           4  stm32f4xx_hal.o(.data..L_MergedGlobals)
    SystemCoreClock                          0x20000028   Data           4  system_stm32f4xx.o(.data.SystemCoreClock)
    gyro_orientation                         0x2000002c   Data           9  mpu6050.o(.data.gyro_orientation)
    __libspace_start                         0x20000068   Data          96  libspace.o(.bss)
    __temporary_stack_top$libspace           0x200000c8   Data           0  libspace.o(.bss)
    Is_Calibrated                            0x200000d8   Data           1  mpu6050.o(.bss..L_MergedGlobals)
    startup_delay                            0x200000da   Data           2  mpu6050.o(.bss..L_MergedGlobals)
    calib_count                              0x200000dc   Data           2  mpu6050.o(.bss..L_MergedGlobals)
    sensors                                  0x200000de   Data           2  mpu6050.o(.bss..L_MergedGlobals)
    Final_Accel_X                            0x200000e0   Data           4  mpu6050.o(.bss..L_MergedGlobals)
    Final_Accel_Y                            0x200000e4   Data           4  mpu6050.o(.bss..L_MergedGlobals)
    Offset_accX                              0x200000e8   Data           4  mpu6050.o(.bss..L_MergedGlobals)
    Offset_accY                              0x200000ec   Data           4  mpu6050.o(.bss..L_MergedGlobals)
    Offset_accZ                              0x200000f0   Data           4  mpu6050.o(.bss..L_MergedGlobals)
    sum_x                                    0x200000f4   Data           4  mpu6050.o(.bss..L_MergedGlobals)
    sum_y                                    0x200000f8   Data           4  mpu6050.o(.bss..L_MergedGlobals)
    sum_z                                    0x200000fc   Data           4  mpu6050.o(.bss..L_MergedGlobals)
    Gyro_Sum_X                               0x20000100   Data           4  mpu6050.o(.bss..L_MergedGlobals)
    Gyro_Sum_Y                               0x20000104   Data           4  mpu6050.o(.bss..L_MergedGlobals)
    Gyro_Sum_Z                               0x20000108   Data           4  mpu6050.o(.bss..L_MergedGlobals)
    Gyro_Offset_X                            0x2000010c   Data           4  mpu6050.o(.bss..L_MergedGlobals)
    Gyro_Offset_Y                            0x20000110   Data           4  mpu6050.o(.bss..L_MergedGlobals)
    Gyro_Offset_Z                            0x20000114   Data           4  mpu6050.o(.bss..L_MergedGlobals)
    Real_Gyro_X                              0x20000118   Data           4  mpu6050.o(.bss..L_MergedGlobals)
    Real_Gyro_Y                              0x2000011c   Data           4  mpu6050.o(.bss..L_MergedGlobals)
    Real_Gyro_Z                              0x20000120   Data           4  mpu6050.o(.bss..L_MergedGlobals)
    Final_Gyro_Z                             0x20000124   Data           4  mpu6050.o(.bss..L_MergedGlobals)
    last_yaw_time                            0x20000128   Data           4  mpu6050.o(.bss..L_MergedGlobals)
    Real_Accel_X                             0x2000012c   Data           4  mpu6050.o(.bss..L_MergedGlobals)
    Real_Accel_Y                             0x20000130   Data           4  mpu6050.o(.bss..L_MergedGlobals)
    Real_Accel_Z                             0x20000134   Data           4  mpu6050.o(.bss..L_MergedGlobals)
    acc_calibrated_x                         0x20000138   Data           4  mpu6050.o(.bss..L_MergedGlobals)
    acc_calibrated_y                         0x2000013c   Data           4  mpu6050.o(.bss..L_MergedGlobals)
    acc_calibrated_z                         0x20000140   Data           4  mpu6050.o(.bss..L_MergedGlobals)
    gy_calibrated_x                          0x20000144   Data           4  mpu6050.o(.bss..L_MergedGlobals)
    gy_calibrated_y                          0x20000148   Data           4  mpu6050.o(.bss..L_MergedGlobals)
    gy_calibrated_z                          0x2000014c   Data           4  mpu6050.o(.bss..L_MergedGlobals)
    buzzer_done_flag                         0x20000154   Data           1  main.o(.bss..L_MergedGlobals.1)
    mpu_data_ready_flag                      0x20000155   Data           1  main.o(.bss..L_MergedGlobals.1)
    pid_trigger                              0x20000156   Data           1  main.o(.bss..L_MergedGlobals.1)
    calib_step_state                         0x20000157   Data           1  main.o(.bss..L_MergedGlobals.1)
    uart_flag                                0x20000158   Data           1  main.o(.bss..L_MergedGlobals.1)
    motor_L_output                           0x2000015a   Data           2  main.o(.bss..L_MergedGlobals.1)
    motor_R_output                           0x2000015c   Data           2  main.o(.bss..L_MergedGlobals.1)
    uart_timeout_counter                     0x2000015e   Data           2  main.o(.bss..L_MergedGlobals.1)
    Kb_L                                     0x20000160   Data           4  main.o(.bss..L_MergedGlobals.1)
    error_sat_p_L                            0x20000164   Data           4  main.o(.bss..L_MergedGlobals.1)
    error_sat_L                              0x20000168   Data           4  main.o(.bss..L_MergedGlobals.1)
    ui_p_L                                   0x2000016c   Data           4  main.o(.bss..L_MergedGlobals.1)
    setpoint_L                               0x20000170   Data           4  main.o(.bss..L_MergedGlobals.1)
    Kb_R                                     0x20000174   Data           4  main.o(.bss..L_MergedGlobals.1)
    error_sat_p_R                            0x20000178   Data           4  main.o(.bss..L_MergedGlobals.1)
    error_sat_R                              0x2000017c   Data           4  main.o(.bss..L_MergedGlobals.1)
    ui_p_R                                   0x20000180   Data           4  main.o(.bss..L_MergedGlobals.1)
    setpoint_R                               0x20000184   Data           4  main.o(.bss..L_MergedGlobals.1)
    Ki_angle                                 0x20000188   Data           4  main.o(.bss..L_MergedGlobals.1)
    Kd_angle                                 0x2000018c   Data           4  main.o(.bss..L_MergedGlobals.1)
    Kb_angle                                 0x20000190   Data           4  main.o(.bss..L_MergedGlobals.1)
    angle_error                              0x20000194   Data           4  main.o(.bss..L_MergedGlobals.1)
    angle_last_error                         0x20000198   Data           4  main.o(.bss..L_MergedGlobals.1)
    angle_integral                           0x2000019c   Data           4  main.o(.bss..L_MergedGlobals.1)
    error_sat_p_angle                        0x200001a0   Data           4  main.o(.bss..L_MergedGlobals.1)
    last_ud_f_angle                          0x200001a4   Data           4  main.o(.bss..L_MergedGlobals.1)
    target_speed_rad_s                       0x200001a8   Data           4  main.o(.bss..L_MergedGlobals.1)
    run_time_counter                         0x200001ac   Data           4  main.o(.bss..L_MergedGlobals.1)
    Target_Yaw                               0x200001b0   Data           4  main.o(.bss..L_MergedGlobals.1)
    calib_wheel_yaw_rad                      0x200001b4   Data           4  main.o(.bss..L_MergedGlobals.1)
    calib_wheel_yaw_deg                      0x200001b8   Data           4  main.o(.bss..L_MergedGlobals.1)
    recommended_base_link                    0x200001bc   Data           4  main.o(.bss..L_MergedGlobals.1)
    x                                        0x200001c0   Data           4  main.o(.bss..L_MergedGlobals.1)
    y                                        0x200001c4   Data           4  main.o(.bss..L_MergedGlobals.1)
    omega                                    0x200001c8   Data           4  main.o(.bss..L_MergedGlobals.1)
    theta                                    0x200001cc   Data           4  main.o(.bss..L_MergedGlobals.1)
    gz_smooth_10ms                           0x200001d4   Data           4  mpu6050.o(.bss..L_MergedGlobals.2)
    Robot_Yaw                                0x200001d8   Data           4  mpu6050.o(.bss..L_MergedGlobals.2)
    gyro                                     0x200001e0   Data           6  mpu6050.o(.bss..L_MergedGlobals.2)
    accel                                    0x200001e6   Data           6  mpu6050.o(.bss..L_MergedGlobals.2)
    gravity                                  0x200001ec   Data          12  mpu6050.o(.bss..L_MergedGlobals.2)
    left_rad_raw                             0x200001f8   Data           4  main.o(.bss..L_MergedGlobals.2)
    left_vel_raw                             0x200001fc   Data           4  main.o(.bss..L_MergedGlobals.2)
    left_rad_filt                            0x20000200   Data           4  main.o(.bss..L_MergedGlobals.2)
    left_vel_filt                            0x20000204   Data           4  main.o(.bss..L_MergedGlobals.2)
    right_rad_raw                            0x20000208   Data           4  main.o(.bss..L_MergedGlobals.2)
    right_vel_raw                            0x2000020c   Data           4  main.o(.bss..L_MergedGlobals.2)
    right_rad_filt                           0x20000210   Data           4  main.o(.bss..L_MergedGlobals.2)
    right_vel_filt                           0x20000214   Data           4  main.o(.bss..L_MergedGlobals.2)
    linear_x                                 0x2000021c   Data           4  main.o(.bss..L_MergedGlobals.2)
    angular_z                                0x20000224   Data           4  main.o(.bss..L_MergedGlobals.2)
    rxFrame                                  0x20000228   Data          10  main.o(.bss..L_MergedGlobals.2)
    txFrame                                  0x20000232   Data          14  main.o(.bss..L_MergedGlobals.2)
    LeftEncoder                              0x20000240   Data          28  main.o(.bss..L_MergedGlobals.2)
    RightEncoder                             0x2000025c   Data          28  main.o(.bss..L_MergedGlobals.3)
    huart1                                   0x20000278   Data          72  main.o(.bss..L_MergedGlobals.3)
    buffer                                   0x200002c0   Data          14  mpu6050.o(.bss.buffer)
    hdma_usart1_rx                           0x200002d8   Data          96  main.o(.bss.hdma_usart1_rx)
    hi2c1                                    0x20000338   Data          84  main.o(.bss.hi2c1)
    htim2                                    0x2000038c   Data          72  main.o(.bss.htim2)
    htim3                                    0x200003d4   Data          72  main.o(.bss.htim3)
    htim4                                    0x2000041c   Data          72  main.o(.bss.htim4)
    htim5                                    0x20000464   Data          72  main.o(.bss.htim5)
    htim8                                    0x200004ac   Data          72  main.o(.bss.htim8)
    huart6                                   0x200004f4   Data          72  main.o(.bss.huart6)
    uwTick                                   0x2000053c   Data           4  stm32f4xx_hal.o(.bss.uwTick)



==============================================================================

Memory Map of the image

  Image Entry point : 0x08000189

  Load Region LR_IROM1 (Base: 0x08000000, Size: 0x00007fb8, Max: 0x00080000, ABSOLUTE)

    Execution Region ER_IROM1 (Exec base: 0x08000000, Load base: 0x08000000, Size: 0x00007f50, Max: 0x00080000, ABSOLUTE)

    Exec Addr    Load Addr    Size         Type   Attr      Idx    E Section Name        Object

    0x08000000   0x08000000   0x00000188   Data   RO            3    RESET               startup_stm32f407xx.o
    0x08000188   0x08000188   0x00000008   Code   RO         1415  * !!!main             c_w.l(__main.o)
    0x08000190   0x08000190   0x0000005c   Code   RO         1655    !!!scatter          c_w.l(__scatter.o)
    0x080001ec   0x080001ec   0x0000001a   Code   RO         1659    !!handler_copy      c_w.l(__scatter_copy.o)
    0x08000206   0x08000206   0x00000002   PAD
    0x08000208   0x08000208   0x00000002   Code   RO         1656    !!handler_null      c_w.l(__scatter.o)
    0x0800020a   0x0800020a   0x00000002   PAD
    0x0800020c   0x0800020c   0x0000001c   Code   RO         1661    !!handler_zi        c_w.l(__scatter_zi.o)
    0x08000228   0x08000228   0x00000002   Code   RO         1520    .ARM.Collect$$libinit$$00000000  c_w.l(libinit.o)
    0x0800022a   0x0800022a   0x00000004   Code   RO         1529    .ARM.Collect$$libinit$$00000001  c_w.l(libinit2.o)
    0x0800022e   0x0800022e   0x00000000   Code   RO         1532    .ARM.Collect$$libinit$$00000004  c_w.l(libinit2.o)
    0x0800022e   0x0800022e   0x00000000   Code   RO         1534    .ARM.Collect$$libinit$$00000006  c_w.l(libinit2.o)
    0x0800022e   0x0800022e   0x00000000   Code   RO         1537    .ARM.Collect$$libinit$$0000000C  c_w.l(libinit2.o)
    0x0800022e   0x0800022e   0x00000000   Code   RO         1539    .ARM.Collect$$libinit$$0000000E  c_w.l(libinit2.o)
    0x0800022e   0x0800022e   0x00000000   Code   RO         1541    .ARM.Collect$$libinit$$00000010  c_w.l(libinit2.o)
    0x0800022e   0x0800022e   0x00000000   Code   RO         1544    .ARM.Collect$$libinit$$00000013  c_w.l(libinit2.o)
    0x0800022e   0x0800022e   0x00000000   Code   RO         1546    .ARM.Collect$$libinit$$00000015  c_w.l(libinit2.o)
    0x0800022e   0x0800022e   0x00000000   Code   RO         1548    .ARM.Collect$$libinit$$00000017  c_w.l(libinit2.o)
    0x0800022e   0x0800022e   0x00000000   Code   RO         1550    .ARM.Collect$$libinit$$00000019  c_w.l(libinit2.o)
    0x0800022e   0x0800022e   0x00000000   Code   RO         1552    .ARM.Collect$$libinit$$0000001B  c_w.l(libinit2.o)
    0x0800022e   0x0800022e   0x00000000   Code   RO         1554    .ARM.Collect$$libinit$$0000001D  c_w.l(libinit2.o)
    0x0800022e   0x0800022e   0x00000000   Code   RO         1556    .ARM.Collect$$libinit$$0000001F  c_w.l(libinit2.o)
    0x0800022e   0x0800022e   0x00000000   Code   RO         1558    .ARM.Collect$$libinit$$00000021  c_w.l(libinit2.o)
    0x0800022e   0x0800022e   0x00000000   Code   RO         1560    .ARM.Collect$$libinit$$00000023  c_w.l(libinit2.o)
    0x0800022e   0x0800022e   0x00000000   Code   RO         1562    .ARM.Collect$$libinit$$00000025  c_w.l(libinit2.o)
    0x0800022e   0x0800022e   0x00000000   Code   RO         1564    .ARM.Collect$$libinit$$00000027  c_w.l(libinit2.o)
    0x0800022e   0x0800022e   0x00000000   Code   RO         1568    .ARM.Collect$$libinit$$0000002E  c_w.l(libinit2.o)
    0x0800022e   0x0800022e   0x00000000   Code   RO         1570    .ARM.Collect$$libinit$$00000030  c_w.l(libinit2.o)
    0x0800022e   0x0800022e   0x00000000   Code   RO         1572    .ARM.Collect$$libinit$$00000032  c_w.l(libinit2.o)
    0x0800022e   0x0800022e   0x00000000   Code   RO         1574    .ARM.Collect$$libinit$$00000034  c_w.l(libinit2.o)
    0x0800022e   0x0800022e   0x00000002   Code   RO         1575    .ARM.Collect$$libinit$$00000035  c_w.l(libinit2.o)
    0x08000230   0x08000230   0x00000002   Code   RO         1610    .ARM.Collect$$libshutdown$$00000000  c_w.l(libshutdown.o)
    0x08000232   0x08000232   0x00000000   Code   RO         1638    .ARM.Collect$$libshutdown$$00000002  c_w.l(libshutdown2.o)
    0x08000232   0x08000232   0x00000000   Code   RO         1640    .ARM.Collect$$libshutdown$$00000004  c_w.l(libshutdown2.o)
    0x08000232   0x08000232   0x00000000   Code   RO         1643    .ARM.Collect$$libshutdown$$00000007  c_w.l(libshutdown2.o)
    0x08000232   0x08000232   0x00000000   Code   RO         1646    .ARM.Collect$$libshutdown$$0000000A  c_w.l(libshutdown2.o)
    0x08000232   0x08000232   0x00000000   Code   RO         1648    .ARM.Collect$$libshutdown$$0000000C  c_w.l(libshutdown2.o)
    0x08000232   0x08000232   0x00000000   Code   RO         1651    .ARM.Collect$$libshutdown$$0000000F  c_w.l(libshutdown2.o)
    0x08000232   0x08000232   0x00000002   Code   RO         1652    .ARM.Collect$$libshutdown$$00000010  c_w.l(libshutdown2.o)
    0x08000234   0x08000234   0x00000000   Code   RO         1441    .ARM.Collect$$rtentry$$00000000  c_w.l(__rtentry.o)
    0x08000234   0x08000234   0x00000000   Code   RO         1481    .ARM.Collect$$rtentry$$00000002  c_w.l(__rtentry2.o)
    0x08000234   0x08000234   0x00000006   Code   RO         1493    .ARM.Collect$$rtentry$$00000004  c_w.l(__rtentry4.o)
    0x0800023a   0x0800023a   0x00000000   Code   RO         1483    .ARM.Collect$$rtentry$$00000009  c_w.l(__rtentry2.o)
    0x0800023a   0x0800023a   0x00000004   Code   RO         1484    .ARM.Collect$$rtentry$$0000000A  c_w.l(__rtentry2.o)
    0x0800023e   0x0800023e   0x00000000   Code   RO         1486    .ARM.Collect$$rtentry$$0000000C  c_w.l(__rtentry2.o)
    0x0800023e   0x0800023e   0x00000008   Code   RO         1487    .ARM.Collect$$rtentry$$0000000D  c_w.l(__rtentry2.o)
    0x08000246   0x08000246   0x00000002   Code   RO         1521    .ARM.Collect$$rtexit$$00000000  c_w.l(rtexit.o)
    0x08000248   0x08000248   0x00000000   Code   RO         1581    .ARM.Collect$$rtexit$$00000002  c_w.l(rtexit2.o)
    0x08000248   0x08000248   0x00000004   Code   RO         1582    .ARM.Collect$$rtexit$$00000003  c_w.l(rtexit2.o)
    0x0800024c   0x0800024c   0x00000006   Code   RO         1583    .ARM.Collect$$rtexit$$00000004  c_w.l(rtexit2.o)
    0x08000252   0x08000252   0x00000002   PAD
    0x08000254   0x08000254   0x00000040   Code   RO            4    .text               startup_stm32f407xx.o
    0x08000294   0x08000294   0x000000f0   Code   RO         1403    .text               c_w.l(lludivv7m.o)
    0x08000384   0x08000384   0x00000074   Code   RO         1405    .text               c_w.l(llsdiv.o)
    0x080003f8   0x080003f8   0x00000058   Code   RO         1407    .text               c_w.l(memcmp.o)
    0x08000450   0x08000450   0x0000004e   Code   RO         1411    .text               c_w.l(rt_memclr_w.o)
    0x0800049e   0x0800049e   0x00000006   Code   RO         1413    .text               c_w.l(heapauxi.o)
    0x080004a4   0x080004a4   0x00000016   Code   RO         1446    .text               c_w.l(_rserrno.o)
    0x080004ba   0x080004ba   0x00000002   PAD
    0x080004bc   0x080004bc   0x00000008   Code   RO         1500    .text               c_w.l(rt_errno_addr_intlibspace.o)
    0x080004c4   0x080004c4   0x00000008   Code   RO         1504    .text               c_w.l(libspace.o)
    0x080004cc   0x080004cc   0x0000004a   Code   RO         1507    .text               c_w.l(sys_stackheap_outer.o)
    0x08000516   0x08000516   0x00000012   Code   RO         1509    .text               c_w.l(exit.o)
    0x08000528   0x08000528   0x0000000c   Code   RO         1576    .text               c_w.l(sys_exit.o)
    0x08000534   0x08000534   0x00000002   Code   RO         1599    .text               c_w.l(use_no_semi.o)
    0x08000536   0x08000536   0x00000000   Code   RO         1601    .text               c_w.l(indicate_semi.o)
    0x08000536   0x08000536   0x00000002   PAD
    0x08000538   0x08000538   0x00000002   Code   RO          357    .text.BusFault_Handler  stm32f4xx_it.o
    0x0800053a   0x0800053a   0x00000002   PAD
    0x0800053c   0x0800053c   0x0000000c   Code   RO          379    .text.DMA2_Stream2_IRQHandler  stm32f4xx_it.o
    0x08000548   0x08000548   0x000001a0   Code   RO          215    .text.DMP_Init      mpu6050.o
    0x080006e8   0x080006e8   0x00000002   Code   RO          363    .text.DebugMon_Handler  stm32f4xx_it.o
    0x080006ea   0x080006ea   0x00000002   PAD
    0x080006ec   0x080006ec   0x00000006   Code   RO          369    .text.EXTI0_IRQHandler  stm32f4xx_it.o
    0x080006f2   0x080006f2   0x00000002   PAD
    0x080006f4   0x080006f4   0x00000014   Code   RO          250    .text.Encoder_Init  encoder.o
    0x08000708   0x08000708   0x00000094   Code   RO          252    .text.Encoder_Update  encoder.o
    0x0800079c   0x0800079c   0x00000006   Code   RO          308    .text.Error_Handler  main.o
    0x080007a2   0x080007a2   0x00000002   PAD
    0x080007a4   0x080007a4   0x0000008e   Code   RO          717    .text.HAL_DMA_Abort  stm32f4xx_hal_dma.o
    0x08000832   0x08000832   0x00000002   PAD
    0x08000834   0x08000834   0x00000024   Code   RO          719    .text.HAL_DMA_Abort_IT  stm32f4xx_hal_dma.o
    0x08000858   0x08000858   0x000001c4   Code   RO          723    .text.HAL_DMA_IRQHandler  stm32f4xx_hal_dma.o
    0x08000a1c   0x08000a1c   0x00000162   Code   RO          709    .text.HAL_DMA_Init  stm32f4xx_hal_dma.o
    0x08000b7e   0x08000b7e   0x00000002   PAD
    0x08000b80   0x08000b80   0x000000a2   Code   RO          715    .text.HAL_DMA_Start_IT  stm32f4xx_hal_dma.o
    0x08000c22   0x08000c22   0x00000002   PAD
    0x08000c24   0x08000c24   0x00000028   Code   RO          876    .text.HAL_Delay     stm32f4xx_hal.o
    0x08000c4c   0x08000c4c   0x00000014   Code   RO          280    .text.HAL_GPIO_EXTI_Callback  main.o
    0x08000c60   0x08000c60   0x00000016   Code   RO          683    .text.HAL_GPIO_EXTI_IRQHandler  stm32f4xx_hal_gpio.o
    0x08000c76   0x08000c76   0x00000002   PAD
    0x08000c78   0x08000c78   0x0000019e   Code   RO          671    .text.HAL_GPIO_Init  stm32f4xx_hal_gpio.o
    0x08000e16   0x08000e16   0x00000002   PAD
    0x08000e18   0x08000e18   0x0000000a   Code   RO          677    .text.HAL_GPIO_WritePin  stm32f4xx_hal_gpio.o
    0x08000e22   0x08000e22   0x00000002   PAD
    0x08000e24   0x08000e24   0x0000000c   Code   RO          868    .text.HAL_GetTick   stm32f4xx_hal.o
    0x08000e30   0x08000e30   0x00000164   Code   RO          422    .text.HAL_I2C_Init  stm32f4xx_hal_i2c.o
    0x08000f94   0x08000f94   0x00000258   Code   RO          470    .text.HAL_I2C_Mem_Read  stm32f4xx_hal_i2c.o
    0x080011ec   0x080011ec   0x0000015c   Code   RO          466    .text.HAL_I2C_Mem_Write  stm32f4xx_hal_i2c.o
    0x08001348   0x08001348   0x00000074   Code   RO          392    .text.HAL_I2C_MspInit  stm32f4xx_hal_msp.o
    0x080013bc   0x080013bc   0x0000001a   Code   RO          866    .text.HAL_IncTick   stm32f4xx_hal.o
    0x080013d6   0x080013d6   0x00000002   PAD
    0x080013d8   0x080013d8   0x00000036   Code   RO          856    .text.HAL_Init      stm32f4xx_hal.o
    0x0800140e   0x0800140e   0x00000002   PAD
    0x08001410   0x08001410   0x00000048   Code   RO          858    .text.HAL_InitTick  stm32f4xx_hal.o
    0x08001458   0x08001458   0x00000038   Code   RO          390    .text.HAL_MspInit   stm32f4xx_hal_msp.o
    0x08001490   0x08001490   0x00000022   Code   RO          808    .text.HAL_NVIC_EnableIRQ  stm32f4xx_hal_cortex.o
    0x080014b2   0x080014b2   0x00000002   PAD
    0x080014b4   0x080014b4   0x00000056   Code   RO          806    .text.HAL_NVIC_SetPriority  stm32f4xx_hal_cortex.o
    0x0800150a   0x0800150a   0x00000002   PAD
    0x0800150c   0x0800150c   0x00000020   Code   RO          804    .text.HAL_NVIC_SetPriorityGrouping  stm32f4xx_hal_cortex.o
    0x0800152c   0x0800152c   0x00000164   Code   RO          565    .text.HAL_RCC_ClockConfig  stm32f4xx_hal_rcc.o
    0x08001690   0x08001690   0x00000026   Code   RO          577    .text.HAL_RCC_GetPCLK1Freq  stm32f4xx_hal_rcc.o
    0x080016b6   0x080016b6   0x00000002   PAD
    0x080016b8   0x080016b8   0x00000026   Code   RO          579    .text.HAL_RCC_GetPCLK2Freq  stm32f4xx_hal_rcc.o
    0x080016de   0x080016de   0x00000002   PAD
    0x080016e0   0x080016e0   0x00000070   Code   RO          567    .text.HAL_RCC_GetSysClockFreq  stm32f4xx_hal_rcc.o
    0x08001750   0x08001750   0x000003ac   Code   RO          563    .text.HAL_RCC_OscConfig  stm32f4xx_hal_rcc.o
    0x08001afc   0x08001afc   0x0000002c   Code   RO          816    .text.HAL_SYSTICK_Config  stm32f4xx_hal_cortex.o
    0x08001b28   0x08001b28   0x00000002   Code   RO         1251    .text.HAL_TIMEx_BreakCallback  stm32f4xx_hal_tim_ex.o
    0x08001b2a   0x08001b2a   0x00000002   PAD
    0x08001b2c   0x08001b2c   0x00000002   Code   RO         1247    .text.HAL_TIMEx_CommutCallback  stm32f4xx_hal_tim_ex.o
    0x08001b2e   0x08001b2e   0x00000002   PAD
    0x08001b30   0x08001b30   0x0000004c   Code   RO         1243    .text.HAL_TIMEx_ConfigBreakDeadTime  stm32f4xx_hal_tim_ex.o
    0x08001b7c   0x08001b7c   0x000000ba   Code   RO         1241    .text.HAL_TIMEx_MasterConfigSynchronization  stm32f4xx_hal_tim_ex.o
    0x08001c36   0x08001c36   0x00000002   PAD
    0x08001c38   0x08001c38   0x0000005a   Code   RO          946    .text.HAL_TIM_Base_Init  stm32f4xx_hal_tim.o
    0x08001c92   0x08001c92   0x00000002   PAD
    0x08001c94   0x08001c94   0x00000048   Code   RO          400    .text.HAL_TIM_Base_MspInit  stm32f4xx_hal_msp.o
    0x08001cdc   0x08001cdc   0x000000aa   Code   RO          960    .text.HAL_TIM_Base_Start_IT  stm32f4xx_hal_tim.o
    0x08001d86   0x08001d86   0x00000002   PAD
    0x08001d88   0x08001d88   0x000001a0   Code   RO         1126    .text.HAL_TIM_ConfigClockSource  stm32f4xx_hal_tim.o
    0x08001f28   0x08001f28   0x000000b2   Code   RO         1060    .text.HAL_TIM_Encoder_Init  stm32f4xx_hal_tim.o
    0x08001fda   0x08001fda   0x00000002   PAD
    0x08001fdc   0x08001fdc   0x000000c4   Code   RO          396    .text.HAL_TIM_Encoder_MspInit  stm32f4xx_hal_msp.o
    0x080020a0   0x080020a0   0x000000bc   Code   RO         1068    .text.HAL_TIM_Encoder_Start  stm32f4xx_hal_tim.o
    0x0800215c   0x0800215c   0x00000002   Code   RO         1082    .text.HAL_TIM_IC_CaptureCallback  stm32f4xx_hal_tim.o
    0x0800215e   0x0800215e   0x00000002   PAD
    0x08002160   0x08002160   0x0000014e   Code   RO         1080    .text.HAL_TIM_IRQHandler  stm32f4xx_hal_tim.o
    0x080022ae   0x080022ae   0x00000002   PAD
    0x080022b0   0x080022b0   0x0000009e   Code   RO          402    .text.HAL_TIM_MspPostInit  stm32f4xx_hal_msp.o
    0x0800234e   0x0800234e   0x00000002   PAD
    0x08002350   0x08002350   0x00000002   Code   RO         1084    .text.HAL_TIM_OC_DelayElapsedCallback  stm32f4xx_hal_tim.o
    0x08002352   0x08002352   0x00000002   PAD
    0x08002354   0x08002354   0x00000220   Code   RO         1100    .text.HAL_TIM_PWM_ConfigChannel  stm32f4xx_hal_tim.o
    0x08002574   0x08002574   0x0000005a   Code   RO         1000    .text.HAL_TIM_PWM_Init  stm32f4xx_hal_tim.o
    0x080025ce   0x080025ce   0x00000002   PAD
    0x080025d0   0x080025d0   0x00000062   Code   RO          398    .text.HAL_TIM_PWM_MspInit  stm32f4xx_hal_msp.o
    0x08002632   0x08002632   0x00000002   PAD
    0x08002634   0x08002634   0x00000002   Code   RO         1086    .text.HAL_TIM_PWM_PulseFinishedCallback  stm32f4xx_hal_tim.o
    0x08002636   0x08002636   0x00000002   PAD
    0x08002638   0x08002638   0x0000010e   Code   RO         1008    .text.HAL_TIM_PWM_Start  stm32f4xx_hal_tim.o
    0x08002746   0x08002746   0x00000002   PAD
    0x08002748   0x08002748   0x00000024   Code   RO          296    .text.HAL_TIM_PeriodElapsedCallback  main.o
    0x0800276c   0x0800276c   0x00000002   Code   RO         1090    .text.HAL_TIM_TriggerCallback  stm32f4xx_hal_tim.o
    0x0800276e   0x0800276e   0x00000002   PAD
    0x08002770   0x08002770   0x000001ee   Code   RO         1313    .text.HAL_UARTEx_ReceiveToIdle_DMA  stm32f4xx_hal_uart.o
    0x0800295e   0x0800295e   0x00000002   PAD
    0x08002960   0x08002960   0x00000074   Code   RO          294    .text.HAL_UARTEx_RxEventCallback  main.o
    0x080029d4   0x080029d4   0x00000002   Code   RO         1349    .text.HAL_UART_ErrorCallback  stm32f4xx_hal_uart.o
    0x080029d6   0x080029d6   0x00000002   PAD
    0x080029d8   0x080029d8   0x00000594   Code   RO         1343    .text.HAL_UART_IRQHandler  stm32f4xx_hal_uart.o
    0x08002f6c   0x08002f6c   0x00000060   Code   RO         1265    .text.HAL_UART_Init  stm32f4xx_hal_uart.o
    0x08002fcc   0x08002fcc   0x00000128   Code   RO          410    .text.HAL_UART_MspInit  stm32f4xx_hal_msp.o
    0x080030f4   0x080030f4   0x00000002   Code   RO         1357    .text.HAL_UART_RxCpltCallback  stm32f4xx_hal_uart.o
    0x080030f6   0x080030f6   0x00000002   PAD
    0x080030f8   0x080030f8   0x00000002   Code   RO         1359    .text.HAL_UART_RxHalfCpltCallback  stm32f4xx_hal_uart.o
    0x080030fa   0x080030fa   0x00000002   PAD
    0x080030fc   0x080030fc   0x00000192   Code   RO         1281    .text.HAL_UART_Transmit  stm32f4xx_hal_uart.o
    0x0800328e   0x0800328e   0x00000002   PAD
    0x08003290   0x08003290   0x00000002   Code   RO         1353    .text.HAL_UART_TxCpltCallback  stm32f4xx_hal_uart.o
    0x08003292   0x08003292   0x00000002   PAD
    0x08003294   0x08003294   0x00000002   Code   RO          353    .text.HardFault_Handler  stm32f4xx_it.o
    0x08003296   0x08003296   0x00000002   PAD
    0x08003298   0x08003298   0x00000112   Code   RO          472    .text.I2C_RequestMemoryRead  stm32f4xx_hal_i2c.o
    0x080033aa   0x080033aa   0x00000002   PAD
    0x080033ac   0x080033ac   0x000000c8   Code   RO          468    .text.I2C_RequestMemoryWrite  stm32f4xx_hal_i2c.o
    0x08003474   0x08003474   0x000000ba   Code   RO          436    .text.I2C_WaitOnBTFFlagUntilTimeout  stm32f4xx_hal_i2c.o
    0x0800352e   0x0800352e   0x00000002   PAD
    0x08003530   0x08003530   0x000001ca   Code   RO          432    .text.I2C_WaitOnFlagUntilTimeout  stm32f4xx_hal_i2c.o
    0x080036fa   0x080036fa   0x00000002   PAD
    0x080036fc   0x080036fc   0x000000d6   Code   RO          550    .text.I2C_WaitOnMasterAddressFlagUntilTimeout  stm32f4xx_hal_i2c.o
    0x080037d2   0x080037d2   0x00000002   PAD
    0x080037d4   0x080037d4   0x00000090   Code   RO          440    .text.I2C_WaitOnRXNEFlagUntilTimeout  stm32f4xx_hal_i2c.o
    0x08003864   0x08003864   0x000000ba   Code   RO          434    .text.I2C_WaitOnTXEFlagUntilTimeout  stm32f4xx_hal_i2c.o
    0x0800391e   0x0800391e   0x00000002   PAD
    0x08003920   0x08003920   0x00000068   Code   RO           15    .text.IICwriteBit   i2c.o
    0x08003988   0x08003988   0x0000007c   Code   RO           17    .text.IICwriteBits  i2c.o
    0x08003a04   0x08003a04   0x0000005e   Code   RO          213    .text.MPU6050_initialize  mpu6050.o
    0x08003a62   0x08003a62   0x00000002   PAD
    0x08003a64   0x08003a64   0x00000002   Code   RO          355    .text.MemManage_Handler  stm32f4xx_it.o
    0x08003a66   0x08003a66   0x00000002   PAD
    0x08003a68   0x08003a68   0x00000002   Code   RO          351    .text.NMI_Handler   stm32f4xx_it.o
    0x08003a6a   0x08003a6a   0x00000002   PAD
    0x08003a6c   0x08003a6c   0x00000002   Code   RO          365    .text.PendSV_Handler  stm32f4xx_it.o
    0x08003a6e   0x08003a6e   0x00000002   PAD
    0x08003a70   0x08003a70   0x00000210   Code   RO          219    .text.Process_IMU_All_LPF  mpu6050.o
    0x08003c80   0x08003c80   0x000001b8   Code   RO          221    .text.Read_DMP      mpu6050.o
    0x08003e38   0x08003e38   0x00000002   Code   RO          361    .text.SVC_Handler   stm32f4xx_it.o
    0x08003e3a   0x08003e3a   0x00000002   PAD
    0x08003e3c   0x08003e3c   0x00000004   Code   RO          367    .text.SysTick_Handler  stm32f4xx_it.o
    0x08003e40   0x08003e40   0x000000a8   Code   RO          306    .text.SystemClock_Config  main.o
    0x08003ee8   0x08003ee8   0x00000012   Code   RO         1387    .text.SystemInit    system_stm32f4xx.o
    0x08003efa   0x08003efa   0x00000002   PAD
    0x08003efc   0x08003efc   0x0000000c   Code   RO          371    .text.TIM2_IRQHandler  stm32f4xx_it.o
    0x08003f08   0x08003f08   0x0000000c   Code   RO          373    .text.TIM3_IRQHandler  stm32f4xx_it.o
    0x08003f14   0x08003f14   0x0000000c   Code   RO          377    .text.TIM5_IRQHandler  stm32f4xx_it.o
    0x08003f20   0x08003f20   0x0000013a   Code   RO          950    .text.TIM_Base_SetConfig  stm32f4xx_hal_tim.o
    0x0800405a   0x0800405a   0x00000002   PAD
    0x0800405c   0x0800405c   0x0000000a   Code   RO         1347    .text.UART_DMAAbortOnError  stm32f4xx_hal_uart.o
    0x08004066   0x08004066   0x00000002   PAD
    0x08004068   0x08004068   0x0000017c   Code   RO         1297    .text.UART_DMAError  stm32f4xx_hal_uart.o
    0x080041e4   0x080041e4   0x0000015e   Code   RO         1375    .text.UART_DMAReceiveCplt  stm32f4xx_hal_uart.o
    0x08004342   0x08004342   0x00000002   PAD
    0x08004344   0x08004344   0x00000018   Code   RO         1377    .text.UART_DMARxHalfCplt  stm32f4xx_hal_uart.o
    0x0800435c   0x0800435c   0x000000fe   Code   RO         1345    .text.UART_Receive_IT  stm32f4xx_hal_uart.o
    0x0800445a   0x0800445a   0x00000002   PAD
    0x0800445c   0x0800445c   0x000000e6   Code   RO         1269    .text.UART_SetConfig  stm32f4xx_hal_uart.o
    0x08004542   0x08004542   0x00000002   PAD
    0x08004544   0x08004544   0x0000000c   Code   RO          375    .text.USART1_IRQHandler  stm32f4xx_it.o
    0x08004550   0x08004550   0x0000000c   Code   RO          381    .text.USART6_IRQHandler  stm32f4xx_it.o
    0x0800455c   0x0800455c   0x00000002   Code   RO          359    .text.UsageFault_Handler  stm32f4xx_it.o
    0x0800455e   0x0800455e   0x00000002   PAD
    0x08004560   0x08004560   0x0000002a   Code   RO          217    .text.__NVIC_SystemReset  mpu6050.o
    0x0800458a   0x0800458a   0x00000002   PAD
    0x0800458c   0x0800458c   0x000002a0   Code   RO          159    .text.dmp_enable_feature  inv_mpu_dmp_motion_driver.o
    0x0800482c   0x0800482c   0x00000016   Code   RO          123    .text.dmp_load_motion_driver_firmware  inv_mpu_dmp_motion_driver.o
    0x08004842   0x08004842   0x00000002   PAD
    0x08004844   0x08004844   0x000001b4   Code   RO          171    .text.dmp_read_fifo  inv_mpu_dmp_motion_driver.o
    0x080049f8   0x080049f8   0x00000070   Code   RO          131    .text.dmp_set_fifo_rate  inv_mpu_dmp_motion_driver.o
    0x08004a68   0x08004a68   0x000000e0   Code   RO          127    .text.dmp_set_gyro_bias  inv_mpu_dmp_motion_driver.o
    0x08004b48   0x08004b48   0x000000e8   Code   RO          125    .text.dmp_set_orientation  inv_mpu_dmp_motion_driver.o
    0x08004c30   0x08004c30   0x00000148   Code   RO          135    .text.dmp_set_tap_thresh  inv_mpu_dmp_motion_driver.o
    0x08004d78   0x08004d78   0x0000032e   Code   RO           93    .text.get_st_biases  inv_mpu.o
    0x080050a6   0x080050a6   0x00000002   PAD
    0x080050a8   0x080050a8   0x00000028   Code   RO           13    .text.i2c_read      i2c.o
    0x080050d0   0x080050d0   0x00000028   Code   RO           11    .text.i2c_write     i2c.o
    0x080050f8   0x080050f8   0x00000d40   Code   RO          304    .text.main          main.o
    0x08005e38   0x08005e38   0x000000a4   Code   RO           41    .text.mpu_configure_fifo  inv_mpu.o
    0x08005edc   0x08005edc   0x00000036   Code   RO           63    .text.mpu_get_accel_fsr  inv_mpu.o
    0x08005f12   0x08005f12   0x00000002   PAD
    0x08005f14   0x08005f14   0x00000040   Code   RO           75    .text.mpu_get_accel_sens  inv_mpu.o
    0x08005f54   0x08005f54   0x00000030   Code   RO           73    .text.mpu_get_gyro_sens  inv_mpu.o
    0x08005f84   0x08005f84   0x00000144   Code   RO           31    .text.mpu_init      inv_mpu.o
    0x080060c8   0x080060c8   0x0000013a   Code   RO           99    .text.mpu_load_firmware  inv_mpu.o
    0x08006202   0x08006202   0x00000002   PAD
    0x08006204   0x08006204   0x0000022c   Code   RO           47    .text.mpu_lp_accel_mode  inv_mpu.o
    0x08006430   0x08006430   0x000000be   Code   RO           85    .text.mpu_read_fifo_stream  inv_mpu.o
    0x080064ee   0x080064ee   0x00000002   PAD
    0x080064f0   0x080064f0   0x0000017a   Code   RO           59    .text.mpu_reset_fifo  inv_mpu.o
    0x0800666a   0x0800666a   0x00000002   PAD
    0x0800666c   0x0800666c   0x000001f4   Code   RO           89    .text.mpu_run_self_test  inv_mpu.o
    0x08006860   0x08006860   0x0000006e   Code   RO           35    .text.mpu_set_accel_fsr  inv_mpu.o
    0x080068ce   0x080068ce   0x00000002   PAD
    0x080068d0   0x080068d0   0x000000ee   Code   RO           43    .text.mpu_set_bypass  inv_mpu.o
    0x080069be   0x080069be   0x00000002   PAD
    0x080069c0   0x080069c0   0x000000e0   Code   RO           91    .text.mpu_set_dmp_state  inv_mpu.o
    0x08006aa0   0x08006aa0   0x0000009c   Code   RO           37    .text.mpu_set_lpf   inv_mpu.o
    0x08006b3c   0x08006b3c   0x00000148   Code   RO           39    .text.mpu_set_sample_rate  inv_mpu.o
    0x08006c84   0x08006c84   0x000000e4   Code   RO           45    .text.mpu_set_sensors  inv_mpu.o
    0x08006d68   0x08006d68   0x00000080   Code   RO           95    .text.mpu_write_mem  inv_mpu.o
    0x08006de8   0x08006de8   0x00000026   Code   RO         1461    i.__ARM_fpclassifyf  m_wm.l(fpclassifyf.o)
    0x08006e0e   0x08006e0e   0x00000002   PAD
    0x08006e10   0x08006e10   0x00000150   Code   RO         1429    i.__hardfp_cosf     m_wm.l(cosf.o)
    0x08006f60   0x08006f60   0x00000190   Code   RO         1435    i.__hardfp_sinf     m_wm.l(sinf.o)
    0x080070f0   0x080070f0   0x00000006   Code   RO         1464    i.__mathlib_flt_infnan  m_wm.l(funder.o)
    0x080070f6   0x080070f6   0x00000002   PAD
    0x080070f8   0x080070f8   0x00000010   Code   RO         1466    i.__mathlib_flt_invalid  m_wm.l(funder.o)
    0x08007108   0x08007108   0x00000010   Code   RO         1469    i.__mathlib_flt_underflow  m_wm.l(funder.o)
    0x08007118   0x08007118   0x00000154   Code   RO         1477    i.__mathlib_rredf2  m_wm.l(rredf.o)
    0x0800726c   0x0800726c   0x0000001a   Code   RO         1593    x$fpl$fpinit        fz_wm.l(fpinit.o)
    0x08007286   0x08007286   0x00000000   Code   RO         1460    x$fpl$usenofp       fz_wm.l(usenofp.o)
    0x08007286   0x08007286   0x00000002   PAD
    0x08007288   0x08007288   0x00000020   Data   RO         1478    .constdata          m_wm.l(rredf.o)
    0x080072a8   0x080072a8   0x00000003   Data   RO          179    .rodata..L__const.dmp_set_orientation.accel_axes  inv_mpu_dmp_motion_driver.o
    0x080072ab   0x080072ab   0x00000003   Data   RO          178    .rodata..L__const.dmp_set_orientation.gyro_axes  inv_mpu_dmp_motion_driver.o
    0x080072ae   0x080072ae   0x00000010   Data   RO         1392    .rodata.AHBPrescTable  system_stm32f4xx.o
    0x080072be   0x080072be   0x00000008   Data   RO         1393    .rodata.APBPrescTable  system_stm32f4xx.o
    0x080072c6   0x080072c6   0x00000018   Data   RO          113    .rodata.cst8        inv_mpu.o
    0x080072de   0x080072de   0x00000008   Data   RO          733    .rodata.cst8        stm32f4xx_hal_dma.o
    0x080072e6   0x080072e6   0x00000bf6   Data   RO          177    .rodata.dmp_memory  inv_mpu_dmp_motion_driver.o
    0x08007edc   0x08007edc   0x0000000c   Data   RO          110    .rodata.hw          inv_mpu.o
    0x08007ee8   0x08007ee8   0x0000001e   Data   RO          109    .rodata.reg         inv_mpu.o
    0x08007f06   0x08007f06   0x00000002   PAD
    0x08007f08   0x08007f08   0x00000028   Data   RO          111    .rodata.test        inv_mpu.o
    0x08007f30   0x08007f30   0x00000020   Data   RO         1654    Region$$Table       anon$$obj.o


    Execution Region RW_IRAM1 (Exec base: 0x20000000, Load base: 0x08007f50, Size: 0x00000b40, Max: 0x0001c000, ABSOLUTE)

    Exec Addr    Load Addr    Size         Type   Attr      Idx    E Section Name        Object

    0x20000000   0x08007f50   0x00000020   Data   RW          339    .data..L_MergedGlobals  main.o
    0x20000020   0x08007f70   0x00000008   Data   RW          911    .data..L_MergedGlobals  stm32f4xx_hal.o
    0x20000028   0x08007f78   0x00000004   Data   RW         1391    .data.SystemCoreClock  system_stm32f4xx.o
    0x2000002c   0x08007f7c   0x00000009   Data   RW          229    .data.gyro_orientation  mpu6050.o
    0x20000035   0x08007f85   0x00000003   PAD
    0x20000038   0x08007f88   0x0000002c   Data   RW          112    .data.st            inv_mpu.o
    0x20000064   0x08007fb4   0x00000004   PAD
    0x20000068        -       0x00000060   Zero   RW         1505    .bss                c_w.l(libspace.o)
    0x200000c8        -       0x00000010   Zero   RW          186    .bss..L_MergedGlobals  inv_mpu_dmp_motion_driver.o
    0x200000d8        -       0x0000007c   Zero   RW          240    .bss..L_MergedGlobals  mpu6050.o
    0x20000154        -       0x0000007c   Zero   RW          340    .bss..L_MergedGlobals.1  main.o
    0x200001d0        -       0x00000028   Zero   RW          241    .bss..L_MergedGlobals.2  mpu6050.o
    0x200001f8        -       0x00000064   Zero   RW          341    .bss..L_MergedGlobals.2  main.o
    0x2000025c        -       0x00000064   Zero   RW          342    .bss..L_MergedGlobals.3  main.o
    0x200002c0        -       0x0000000e   Zero   RW          238    .bss.buffer         mpu6050.o
    0x200002ce   0x08007fb4   0x00000002   PAD
    0x200002d0        -       0x00000002   Zero   RW          180    .bss.dmp.2          inv_mpu_dmp_motion_driver.o
    0x200002d2   0x08007fb4   0x00000002   PAD
    0x200002d4        -       0x00000002   Zero   RW          181    .bss.dmp.4          inv_mpu_dmp_motion_driver.o
    0x200002d6   0x08007fb4   0x00000002   PAD
    0x200002d8        -       0x00000060   Zero   RW          326    .bss.hdma_usart1_rx  main.o
    0x20000338        -       0x00000054   Zero   RW          333    .bss.hi2c1          main.o
    0x2000038c        -       0x00000048   Zero   RW          330    .bss.htim2          main.o
    0x200003d4        -       0x00000048   Zero   RW          331    .bss.htim3          main.o
    0x2000041c        -       0x00000048   Zero   RW          328    .bss.htim4          main.o
    0x20000464        -       0x00000048   Zero   RW          332    .bss.htim5          main.o
    0x200004ac        -       0x00000048   Zero   RW          329    .bss.htim8          main.o
    0x200004f4        -       0x00000048   Zero   RW          327    .bss.huart6         main.o
    0x2000053c        -       0x00000004   Zero   RW          910    .bss.uwTick         stm32f4xx_hal.o
    0x20000540        -       0x00000200   Zero   RW            2    HEAP                startup_stm32f407xx.o
    0x20000740        -       0x00000400   Zero   RW            1    STACK               startup_stm32f407xx.o


    Execution Region RW_IRAM2 (Exec base: 0x2001c000, Load base: 0x08007fb8, Size: 0x00000000, Max: 0x00004000, ABSOLUTE)

    **** No section assigned to this execution region ****


==============================================================================

Image component sizes


      Code (inc. data)   RO Data    RW Data    ZI Data      Debug   Object Name

       168         20          0          0          0       1874   encoder.o
       308          0          0          0          0       3550   i2c.o
      4818         64        106         44          0      25460   inv_mpu.o
      2026         68       3068          0         20      11469   inv_mpu_dmp_motion_driver.o
      3738        104          0         32        936      30465   main.o
      1520         56          0          9        178      11416   mpu6050.o
        64         26        392          0       1536        852   startup_stm32f407xx.o
       204          0          0          8          4       7316   stm32f4xx_hal.o
       196          0          0          0          0      10734   stm32f4xx_hal_cortex.o
      1146          6          8          0          0      10582   stm32f4xx_hal_dma.o
       446          0          0          0          0       5444   stm32f4xx_hal_gpio.o
      2966          0          0          0          0      44605   stm32f4xx_hal_i2c.o
       992          0          0          0          0      12734   stm32f4xx_hal_msp.o
      1484          4          0          0          0       7643   stm32f4xx_hal_rcc.o
      2602          6          0          0          0      58495   stm32f4xx_hal_tim.o
       266          0          0          0          0      21942   stm32f4xx_hal_tim_ex.o
      3676          0          0          0          0      32810   stm32f4xx_hal_uart.o
        98          0          0          0          0       6350   stm32f4xx_it.o
        18          0         24          4          0       2605   system_stm32f4xx.o

    ----------------------------------------------------------------------
     26864        354       3632        100       2684     306346   Object Totals
         0          0         32          0          0          0   (incl. Generated)
       128          0          2          3         10          0   (incl. Padding)

    ----------------------------------------------------------------------

      Code (inc. data)   RO Data    RW Data    ZI Data      Debug   Library Member Name

         8          0          0          0          0         68   __main.o
         0          0          0          0          0          0   __rtentry.o
        12          0          0          0          0          0   __rtentry2.o
         6          0          0          0          0          0   __rtentry4.o
        94          8          0          0          0          0   __scatter.o
        26          0          0          0          0          0   __scatter_copy.o
        28          0          0          0          0          0   __scatter_zi.o
        22          0          0          0          0        100   _rserrno.o
        18          0          0          0          0         80   exit.o
         6          0          0          0          0        152   heapauxi.o
         0          0          0          0          0          0   indicate_semi.o
         2          0          0          0          0          0   libinit.o
         6          0          0          0          0          0   libinit2.o
         2          0          0          0          0          0   libshutdown.o
         2          0          0          0          0          0   libshutdown2.o
         8          4          0          0         96         68   libspace.o
       116          0          0          0          0         84   llsdiv.o
       240          0          0          0          0        100   lludivv7m.o
        88          0          0          0          0         76   memcmp.o
         8          4          0          0          0         68   rt_errno_addr_intlibspace.o
        78          0          0          0          0         80   rt_memclr_w.o
         2          0          0          0          0          0   rtexit.o
        10          0          0          0          0          0   rtexit2.o
        12          4          0          0          0         68   sys_exit.o
        74          0          0          0          0         80   sys_stackheap_outer.o
         2          0          0          0          0         68   use_no_semi.o
        26          0          0          0          0        116   fpinit.o
         0          0          0          0          0          0   usenofp.o
       336         56          0          0          0        136   cosf.o
        38          0          0          0          0        116   fpclassifyf.o
        38         12          0          0          0        348   funder.o
       340         24         32          0          0        160   rredf.o
       400         56          0          0          0        212   sinf.o

    ----------------------------------------------------------------------
      2064        168         32          0         96       2180   Library Totals
        16          0          0          0          0          0   (incl. Padding)

    ----------------------------------------------------------------------

      Code (inc. data)   RO Data    RW Data    ZI Data      Debug   Library Name

       870         20          0          0         96       1092   c_w.l
        26          0          0          0          0        116   fz_wm.l
      1152        148         32          0          0        972   m_wm.l

    ----------------------------------------------------------------------
      2064        168         32          0         96       2180   Library Totals

    ----------------------------------------------------------------------

==============================================================================


      Code (inc. data)   RO Data    RW Data    ZI Data      Debug   

     28928        522       3664        100       2780     307186   Grand Totals
     28928        522       3664        100       2780     307186   ELF Image Totals
     28928        522       3664        100          0          0   ROM Totals

==============================================================================

    Total RO  Size (Code + RO Data)                32592 (  31.83kB)
    Total RW  Size (RW Data + ZI Data)              2880 (   2.81kB)
    Total ROM Size (Code + RO Data + RW Data)      32692 (  31.93kB)

==============================================================================

