[0.091s] Invoking command in '/home/lab/amr_ws/build/lab_bot': CMAKE_PREFIX_PATH=${CMAKE_PREFIX_PATH}:/opt/ros/humble /usr/bin/cmake --build /home/lab/amr_ws/build/lab_bot -- -j4 -l4
[0.494s] Invoked command in '/home/lab/amr_ws/build/lab_bot' returned '0': CMAKE_PREFIX_PATH=${CMAKE_PREFIX_PATH}:/opt/ros/humble /usr/bin/cmake --build /home/lab/amr_ws/build/lab_bot -- -j4 -l4
[0.537s] Invoking command in '/home/lab/amr_ws/build/lab_bot': CMAKE_PREFIX_PATH=${CMAKE_PREFIX_PATH}:/opt/ros/humble /usr/bin/cmake --install /home/lab/amr_ws/build/lab_bot
[0.570s] -- Install configuration: ""
[0.574s] -- Execute custom install script
[0.583s] -- Up-to-date symlink: /home/lab/amr_ws/install/lab_bot/share/lab_bot/launch/Lidar.launch.py
[0.585s] -- Symlinking: /home/lab/amr_ws/install/lab_bot/share/lab_bot/launch/__pycache__/bringup.launch.cpython-310.pyc
[0.618s] -- Symlinking: /home/lab/amr_ws/install/lab_bot/share/lab_bot/launch/__pycache__/nav_rl.launch.cpython-310.pyc
[0.651s] -- Symlinking: /home/lab/amr_ws/install/lab_bot/share/lab_bot/launch/__pycache__/odom_publisher.cpython-310.pyc
[0.681s] -- Up-to-date symlink: /home/lab/amr_ws/install/lab_bot/share/lab_bot/launch/bringup.launch.py
[0.685s] -- Up-to-date symlink: /home/lab/amr_ws/install/lab_bot/share/lab_bot/launch/cmd_vel_sender.launch.py
[0.687s] -- Up-to-date symlink: /home/lab/amr_ws/install/lab_bot/share/lab_bot/launch/mapping.launch.py
[0.690s] -- Up-to-date symlink: /home/lab/amr_ws/install/lab_bot/share/lab_bot/launch/nav_rl.launch.py
[0.691s] -- Up-to-date symlink: /home/lab/amr_ws/install/lab_bot/share/lab_bot/launch/odom_publisher.py
[0.693s] -- Up-to-date symlink: /home/lab/amr_ws/install/lab_bot/share/lab_bot/launch/odom_receive.py
[0.695s] -- Up-to-date symlink: /home/lab/amr_ws/install/lab_bot/share/lab_bot/launch/slam.launch.py
[0.696s] -- Up-to-date symlink: /home/lab/amr_ws/install/lab_bot/share/lab_bot/launch/slam_rl.launch.py
[0.697s] -- Up-to-date symlink: /home/lab/amr_ws/install/lab_bot/share/lab_bot/config/lab_params.yaml
[0.698s] -- Up-to-date symlink: /home/lab/amr_ws/install/lab_bot/share/lab_bot/config/nav_rl_params.yaml
[0.700s] -- Up-to-date symlink: /home/lab/amr_ws/install/lab_bot/share/lab_bot/config/rplidar.yaml
[0.703s] -- Up-to-date symlink: /home/lab/amr_ws/install/lab_bot/share/lab_bot/config/slam_localization_params.yaml
[0.705s] -- Up-to-date symlink: /home/lab/amr_ws/install/lab_bot/share/lab_bot/config/slam_params_rl.yaml
[0.706s] -- Up-to-date symlink: /home/lab/amr_ws/install/lab_bot/share/lab_bot/config/slam_rl_params.yaml
[0.707s] -- Up-to-date symlink: /home/lab/amr_ws/install/lab_bot/share/lab_bot/config/slam_toolbox.yaml
[0.708s] -- Up-to-date symlink: /home/lab/amr_ws/install/lab_bot/share/lab_bot/maps/NewLidar_edited.pgm
[0.709s] -- Up-to-date symlink: /home/lab/amr_ws/install/lab_bot/share/lab_bot/maps/NewLidar_edited.yaml
[0.709s] -- Up-to-date symlink: /home/lab/amr_ws/install/lab_bot/share/lab_bot/urdf/base.urdf.xacro
[0.710s] -- Up-to-date symlink: /home/lab/amr_ws/install/lab_bot/share/lab_bot/urdf/gazebo.urdf.xacro
[0.711s] -- Up-to-date symlink: /home/lab/amr_ws/install/lab_bot/share/lab_bot/urdf/lab_bot.urdf.xacro
[0.711s] -- Up-to-date symlink: /home/lab/amr_ws/install/lab_bot/share/lab_bot/urdf/lab_robot.urdf.xacro
[0.712s] -- Up-to-date symlink: /home/lab/amr_ws/install/lab_bot/share/lab_bot/urdf/macros.urdf.xacro
[0.713s] -- Up-to-date symlink: /home/lab/amr_ws/install/lab_bot/share/lab_bot/urdf/materials.urdf.xacro
[0.713s] -- Up-to-date symlink: /home/lab/amr_ws/install/lab_bot/share/lab_bot/urdf/properties.urdf.xacro
[0.714s] -- Up-to-date symlink: /home/lab/amr_ws/install/lab_bot/share/lab_bot/urdf/sensors.urdf.xacro
[0.715s] -- Up-to-date symlink: /home/lab/amr_ws/install/lab_bot/share/lab_bot/urdf/wheels.urdf.xacro
[0.716s] -- Up-to-date symlink: /home/lab/amr_ws/install/lab_bot/share/lab_bot/my_worlds/worlds/lab_office.world
[0.718s] -- Up-to-date symlink: /home/lab/amr_ws/install/lab_bot/share/lab_bot/my_worlds/worlds/lab_office_official.world
[0.719s] -- Up-to-date symlink: /home/lab/amr_ws/install/lab_bot/share/lab_bot/rviz/robot.rviz
[0.721s] -- Up-to-date symlink: /home/lab/amr_ws/install/lab_bot/lib/lab_bot/odom_receiver.py
[0.723s] -- Up-to-date symlink: /home/lab/amr_ws/install/lab_bot/lib/lab_bot/cmd_vel_sender.py
[0.724s] -- Up-to-date symlink: /home/lab/amr_ws/install/lab_bot/lib/lab_bot/scan_filter.py
[0.724s] -- Up-to-date symlink: /home/lab/amr_ws/install/lab_bot/share/ament_index/resource_index/package_run_dependencies/lab_bot
[0.725s] -- Up-to-date symlink: /home/lab/amr_ws/install/lab_bot/share/ament_index/resource_index/parent_prefix_path/lab_bot
[0.726s] -- Up-to-date symlink: /home/lab/amr_ws/install/lab_bot/share/lab_bot/environment/ament_prefix_path.sh
[0.728s] -- Up-to-date symlink: /home/lab/amr_ws/install/lab_bot/share/lab_bot/environment/ament_prefix_path.dsv
[0.731s] -- Up-to-date symlink: /home/lab/amr_ws/install/lab_bot/share/lab_bot/environment/path.sh
[0.733s] -- Up-to-date symlink: /home/lab/amr_ws/install/lab_bot/share/lab_bot/environment/path.dsv
[0.734s] -- Up-to-date symlink: /home/lab/amr_ws/install/lab_bot/share/lab_bot/local_setup.bash
[0.735s] -- Up-to-date symlink: /home/lab/amr_ws/install/lab_bot/share/lab_bot/local_setup.sh
[0.736s] -- Up-to-date symlink: /home/lab/amr_ws/install/lab_bot/share/lab_bot/local_setup.zsh
[0.739s] -- Up-to-date symlink: /home/lab/amr_ws/install/lab_bot/share/lab_bot/local_setup.dsv
[0.741s] -- Symlinking: /home/lab/amr_ws/install/lab_bot/share/lab_bot/package.dsv
[0.773s] -- Up-to-date symlink: /home/lab/amr_ws/install/lab_bot/share/ament_index/resource_index/packages/lab_bot
[0.775s] -- Up-to-date symlink: /home/lab/amr_ws/install/lab_bot/share/lab_bot/cmake/lab_botConfig.cmake
[0.776s] -- Up-to-date symlink: /home/lab/amr_ws/install/lab_bot/share/lab_bot/cmake/lab_botConfig-version.cmake
[0.777s] -- Up-to-date symlink: /home/lab/amr_ws/install/lab_bot/share/lab_bot/package.xml
[0.784s] Invoked command in '/home/lab/amr_ws/build/lab_bot' returned '0': CMAKE_PREFIX_PATH=${CMAKE_PREFIX_PATH}:/opt/ros/humble /usr/bin/cmake --install /home/lab/amr_ws/build/lab_bot
