[0.042s] Invoking command in '/home/lab/amr_ws/build/lab_bot': CMAKE_PREFIX_PATH=${CMAKE_PREFIX_PATH}:/opt/ros/humble /usr/bin/cmake /home/lab/amr_ws/src/lab_bot -DAMENT_CMAKE_SYMLINK_INSTALL=1 -DCMAKE_INSTALL_PREFIX=/home/lab/amr_ws/install/lab_bot
[0.656s] -- The C compiler identification is GNU 11.4.0
[1.011s] -- The CXX compiler identification is GNU 11.4.0
[1.052s] -- Detecting C compiler ABI info
[1.413s] -- Detecting C compiler ABI info - done
[1.440s] -- Check for working C compiler: /usr/bin/cc - skipped
[1.444s] -- Detecting C compile features
[1.445s] -- Detecting C compile features - done
[1.461s] -- Detecting CXX compiler ABI info
[1.851s] -- Detecting CXX compiler ABI info - done
[1.879s] -- Check for working CXX compiler: /usr/bin/c++ - skipped
[1.880s] -- Detecting CXX compile features
[1.882s] -- Detecting CXX compile features - done
[1.928s] -- Found ament_cmake: 1.3.14 (/opt/ros/humble/share/ament_cmake/cmake)
[2.658s] -- Found Python3: /usr/bin/python3 (found version "3.10.12") found components: Interpreter 
[2.995s] -- Override CMake install command with custom implementation using symlinks instead of copying resources
[6.239s] -- Configuring done
[6.261s] -- Generating done
[6.271s] -- Build files have been written to: /home/lab/amr_ws/build/lab_bot
[6.287s] Invoked command in '/home/lab/amr_ws/build/lab_bot' returned '0': CMAKE_PREFIX_PATH=${CMAKE_PREFIX_PATH}:/opt/ros/humble /usr/bin/cmake /home/lab/amr_ws/src/lab_bot -DAMENT_CMAKE_SYMLINK_INSTALL=1 -DCMAKE_INSTALL_PREFIX=/home/lab/amr_ws/install/lab_bot
[6.298s] Invoking command in '/home/lab/amr_ws/build/lab_bot': CMAKE_PREFIX_PATH=${CMAKE_PREFIX_PATH}:/opt/ros/humble /usr/bin/cmake --build /home/lab/amr_ws/build/lab_bot -- -j4 -l4
[6.452s] Invoked command in '/home/lab/amr_ws/build/lab_bot' returned '0': CMAKE_PREFIX_PATH=${CMAKE_PREFIX_PATH}:/opt/ros/humble /usr/bin/cmake --build /home/lab/amr_ws/build/lab_bot -- -j4 -l4
[6.496s] Invoking command in '/home/lab/amr_ws/build/lab_bot': CMAKE_PREFIX_PATH=${CMAKE_PREFIX_PATH}:/opt/ros/humble /usr/bin/cmake --install /home/lab/amr_ws/build/lab_bot
[6.521s] -- Install configuration: ""
[6.523s] -- Execute custom install script
[6.527s] -- Symlinking: /home/lab/amr_ws/install/lab_bot/share/lab_bot/launch/Lidar.launch.py
[6.560s] -- Symlinking: /home/lab/amr_ws/install/lab_bot/share/lab_bot/launch/bringup.launch.py
[6.593s] -- Symlinking: /home/lab/amr_ws/install/lab_bot/share/lab_bot/launch/cmd_vel_sender.launch.py
[6.628s] -- Symlinking: /home/lab/amr_ws/install/lab_bot/share/lab_bot/launch/nav_rl.launch.py
[6.661s] -- Symlinking: /home/lab/amr_ws/install/lab_bot/share/lab_bot/launch/odom_publisher.py
[6.695s] -- Symlinking: /home/lab/amr_ws/install/lab_bot/share/lab_bot/launch/odom_receive.py
[6.729s] -- Symlinking: /home/lab/amr_ws/install/lab_bot/share/lab_bot/launch/slam.launch.py
[6.762s] -- Symlinking: /home/lab/amr_ws/install/lab_bot/share/lab_bot/launch/slam_rl.launch.py
[6.796s] -- Symlinking: /home/lab/amr_ws/install/lab_bot/share/lab_bot/config/lab_params.yaml
[6.830s] -- Symlinking: /home/lab/amr_ws/install/lab_bot/share/lab_bot/config/nav_rl_params.yaml
[6.863s] -- Symlinking: /home/lab/amr_ws/install/lab_bot/share/lab_bot/config/rplidar.yaml
[6.896s] -- Symlinking: /home/lab/amr_ws/install/lab_bot/share/lab_bot/config/slam_localization_params.yaml
[6.932s] -- Symlinking: /home/lab/amr_ws/install/lab_bot/share/lab_bot/config/slam_params_rl.yaml
[6.971s] -- Symlinking: /home/lab/amr_ws/install/lab_bot/share/lab_bot/config/slam_rl_params.yaml
[7.011s] -- Symlinking: /home/lab/amr_ws/install/lab_bot/share/lab_bot/config/slam_toolbox.yaml
[7.045s] -- Symlinking: /home/lab/amr_ws/install/lab_bot/share/lab_bot/maps/lab_map.data
[7.078s] -- Symlinking: /home/lab/amr_ws/install/lab_bot/share/lab_bot/maps/lab_map.pgm
[7.117s] -- Symlinking: /home/lab/amr_ws/install/lab_bot/share/lab_bot/maps/lab_map.posegraph
[7.150s] -- Symlinking: /home/lab/amr_ws/install/lab_bot/share/lab_bot/maps/lab_map.yaml
[7.184s] -- Symlinking: /home/lab/amr_ws/install/lab_bot/share/lab_bot/maps/lab_office_map.data
[7.217s] -- Symlinking: /home/lab/amr_ws/install/lab_bot/share/lab_bot/maps/lab_office_map.posegraph
[7.250s] -- Symlinking: /home/lab/amr_ws/install/lab_bot/share/lab_bot/maps/lab_office_map.yaml
[7.283s] -- Symlinking: /home/lab/amr_ws/install/lab_bot/share/lab_bot/urdf/base.urdf.xacro
[7.315s] -- Symlinking: /home/lab/amr_ws/install/lab_bot/share/lab_bot/urdf/gazebo.urdf.xacro
[7.346s] -- Symlinking: /home/lab/amr_ws/install/lab_bot/share/lab_bot/urdf/lab_bot.urdf.xacro
[7.379s] -- Symlinking: /home/lab/amr_ws/install/lab_bot/share/lab_bot/urdf/lab_robot.urdf.xacro
[7.411s] -- Symlinking: /home/lab/amr_ws/install/lab_bot/share/lab_bot/urdf/macros.urdf.xacro
[7.445s] -- Symlinking: /home/lab/amr_ws/install/lab_bot/share/lab_bot/urdf/materials.urdf.xacro
[7.475s] -- Symlinking: /home/lab/amr_ws/install/lab_bot/share/lab_bot/urdf/properties.urdf.xacro
[7.512s] -- Symlinking: /home/lab/amr_ws/install/lab_bot/share/lab_bot/urdf/sensors.urdf.xacro
[7.544s] -- Symlinking: /home/lab/amr_ws/install/lab_bot/share/lab_bot/urdf/wheels.urdf.xacro
[7.584s] -- Symlinking: /home/lab/amr_ws/install/lab_bot/share/lab_bot/my_worlds/worlds/lab_office.world
[7.615s] -- Symlinking: /home/lab/amr_ws/install/lab_bot/share/lab_bot/my_worlds/worlds/lab_office_official.world
[7.647s] -- Symlinking: /home/lab/amr_ws/install/lab_bot/lib/lab_bot/odom_receiver.py
[7.680s] -- Symlinking: /home/lab/amr_ws/install/lab_bot/lib/lab_bot/cmd_vel_sender.py
[7.716s] -- Symlinking: /home/lab/amr_ws/install/lab_bot/share/ament_index/resource_index/package_run_dependencies/lab_bot
[7.752s] -- Symlinking: /home/lab/amr_ws/install/lab_bot/share/ament_index/resource_index/parent_prefix_path/lab_bot
[7.784s] -- Symlinking: /home/lab/amr_ws/install/lab_bot/share/lab_bot/environment/ament_prefix_path.sh
[7.817s] -- Symlinking: /home/lab/amr_ws/install/lab_bot/share/lab_bot/environment/ament_prefix_path.dsv
[7.850s] -- Symlinking: /home/lab/amr_ws/install/lab_bot/share/lab_bot/environment/path.sh
[7.887s] -- Symlinking: /home/lab/amr_ws/install/lab_bot/share/lab_bot/environment/path.dsv
[7.919s] -- Symlinking: /home/lab/amr_ws/install/lab_bot/share/lab_bot/local_setup.bash
[7.951s] -- Symlinking: /home/lab/amr_ws/install/lab_bot/share/lab_bot/local_setup.sh
[7.983s] -- Symlinking: /home/lab/amr_ws/install/lab_bot/share/lab_bot/local_setup.zsh
[8.016s] -- Symlinking: /home/lab/amr_ws/install/lab_bot/share/lab_bot/local_setup.dsv
[8.052s] -- Symlinking: /home/lab/amr_ws/install/lab_bot/share/lab_bot/package.dsv
[8.086s] -- Symlinking: /home/lab/amr_ws/install/lab_bot/share/ament_index/resource_index/packages/lab_bot
[8.117s] -- Symlinking: /home/lab/amr_ws/install/lab_bot/share/lab_bot/cmake/lab_botConfig.cmake
[8.150s] -- Symlinking: /home/lab/amr_ws/install/lab_bot/share/lab_bot/cmake/lab_botConfig-version.cmake
[8.183s] -- Symlinking: /home/lab/amr_ws/install/lab_bot/share/lab_bot/package.xml
[8.226s] Invoked command in '/home/lab/amr_ws/build/lab_bot' returned '0': CMAKE_PREFIX_PATH=${CMAKE_PREFIX_PATH}:/opt/ros/humble /usr/bin/cmake --install /home/lab/amr_ws/build/lab_bot
