[0.055s] Invoking command in '/home/lab/amr_ws/build/lab_bot': CMAKE_PREFIX_PATH=${CMAKE_PREFIX_PATH}:/opt/ros/humble /usr/bin/cmake --build /home/lab/amr_ws/build/lab_bot -- -j4 -l4
[0.201s] Invoked command in '/home/lab/amr_ws/build/lab_bot' returned '0': CMAKE_PREFIX_PATH=${CMAKE_PREFIX_PATH}:/opt/ros/humble /usr/bin/cmake --build /home/lab/amr_ws/build/lab_bot -- -j4 -l4
[0.242s] Invoking command in '/home/lab/amr_ws/build/lab_bot': CMAKE_PREFIX_PATH=${CMAKE_PREFIX_PATH}:/opt/ros/humble /usr/bin/cmake --install /home/lab/amr_ws/build/lab_bot
[0.270s] -- Install configuration: ""
[0.271s] -- Up-to-date: /home/lab/amr_ws/install/lab_bot/share/lab_bot/launch
[0.272s] -- Up-to-date: /home/lab/amr_ws/install/lab_bot/share/lab_bot/launch/cmd_vel_sender.launch.py
[0.272s] -- Up-to-date: /home/lab/amr_ws/install/lab_bot/share/lab_bot/launch/odom_publisher.py
[0.273s] -- Up-to-date: /home/lab/amr_ws/install/lab_bot/share/lab_bot/launch/nav_rl.launch.py
[0.273s] -- Up-to-date: /home/lab/amr_ws/install/lab_bot/share/lab_bot/launch/slam_rl.launch.py
[0.274s] -- Up-to-date: /home/lab/amr_ws/install/lab_bot/share/lab_bot/launch/slam.launch.py
[0.274s] -- Up-to-date: /home/lab/amr_ws/install/lab_bot/share/lab_bot/launch/Lidar.launch.py
[0.275s] -- Installing: /home/lab/amr_ws/install/lab_bot/share/lab_bot/launch/bringup.launch.py
[0.275s] -- Up-to-date: /home/lab/amr_ws/install/lab_bot/share/lab_bot/launch/mapping.launch.py
[0.276s] -- Up-to-date: /home/lab/amr_ws/install/lab_bot/share/lab_bot/launch/odom_receive.py
[0.276s] -- Up-to-date: /home/lab/amr_ws/install/lab_bot/share/lab_bot/config
[0.277s] -- Up-to-date: /home/lab/amr_ws/install/lab_bot/share/lab_bot/config/slam_localization_params.yaml
[0.278s] -- Up-to-date: /home/lab/amr_ws/install/lab_bot/share/lab_bot/config/slam_rl_params.yaml
[0.278s] -- Up-to-date: /home/lab/amr_ws/install/lab_bot/share/lab_bot/config/rplidar.yaml
[0.279s] -- Up-to-date: /home/lab/amr_ws/install/lab_bot/share/lab_bot/config/slam_params_rl.yaml
[0.280s] -- Up-to-date: /home/lab/amr_ws/install/lab_bot/share/lab_bot/config/slam_toolbox.yaml
[0.280s] -- Up-to-date: /home/lab/amr_ws/install/lab_bot/share/lab_bot/config/nav_rl_params.yaml
[0.281s] -- Up-to-date: /home/lab/amr_ws/install/lab_bot/share/lab_bot/config/lab_params.yaml
[0.281s] -- Up-to-date: /home/lab/amr_ws/install/lab_bot/share/lab_bot/maps
[0.282s] -- Up-to-date: /home/lab/amr_ws/install/lab_bot/share/lab_bot/maps/NewLidar_edited.yaml
[0.283s] -- Up-to-date: /home/lab/amr_ws/install/lab_bot/share/lab_bot/maps/NewLidar_edited.pgm
[0.283s] -- Up-to-date: /home/lab/amr_ws/install/lab_bot/share/lab_bot/urdf
[0.284s] -- Up-to-date: /home/lab/amr_ws/install/lab_bot/share/lab_bot/urdf/base.urdf.xacro
[0.284s] -- Up-to-date: /home/lab/amr_ws/install/lab_bot/share/lab_bot/urdf/materials.urdf.xacro
[0.285s] -- Up-to-date: /home/lab/amr_ws/install/lab_bot/share/lab_bot/urdf/lab_robot.urdf.xacro
[0.285s] -- Up-to-date: /home/lab/amr_ws/install/lab_bot/share/lab_bot/urdf/gazebo.urdf.xacro
[0.285s] -- Up-to-date: /home/lab/amr_ws/install/lab_bot/share/lab_bot/urdf/lab_bot.urdf.xacro
[0.286s] -- Up-to-date: /home/lab/amr_ws/install/lab_bot/share/lab_bot/urdf/wheels.urdf.xacro
[0.286s] -- Up-to-date: /home/lab/amr_ws/install/lab_bot/share/lab_bot/urdf/macros.urdf.xacro
[0.287s] -- Up-to-date: /home/lab/amr_ws/install/lab_bot/share/lab_bot/urdf/properties.urdf.xacro
[0.287s] -- Up-to-date: /home/lab/amr_ws/install/lab_bot/share/lab_bot/urdf/sensors.urdf.xacro
[0.288s] -- Up-to-date: /home/lab/amr_ws/install/lab_bot/share/lab_bot/my_worlds
[0.288s] -- Up-to-date: /home/lab/amr_ws/install/lab_bot/share/lab_bot/my_worlds/models
[0.289s] -- Up-to-date: /home/lab/amr_ws/install/lab_bot/share/lab_bot/my_worlds/worlds
[0.289s] -- Up-to-date: /home/lab/amr_ws/install/lab_bot/share/lab_bot/my_worlds/worlds/lab_office.world
[0.290s] -- Up-to-date: /home/lab/amr_ws/install/lab_bot/share/lab_bot/my_worlds/worlds/lab_office_official.world
[0.291s] -- Up-to-date: /home/lab/amr_ws/install/lab_bot/share/lab_bot/rviz
[0.291s] -- Up-to-date: /home/lab/amr_ws/install/lab_bot/share/lab_bot/rviz/robot.rviz
[0.293s] -- Up-to-date: /home/lab/amr_ws/install/lab_bot/lib/lab_bot/odom_receiver.py
[0.295s] -- Up-to-date: /home/lab/amr_ws/install/lab_bot/lib/lab_bot/cmd_vel_sender.py
[0.295s] -- Up-to-date: /home/lab/amr_ws/install/lab_bot/lib/lab_bot/scan_filter.py
[0.296s] -- Up-to-date: /home/lab/amr_ws/install/lab_bot/share/ament_index/resource_index/package_run_dependencies/lab_bot
[0.297s] -- Up-to-date: /home/lab/amr_ws/install/lab_bot/share/ament_index/resource_index/parent_prefix_path/lab_bot
[0.297s] -- Up-to-date: /home/lab/amr_ws/install/lab_bot/share/lab_bot/environment/ament_prefix_path.sh
[0.299s] -- Up-to-date: /home/lab/amr_ws/install/lab_bot/share/lab_bot/environment/ament_prefix_path.dsv
[0.299s] -- Up-to-date: /home/lab/amr_ws/install/lab_bot/share/lab_bot/environment/path.sh
[0.300s] -- Up-to-date: /home/lab/amr_ws/install/lab_bot/share/lab_bot/environment/path.dsv
[0.301s] -- Up-to-date: /home/lab/amr_ws/install/lab_bot/share/lab_bot/local_setup.bash
[0.302s] -- Up-to-date: /home/lab/amr_ws/install/lab_bot/share/lab_bot/local_setup.sh
[0.302s] -- Up-to-date: /home/lab/amr_ws/install/lab_bot/share/lab_bot/local_setup.zsh
[0.303s] -- Up-to-date: /home/lab/amr_ws/install/lab_bot/share/lab_bot/local_setup.dsv
[0.304s] -- Installing: /home/lab/amr_ws/install/lab_bot/share/lab_bot/package.dsv
[0.305s] -- Up-to-date: /home/lab/amr_ws/install/lab_bot/share/ament_index/resource_index/packages/lab_bot
[0.305s] -- Up-to-date: /home/lab/amr_ws/install/lab_bot/share/lab_bot/cmake/lab_botConfig.cmake
[0.306s] -- Up-to-date: /home/lab/amr_ws/install/lab_bot/share/lab_bot/cmake/lab_botConfig-version.cmake
[0.306s] -- Up-to-date: /home/lab/amr_ws/install/lab_bot/share/lab_bot/package.xml
[0.308s] Invoked command in '/home/lab/amr_ws/build/lab_bot' returned '0': CMAKE_PREFIX_PATH=${CMAKE_PREFIX_PATH}:/opt/ros/humble /usr/bin/cmake --install /home/lab/amr_ws/build/lab_bot
