Component: Arm Compiler for Embedded 6.24 Tool: armlink [5f371500]

==============================================================================

Section Cross References

    startup_stm32f407xx.o(STACK) refers (Special) to heapauxi.o(.text) for __use_two_region_memory
    startup_stm32f407xx.o(HEAP) refers (Special) to heapauxi.o(.text) for __use_two_region_memory
    startup_stm32f407xx.o(RESET) refers (Special) to heapauxi.o(.text) for __use_two_region_memory
    startup_stm32f407xx.o(RESET) refers to startup_stm32f407xx.o(STACK) for __initial_sp
    startup_stm32f407xx.o(RESET) refers to startup_stm32f407xx.o(.text) for Reset_Handler
    startup_stm32f407xx.o(RESET) refers to stm32f4xx_it.o(.text.NMI_Handler) for NMI_Handler
    startup_stm32f407xx.o(RESET) refers to stm32f4xx_it.o(.text.HardFault_Handler) for HardFault_Handler
    startup_stm32f407xx.o(RESET) refers to stm32f4xx_it.o(.text.MemManage_Handler) for MemManage_Handler
    startup_stm32f407xx.o(RESET) refers to stm32f4xx_it.o(.text.BusFault_Handler) for BusFault_Handler
    startup_stm32f407xx.o(RESET) refers to stm32f4xx_it.o(.text.UsageFault_Handler) for UsageFault_Handler
    startup_stm32f407xx.o(RESET) refers to stm32f4xx_it.o(.text.SVC_Handler) for SVC_Handler
    startup_stm32f407xx.o(RESET) refers to stm32f4xx_it.o(.text.DebugMon_Handler) for DebugMon_Handler
    startup_stm32f407xx.o(RESET) refers to stm32f4xx_it.o(.text.PendSV_Handler) for PendSV_Handler
    startup_stm32f407xx.o(RESET) refers to stm32f4xx_it.o(.text.SysTick_Handler) for SysTick_Handler
    startup_stm32f407xx.o(RESET) refers to stm32f4xx_it.o(.text.EXTI0_IRQHandler) for EXTI0_IRQHandler
    startup_stm32f407xx.o(RESET) refers to stm32f4xx_it.o(.text.TIM2_IRQHandler) for TIM2_IRQHandler
    startup_stm32f407xx.o(RESET) refers to stm32f4xx_it.o(.text.TIM3_IRQHandler) for TIM3_IRQHandler
    startup_stm32f407xx.o(RESET) refers to stm32f4xx_it.o(.text.USART1_IRQHandler) for USART1_IRQHandler
    startup_stm32f407xx.o(RESET) refers to stm32f4xx_it.o(.text.TIM5_IRQHandler) for TIM5_IRQHandler
    startup_stm32f407xx.o(RESET) refers to stm32f4xx_it.o(.text.DMA2_Stream2_IRQHandler) for DMA2_Stream2_IRQHandler
    startup_stm32f407xx.o(.text) refers (Special) to heapauxi.o(.text) for __use_two_region_memory
    startup_stm32f407xx.o(.text) refers to system_stm32f4xx.o(.text.SystemInit) for SystemInit
    startup_stm32f407xx.o(.text) refers to __main.o(!!!main) for __main
    startup_stm32f407xx.o(.text) refers to startup_stm32f407xx.o(HEAP) for Heap_Mem
    startup_stm32f407xx.o(.text) refers to startup_stm32f407xx.o(STACK) for Stack_Mem
    i2c.o(.text.i2c_write) refers to main.o(.bss.hi2c1) for hi2c1
    i2c.o(.text.i2c_write) refers to stm32f4xx_hal_i2c.o(.text.HAL_I2C_Mem_Write) for HAL_I2C_Mem_Write
    i2c.o(.ARM.exidx.text.i2c_write) refers to i2c.o(.text.i2c_write) for [Anonymous Symbol]
    i2c.o(.text.i2c_read) refers to main.o(.bss.hi2c1) for hi2c1
    i2c.o(.text.i2c_read) refers to stm32f4xx_hal_i2c.o(.text.HAL_I2C_Mem_Read) for HAL_I2C_Mem_Read
    i2c.o(.ARM.exidx.text.i2c_read) refers to i2c.o(.text.i2c_read) for [Anonymous Symbol]
    i2c.o(.text.IICwriteBit) refers to main.o(.bss.hi2c1) for hi2c1
    i2c.o(.text.IICwriteBit) refers to stm32f4xx_hal_i2c.o(.text.HAL_I2C_Mem_Read) for HAL_I2C_Mem_Read
    i2c.o(.text.IICwriteBit) refers to stm32f4xx_hal_i2c.o(.text.HAL_I2C_Mem_Write) for HAL_I2C_Mem_Write
    i2c.o(.ARM.exidx.text.IICwriteBit) refers to i2c.o(.text.IICwriteBit) for [Anonymous Symbol]
    i2c.o(.text.IICwriteBits) refers to main.o(.bss.hi2c1) for hi2c1
    i2c.o(.text.IICwriteBits) refers to stm32f4xx_hal_i2c.o(.text.HAL_I2C_Mem_Read) for HAL_I2C_Mem_Read
    i2c.o(.text.IICwriteBits) refers to stm32f4xx_hal_i2c.o(.text.HAL_I2C_Mem_Write) for HAL_I2C_Mem_Write
    i2c.o(.ARM.exidx.text.IICwriteBits) refers to i2c.o(.text.IICwriteBits) for [Anonymous Symbol]
    inv_mpu.o(.text.mpu_reg_dump) refers to inv_mpu.o(.data.st) for st
    inv_mpu.o(.text.mpu_reg_dump) refers to i2c.o(.text.i2c_read) for i2c_read
    inv_mpu.o(.ARM.exidx.text.mpu_reg_dump) refers to inv_mpu.o(.text.mpu_reg_dump) for [Anonymous Symbol]
    inv_mpu.o(.text.mpu_read_reg) refers to inv_mpu.o(.data.st) for st
    inv_mpu.o(.text.mpu_read_reg) refers to i2c.o(.text.i2c_read) for i2c_read
    inv_mpu.o(.ARM.exidx.text.mpu_read_reg) refers to inv_mpu.o(.text.mpu_read_reg) for [Anonymous Symbol]
    inv_mpu.o(.text.mpu_init) refers to inv_mpu.o(.data.st) for st
    inv_mpu.o(.text.mpu_init) refers to i2c.o(.text.i2c_write) for i2c_write
    inv_mpu.o(.text.mpu_init) refers to stm32f4xx_hal.o(.text.HAL_Delay) for HAL_Delay
    inv_mpu.o(.text.mpu_init) refers to i2c.o(.text.i2c_read) for i2c_read
    inv_mpu.o(.text.mpu_init) refers to inv_mpu.o(.text.mpu_set_accel_fsr) for mpu_set_accel_fsr
    inv_mpu.o(.text.mpu_init) refers to inv_mpu.o(.text.mpu_set_lpf) for mpu_set_lpf
    inv_mpu.o(.text.mpu_init) refers to inv_mpu.o(.text.mpu_set_sample_rate) for mpu_set_sample_rate
[...]
    I2C_WaitOnMasterAddressFlagUntilTimeout  0x08003509   Thumb Code   214  stm32f4xx_hal_i2c.o(.text.I2C_WaitOnMasterAddressFlagUntilTimeout)
    [Anonymous Symbol]                       0x08003508   Section        0  stm32f4xx_hal_i2c.o(.text.I2C_WaitOnMasterAddressFlagUntilTimeout)
    I2C_WaitOnRXNEFlagUntilTimeout           0x080035e1   Thumb Code   144  stm32f4xx_hal_i2c.o(.text.I2C_WaitOnRXNEFlagUntilTimeout)
    [Anonymous Symbol]                       0x080035e0   Section        0  stm32f4xx_hal_i2c.o(.text.I2C_WaitOnRXNEFlagUntilTimeout)
    I2C_WaitOnTXEFlagUntilTimeout            0x08003671   Thumb Code   186  stm32f4xx_hal_i2c.o(.text.I2C_WaitOnTXEFlagUntilTimeout)
    [Anonymous Symbol]                       0x08003670   Section        0  stm32f4xx_hal_i2c.o(.text.I2C_WaitOnTXEFlagUntilTimeout)
    [Anonymous Symbol]                       0x0800372c   Section        0  i2c.o(.text.IICwriteBit)
    [Anonymous Symbol]                       0x08003794   Section        0  i2c.o(.text.IICwriteBits)
    [Anonymous Symbol]                       0x08003810   Section        0  mpu6050.o(.text.MPU6050_initialize)
    [Anonymous Symbol]                       0x08003870   Section        0  stm32f4xx_it.o(.text.MemManage_Handler)
    [Anonymous Symbol]                       0x08003874   Section        0  stm32f4xx_it.o(.text.NMI_Handler)
    [Anonymous Symbol]                       0x08003878   Section        0  stm32f4xx_it.o(.text.PendSV_Handler)
    [Anonymous Symbol]                       0x0800387c   Section        0  mpu6050.o(.text.Process_IMU_All_LPF)
    [Anonymous Symbol]                       0x08003a8c   Section        0  mpu6050.o(.text.Read_DMP)
    [Anonymous Symbol]                       0x08003c50   Section        0  stm32f4xx_it.o(.text.SVC_Handler)
    [Anonymous Symbol]                       0x08003c54   Section        0  stm32f4xx_it.o(.text.SysTick_Handler)
    [Anonymous Symbol]                       0x08003c58   Section        0  main.o(.text.SystemClock_Config)
    [Anonymous Symbol]                       0x08003d00   Section        0  system_stm32f4xx.o(.text.SystemInit)
    [Anonymous Symbol]                       0x08003d14   Section        0  stm32f4xx_it.o(.text.TIM2_IRQHandler)
    [Anonymous Symbol]                       0x08003d20   Section        0  stm32f4xx_it.o(.text.TIM3_IRQHandler)
    [Anonymous Symbol]                       0x08003d2c   Section        0  stm32f4xx_it.o(.text.TIM5_IRQHandler)
    [Anonymous Symbol]                       0x08003d38   Section        0  stm32f4xx_hal_tim.o(.text.TIM_Base_SetConfig)
    UART_DMAAbortOnError                     0x08003e75   Thumb Code    10  stm32f4xx_hal_uart.o(.text.UART_DMAAbortOnError)
    [Anonymous Symbol]                       0x08003e74   Section        0  stm32f4xx_hal_uart.o(.text.UART_DMAAbortOnError)
    UART_DMAError                            0x08003e81   Thumb Code   380  stm32f4xx_hal_uart.o(.text.UART_DMAError)
    [Anonymous Symbol]                       0x08003e80   Section        0  stm32f4xx_hal_uart.o(.text.UART_DMAError)
    UART_DMAReceiveCplt                      0x08003ffd   Thumb Code   350  stm32f4xx_hal_uart.o(.text.UART_DMAReceiveCplt)
    [Anonymous Symbol]                       0x08003ffc   Section        0  stm32f4xx_hal_uart.o(.text.UART_DMAReceiveCplt)
    UART_DMARxHalfCplt                       0x0800415d   Thumb Code    24  stm32f4xx_hal_uart.o(.text.UART_DMARxHalfCplt)
    [Anonymous Symbol]                       0x0800415c   Section        0  stm32f4xx_hal_uart.o(.text.UART_DMARxHalfCplt)
    UART_Receive_IT                          0x08004175   Thumb Code   254  stm32f4xx_hal_uart.o(.text.UART_Receive_IT)
    [Anonymous Symbol]                       0x08004174   Section        0  stm32f4xx_hal_uart.o(.text.UART_Receive_IT)
    UART_SetConfig                           0x08004275   Thumb Code   230  stm32f4xx_hal_uart.o(.text.UART_SetConfig)
    [Anonymous Symbol]                       0x08004274   Section        0  stm32f4xx_hal_uart.o(.text.UART_SetConfig)
    [Anonymous Symbol]                       0x0800435c   Section        0  stm32f4xx_it.o(.text.USART1_IRQHandler)
    [Anonymous Symbol]                       0x08004368   Section        0  stm32f4xx_it.o(.text.UsageFault_Handler)
    __NVIC_SystemReset                       0x0800436d   Thumb Code    42  mpu6050.o(.text.__NVIC_SystemReset)
    [Anonymous Symbol]                       0x0800436c   Section        0  mpu6050.o(.text.__NVIC_SystemReset)
    [Anonymous Symbol]                       0x08004398   Section        0  inv_mpu_dmp_motion_driver.o(.text.dmp_enable_feature)
    [Anonymous Symbol]                       0x08004638   Section        0  inv_mpu_dmp_motion_driver.o(.text.dmp_load_motion_driver_firmware)
    [Anonymous Symbol]                       0x08004650   Section        0  inv_mpu_dmp_motion_driver.o(.text.dmp_read_fifo)
    [Anonymous Symbol]                       0x08004804   Section        0  inv_mpu_dmp_motion_driver.o(.text.dmp_set_fifo_rate)
    [Anonymous Symbol]                       0x08004874   Section        0  inv_mpu_dmp_motion_driver.o(.text.dmp_set_gyro_bias)
    [Anonymous Symbol]                       0x08004954   Section        0  inv_mpu_dmp_motion_driver.o(.text.dmp_set_orientation)
    [Anonymous Symbol]                       0x08004a3c   Section        0  inv_mpu_dmp_motion_driver.o(.text.dmp_set_tap_thresh)
    get_st_biases                            0x08004b85   Thumb Code   814  inv_mpu.o(.text.get_st_biases)
    [Anonymous Symbol]                       0x08004b84   Section        0  inv_mpu.o(.text.get_st_biases)
    [Anonymous Symbol]                       0x08004eb4   Section        0  i2c.o(.text.i2c_read)
    [Anonymous Symbol]                       0x08004edc   Section        0  i2c.o(.text.i2c_write)
    [Anonymous Symbol]                       0x08004f04   Section        0  main.o(.text.main)
    __arm_cp.10_18                           0x08005728   Number         4  main.o(.text.main)
    __arm_cp.10_19                           0x0800572c   Number         4  main.o(.text.main)
    __arm_cp.10_20                           0x08005730   Number         4  main.o(.text.main)
    __arm_cp.10_21                           0x08005734   Number         4  main.o(.text.main)
    __arm_cp.10_22                           0x08005738   Number         4  main.o(.text.main)
    __arm_cp.10_23                           0x0800573c   Number         4  main.o(.text.main)
    __arm_cp.10_24                           0x08005740   Number         4  main.o(.text.main)
    __arm_cp.10_25                           0x08005744   Number         4  main.o(.text.main)
    __arm_cp.10_26                           0x08005748   Number         4  main.o(.text.main)
    __arm_cp.10_27                           0x0800574c   Number         4  main.o(.text.main)
    __arm_cp.10_28                           0x0800594c   Number         4  main.o(.text.main)
    [Anonymous Symbol]                       0x08005a84   Section        0  inv_mpu.o(.text.mpu_configure_fifo)
    [Anonymous Symbol]                       0x08005b28   Section        0  inv_mpu.o(.text.mpu_get_accel_fsr)
    [Anonymous Symbol]                       0x08005b60   Section        0  inv_mpu.o(.text.mpu_get_accel_sens)
    [Anonymous Symbol]                       0x08005ba0   Section        0  inv_mpu.o(.text.mpu_get_gyro_sens)
    [Anonymous Symbol]                       0x08005bd0   Section        0  inv_mpu.o(.text.mpu_init)
    [Anonymous Symbol]                       0x08005d14   Section        0  inv_mpu.o(.text.mpu_load_firmware)
    [Anonymous Symbol]                       0x08005e50   Section        0  inv_mpu.o(.text.mpu_lp_accel_mode)
    [Anonymous Symbol]                       0x0800607c   Section        0  inv_mpu.o(.text.mpu_read_fifo_stream)
    [Anonymous Symbol]                       0x0800613c   Section        0  inv_mpu.o(.text.mpu_reset_fifo)
    [Anonymous Symbol]                       0x080062b8   Section        0  inv_mpu.o(.text.mpu_run_self_test)
    [Anonymous Symbol]                       0x080064ac   Section        0  inv_mpu.o(.text.mpu_set_accel_fsr)
    [Anonymous Symbol]                       0x0800651c   Section        0  inv_mpu.o(.text.mpu_set_bypass)
    [Anonymous Symbol]                       0x0800660c   Section        0  inv_mpu.o(.text.mpu_set_dmp_state)
    [Anonymous Symbol]                       0x080066ec   Section        0  inv_mpu.o(.text.mpu_set_lpf)
    [Anonymous Symbol]                       0x08006788   Section        0  inv_mpu.o(.text.mpu_set_sample_rate)
    [Anonymous Symbol]                       0x080068d0   Section        0  inv_mpu.o(.text.mpu_set_sensors)
    [Anonymous Symbol]                       0x080069b4   Section        0  inv_mpu.o(.text.mpu_write_mem)
    $v0                                      0x08006a34   Number         0  fpinit.o(x$fpl$fpinit)
    x$fpl$fpinit                             0x08006a34   Section       26  fpinit.o(x$fpl$fpinit)
    .L__const.dmp_set_orientation.accel_axes 0x08006a4e   Data           3  inv_mpu_dmp_motion_driver.o(.rodata..L__const.dmp_set_orientation.accel_axes)
    .L__const.dmp_set_orientation.gyro_axes  0x08006a51   Data           3  inv_mpu_dmp_motion_driver.o(.rodata..L__const.dmp_set_orientation.gyro_axes)
    .Lswitch.table.mpu_lp_motion_interrupt   0x08006a6c   Data           8  inv_mpu.o(.rodata.cst8)
    .Lswitch.table.mpu_lp_motion_interrupt.9 0x08006a74   Data           8  inv_mpu.o(.rodata.cst8)
    .Lswitch.table.mpu_lp_motion_interrupt.10 0x08006a7c   Data           8  inv_mpu.o(.rodata.cst8)
    DMA_CalcBaseAndBitshift.flagBitshiftOffset 0x08006a84   Data           8  stm32f4xx_hal_dma.o(.rodata.cst8)
    [Anonymous Symbol]                       0x08006a84   Section        0  stm32f4xx_hal_dma.o(.rodata.cst8)
    dmp_memory                               0x08006a8c   Data        3062  inv_mpu_dmp_motion_driver.o(.rodata.dmp_memory)
    [Anonymous Symbol]                       0x08006a8c   Section        0  inv_mpu_dmp_motion_driver.o(.rodata.dmp_memory)
    .L_MergedGlobals                         0x20000000   Data          36  main.o(.data..L_MergedGlobals)
    [Anonymous Symbol]                       0x20000000   Section        0  main.o(.data..L_MergedGlobals)
    .L_MergedGlobals                         0x20000024   Data           8  stm32f4xx_hal.o(.data..L_MergedGlobals)
    [Anonymous Symbol]                       0x20000024   Section        0  stm32f4xx_hal.o(.data..L_MergedGlobals)
    st                                       0x2000003c   Data          44  inv_mpu.o(.data.st)
    [Anonymous Symbol]                       0x2000003c   Section        0  inv_mpu.o(.data.st)
    .bss                                     0x20000068   Section       96  libspace.o(.bss)
    .L_MergedGlobals                         0x200000c8   Data          16  inv_mpu_dmp_motion_driver.o(.bss..L_MergedGlobals)
    dmp.5                                    0x200000c8   Data           1  inv_mpu_dmp_motion_driver.o(.bss..L_MergedGlobals)
    [Anonymous Symbol]                       0x200000c8   Section        0  inv_mpu_dmp_motion_driver.o(.bss..L_MergedGlobals)
    dmp.3                                    0x200000cc   Data           2  inv_mpu_dmp_motion_driver.o(.bss..L_MergedGlobals)
    dmp.0                                    0x200000d0   Data           4  inv_mpu_dmp_motion_driver.o(.bss..L_MergedGlobals)
    dmp.1                                    0x200000d4   Data           4  inv_mpu_dmp_motion_driver.o(.bss..L_MergedGlobals)
    .L_MergedGlobals                         0x200000d8   Data         124  mpu6050.o(.bss..L_MergedGlobals)
    [Anonymous Symbol]                       0x200000d8   Section        0  mpu6050.o(.bss..L_MergedGlobals)
    Read_DMP.sample_counter                  0x200000d9   Data           1  mpu6050.o(.bss..L_MergedGlobals)
    Read_DMP.Locked_Yaw                      0x20000150   Data           4  mpu6050.o(.bss..L_MergedGlobals)
    .L_MergedGlobals.1                       0x20000154   Data         124  main.o(.bss..L_MergedGlobals.1)
    [Anonymous Symbol]                       0x20000154   Section        0  main.o(.bss..L_MergedGlobals.1)
    .L_MergedGlobals.2                       0x200001d0   Data          40  mpu6050.o(.bss..L_MergedGlobals.2)
    Read_DMP.last_filtered_gz                0x200001d0   Data           4  mpu6050.o(.bss..L_MergedGlobals.2)
    [Anonymous Symbol]                       0x200001d0   Section        0  mpu6050.o(.bss..L_MergedGlobals.2)
    Read_DMP.gyro_z_lpf_state                0x200001dc   Data           4  mpu6050.o(.bss..L_MergedGlobals.2)
    .L_MergedGlobals.2                       0x200001f8   Data         120  main.o(.bss..L_MergedGlobals.2)
    [Anonymous Symbol]                       0x200001f8   Section        0  main.o(.bss..L_MergedGlobals.2)
    main.dynamic_linear_x                    0x20000220   Data           4  main.o(.bss..L_MergedGlobals.2)
    main.past_linear_x                       0x20000224   Data           4  main.o(.bss..L_MergedGlobals.2)
    main.post_turn_tick                      0x20000228   Data           4  main.o(.bss..L_MergedGlobals.2)
    dmp.2                                    0x20000280   Data           2  inv_mpu_dmp_motion_driver.o(.bss.dmp.2)
    [Anonymous Symbol]                       0x20000280   Section        0  inv_mpu_dmp_motion_driver.o(.bss.dmp.2)
    dmp.4                                    0x20000284   Data           2  inv_mpu_dmp_motion_driver.o(.bss.dmp.4)
    [Anonymous Symbol]                       0x20000284   Section        0  inv_mpu_dmp_motion_driver.o(.bss.dmp.4)
    Heap_Mem                                 0x200004f0   Data         512  startup_stm32f407xx.o(HEAP)
    HEAP                                     0x200004f0   Section      512  startup_stm32f407xx.o(HEAP)
    Stack_Mem                                0x200006f0   Data        1024  startup_stm32f407xx.o(STACK)
    STACK                                    0x200006f0   Section     1024  startup_stm32f407xx.o(STACK)
    __initial_sp                             0x20000af0   Data           0  startup_stm32f407xx.o(STACK)

    Global Symbols

    Symbol Name                              Value     Ov Type        Size  Object(Section)

    BuildAttributes$$THM_ISAv4$E$P$D$K$B$S$7EM$VFPi3$EXTD16$VFPS$VFMA$PE$A:L22UL41UL21$X:L11$S22US41US21$IEEE1$IW$~IW$USESV6$~STKCKD$USESV7$~SHL$OTIME$ROPI$EBA8$UX$STANDARDLIB$REQ8$PRES8$EABIv2 0x00000000   Number         0  anon$$obj.o ABSOLUTE
    __ARM_exceptions_init                     - Undefined Weak Reference
    __alloca_initialize                       - Undefined Weak Reference
    __arm_preinit_                            - Undefined Weak Reference
    __arm_relocate_pie_                       - Undefined Weak Reference
    __cpp_initialize__aeabi_                  - Undefined Weak Reference
    __cxa_finalize                            - Undefined Weak Reference
    __rt_locale                               - Undefined Weak Reference
    __sigvec_lookup                           - Undefined Weak Reference
    _atexit_init                              - Undefined Weak Reference
    _call_atexit_fns                          - Undefined Weak Reference
    _clock_init                               - Undefined Weak Reference
    _fp_trap_init                             - Undefined Weak Reference
    _fp_trap_shutdown                         - Undefined Weak Reference
    _get_lc_collate                           - Undefined Weak Reference
    _get_lc_ctype                             - Undefined Weak Reference
    _get_lc_monetary                          - Undefined Weak Reference
    _get_lc_numeric                           - Undefined Weak Reference
    _get_lc_time                              - Undefined Weak Reference
    _getenv_init                              - Undefined Weak Reference
    _handle_redirection                       - Undefined Weak Reference
    _init_alloc                               - Undefined Weak Reference
    _init_user_alloc                          - Undefined Weak Reference
    _initio                                   - Undefined Weak Reference
    _rand_init                                - Undefined Weak Reference
    _signal_finish                            - Undefined Weak Reference
    _signal_init                              - Undefined Weak Reference
    _terminate_alloc                          - Undefined Weak Reference
    _terminate_user_alloc                     - Undefined Weak Reference
    _terminateio                              - Undefined Weak Reference
    __Vectors_Size                           0x00000188   Number         0  startup_stm32f407xx.o ABSOLUTE
    __Vectors                                0x08000000   Data           4  startup_stm32f407xx.o(RESET)
    __Vectors_End                            0x08000188   Data           0  startup_stm32f407xx.o(RESET)
    __main                                   0x08000189   Thumb Code     8  __main.o(!!!main)
    __scatterload                            0x08000191   Thumb Code     0  __scatter.o(!!!scatter)
    __scatterload_rt2                        0x08000191   Thumb Code    84  __scatter.o(!!!scatter)
    __scatterload_rt2_thumb_only             0x08000191   Thumb Code     0  __scatter.o(!!!scatter)
    __scatterload_loop                       0x0800019b   Thumb Code     0  __scatter.o(!!!scatter)
    __scatterload_copy                       0x080001ed   Thumb Code    26  __scatter_copy.o(!!handler_copy)
    __scatterload_null                       0x08000209   Thumb Code     2  __scatter.o(!!handler_null)
    __scatterload_zeroinit                   0x0800020d   Thumb Code    28  __scatter_zi.o(!!handler_zi)
    __rt_lib_init                            0x08000229   Thumb Code     0  libinit.o(.ARM.Collect$$libinit$$00000000)
    __rt_lib_init_fp_1                       0x0800022b   Thumb Code     0  libinit2.o(.ARM.Collect$$libinit$$00000001)
    __rt_lib_init_alloca_1                   0x0800022f   Thumb Code     0  libinit2.o(.ARM.Collect$$libinit$$00000030)
    __rt_lib_init_argv_1                     0x0800022f   Thumb Code     0  libinit2.o(.ARM.Collect$$libinit$$0000002E)
    __rt_lib_init_atexit_1                   0x0800022f   Thumb Code     0  libinit2.o(.ARM.Collect$$libinit$$0000001D)
    __rt_lib_init_clock_1                    0x0800022f   Thumb Code     0  libinit2.o(.ARM.Collect$$libinit$$00000023)
    __rt_lib_init_cpp_1                      0x0800022f   Thumb Code     0  libinit2.o(.ARM.Collect$$libinit$$00000034)
    __rt_lib_init_exceptions_1               0x0800022f   Thumb Code     0  libinit2.o(.ARM.Collect$$libinit$$00000032)
    __rt_lib_init_fp_trap_1                  0x0800022f   Thumb Code     0  libinit2.o(.ARM.Collect$$libinit$$00000021)
    __rt_lib_init_getenv_1                   0x0800022f   Thumb Code     0  libinit2.o(.ARM.Collect$$libinit$$00000025)
    __rt_lib_init_heap_1                     0x0800022f   Thumb Code     0  libinit2.o(.ARM.Collect$$libinit$$0000000C)
    __rt_lib_init_lc_collate_1               0x0800022f   Thumb Code     0  libinit2.o(.ARM.Collect$$libinit$$00000013)
    __rt_lib_init_lc_ctype_1                 0x0800022f   Thumb Code     0  libinit2.o(.ARM.Collect$$libinit$$00000015)
    __rt_lib_init_lc_monetary_1              0x0800022f   Thumb Code     0  libinit2.o(.ARM.Collect$$libinit$$00000017)
    __rt_lib_init_lc_numeric_1               0x0800022f   Thumb Code     0  libinit2.o(.ARM.Collect$$libinit$$00000019)
    __rt_lib_init_lc_time_1                  0x0800022f   Thumb Code     0  libinit2.o(.ARM.Collect$$libinit$$0000001B)
    __rt_lib_init_preinit_1                  0x0800022f   Thumb Code     0  libinit2.o(.ARM.Collect$$libinit$$00000006)
    __rt_lib_init_rand_1                     0x0800022f   Thumb Code     0  libinit2.o(.ARM.Collect$$libinit$$00000010)
    __rt_lib_init_relocate_pie_1             0x0800022f   Thumb Code     0  libinit2.o(.ARM.Collect$$libinit$$00000004)
    __rt_lib_init_return                     0x0800022f   Thumb Code     0  libinit2.o(.ARM.Collect$$libinit$$00000035)
    __rt_lib_init_signal_1                   0x0800022f   Thumb Code     0  libinit2.o(.ARM.Collect$$libinit$$0000001F)
    __rt_lib_init_stdio_1                    0x0800022f   Thumb Code     0  libinit2.o(.ARM.Collect$$libinit$$00000027)
    __rt_lib_init_user_alloc_1               0x0800022f   Thumb Code     0  libinit2.o(.ARM.Collect$$libinit$$0000000E)
    __rt_lib_shutdown                        0x08000231   Thumb Code     0  libshutdown.o(.ARM.Collect$$libshutdown$$00000000)
    __rt_lib_shutdown_cpp_1                  0x08000233   Thumb Code     0  libshutdown2.o(.ARM.Collect$$libshutdown$$00000002)
    __rt_lib_shutdown_fp_trap_1              0x08000233   Thumb Code     0  libshutdown2.o(.ARM.Collect$$libshutdown$$00000007)
    __rt_lib_shutdown_heap_1                 0x08000233   Thumb Code     0  libshutdown2.o(.ARM.Collect$$libshutdown$$0000000F)
    __rt_lib_shutdown_return                 0x08000233   Thumb Code     0  libshutdown2.o(.ARM.Collect$$libshutdown$$00000010)
    __rt_lib_shutdown_signal_1               0x08000233   Thumb Code     0  libshutdown2.o(.ARM.Collect$$libshutdown$$0000000A)
    __rt_lib_shutdown_stdio_1                0x08000233   Thumb Code     0  libshutdown2.o(.ARM.Collect$$libshutdown$$00000004)
    __rt_lib_shutdown_user_alloc_1           0x08000233   Thumb Code     0  libshutdown2.o(.ARM.Collect$$libshutdown$$0000000C)
    __rt_entry                               0x08000235   Thumb Code     0  __rtentry.o(.ARM.Collect$$rtentry$$00000000)
    __rt_entry_presh_1                       0x08000235   Thumb Code     0  __rtentry2.o(.ARM.Collect$$rtentry$$00000002)
    __rt_entry_sh                            0x08000235   Thumb Code     0  __rtentry4.o(.ARM.Collect$$rtentry$$00000004)
    __rt_entry_li                            0x0800023b   Thumb Code     0  __rtentry2.o(.ARM.Collect$$rtentry$$0000000A)
    __rt_entry_postsh_1                      0x0800023b   Thumb Code     0  __rtentry2.o(.ARM.Collect$$rtentry$$00000009)
    __rt_entry_main                          0x0800023f   Thumb Code     0  __rtentry2.o(.ARM.Collect$$rtentry$$0000000D)
    __rt_entry_postli_1                      0x0800023f   Thumb Code     0  __rtentry2.o(.ARM.Collect$$rtentry$$0000000C)
    __rt_exit                                0x08000247   Thumb Code     0  rtexit.o(.ARM.Collect$$rtexit$$00000000)
    __rt_exit_ls                             0x08000249   Thumb Code     0  rtexit2.o(.ARM.Collect$$rtexit$$00000003)
    __rt_exit_prels_1                        0x08000249   Thumb Code     0  rtexit2.o(.ARM.Collect$$rtexit$$00000002)
    __rt_exit_exit                           0x0800024d   Thumb Code     0  rtexit2.o(.ARM.Collect$$rtexit$$00000004)
    Reset_Handler                            0x08000255   Thumb Code     8  startup_stm32f407xx.o(.text)
    ADC_IRQHandler                           0x0800026f   Thumb Code     0  startup_stm32f407xx.o(.text)
    CAN1_RX0_IRQHandler                      0x0800026f   Thumb Code     0  startup_stm32f407xx.o(.text)
    CAN1_RX1_IRQHandler                      0x0800026f   Thumb Code     0  startup_stm32f407xx.o(.text)
    CAN1_SCE_IRQHandler                      0x0800026f   Thumb Code     0  startup_stm32f407xx.o(.text)
    CAN1_TX_IRQHandler                       0x0800026f   Thumb Code     0  startup_stm32f407xx.o(.text)
    CAN2_RX0_IRQHandler                      0x0800026f   Thumb Code     0  startup_stm32f407xx.o(.text)
    CAN2_RX1_IRQHandler                      0x0800026f   Thumb Code     0  startup_stm32f407xx.o(.text)
    CAN2_SCE_IRQHandler                      0x0800026f   Thumb Code     0  startup_stm32f407xx.o(.text)
    CAN2_TX_IRQHandler                       0x0800026f   Thumb Code     0  startup_stm32f407xx.o(.text)
    DCMI_IRQHandler                          0x0800026f   Thumb Code     0  startup_stm32f407xx.o(.text)
    DMA1_Stream0_IRQHandler                  0x0800026f   Thumb Code     0  startup_stm32f407xx.o(.text)
    DMA1_Stream1_IRQHandler                  0x0800026f   Thumb Code     0  startup_stm32f407xx.o(.text)
    DMA1_Stream2_IRQHandler                  0x0800026f   Thumb Code     0  startup_stm32f407xx.o(.text)
    DMA1_Stream3_IRQHandler                  0x0800026f   Thumb Code     0  startup_stm32f407xx.o(.text)
    DMA1_Stream4_IRQHandler                  0x0800026f   Thumb Code     0  startup_stm32f407xx.o(.text)
    DMA1_Stream5_IRQHandler                  0x0800026f   Thumb Code     0  startup_stm32f407xx.o(.text)
    DMA1_Stream6_IRQHandler                  0x0800026f   Thumb Code     0  startup_stm32f407xx.o(.text)
    DMA1_Stream7_IRQHandler                  0x0800026f   Thumb Code     0  startup_stm32f407xx.o(.text)
    DMA2_Stream0_IRQHandler                  0x0800026f   Thumb Code     0  startup_stm32f407xx.o(.text)
    DMA2_Stream1_IRQHandler                  0x0800026f   Thumb Code     0  startup_stm32f407xx.o(.text)
    DMA2_Stream3_IRQHandler                  0x0800026f   Thumb Code     0  startup_stm32f407xx.o(.text)
    DMA2_Stream4_IRQHandler                  0x0800026f   Thumb Code     0  startup_stm32f407xx.o(.text)
    DMA2_Stream5_IRQHandler                  0x0800026f   Thumb Code     0  startup_stm32f407xx.o(.text)
    DMA2_Stream6_IRQHandler                  0x0800026f   Thumb Code     0  startup_stm32f407xx.o(.text)
    DMA2_Stream7_IRQHandler                  0x0800026f   Thumb Code     0  startup_stm32f407xx.o(.text)
    ETH_IRQHandler                           0x0800026f   Thumb Code     0  startup_stm32f407xx.o(.text)
    ETH_WKUP_IRQHandler                      0x0800026f   Thumb Code     0  startup_stm32f407xx.o(.text)
    EXTI15_10_IRQHandler                     0x0800026f   Thumb Code     0  startup_stm32f407xx.o(.text)
    EXTI1_IRQHandler                         0x0800026f   Thumb Code     0  startup_stm32f407xx.o(.text)
    EXTI2_IRQHandler                         0x0800026f   Thumb Code     0  startup_stm32f407xx.o(.text)
    EXTI3_IRQHandler                         0x0800026f   Thumb Code     0  startup_stm32f407xx.o(.text)
    EXTI4_IRQHandler                         0x0800026f   Thumb Code     0  startup_stm32f407xx.o(.text)
    EXTI9_5_IRQHandler                       0x0800026f   Thumb Code     0  startup_stm32f407xx.o(.text)
    FLASH_IRQHandler                         0x0800026f   Thumb Code     0  startup_stm32f407xx.o(.text)
    FMC_IRQHandler                           0x0800026f   Thumb Code     0  startup_stm32f407xx.o(.text)
    FPU_IRQHandler                           0x0800026f   Thumb Code     0  startup_stm32f407xx.o(.text)
    HASH_RNG_IRQHandler                      0x0800026f   Thumb Code     0  startup_stm32f407xx.o(.text)
    I2C1_ER_IRQHandler                       0x0800026f   Thumb Code     0  startup_stm32f407xx.o(.text)
    I2C1_EV_IRQHandler                       0x0800026f   Thumb Code     0  startup_stm32f407xx.o(.text)
    I2C2_ER_IRQHandler                       0x0800026f   Thumb Code     0  startup_stm32f407xx.o(.text)
    I2C2_EV_IRQHandler                       0x0800026f   Thumb Code     0  startup_stm32f407xx.o(.text)
    I2C3_ER_IRQHandler                       0x0800026f   Thumb Code     0  startup_stm32f407xx.o(.text)
    I2C3_EV_IRQHandler                       0x0800026f   Thumb Code     0  startup_stm32f407xx.o(.text)
    OTG_FS_IRQHandler                        0x0800026f   Thumb Code     0  startup_stm32f407xx.o(.text)
    OTG_FS_WKUP_IRQHandler                   0x0800026f   Thumb Code     0  startup_stm32f407xx.o(.text)
    OTG_HS_EP1_IN_IRQHandler                 0x0800026f   Thumb Code     0  startup_stm32f407xx.o(.text)
    OTG_HS_EP1_OUT_IRQHandler                0x0800026f   Thumb Code     0  startup_stm32f407xx.o(.text)
    OTG_HS_IRQHandler                        0x0800026f   Thumb Code     0  startup_stm32f407xx.o(.text)
    OTG_HS_WKUP_IRQHandler                   0x0800026f   Thumb Code     0  startup_stm32f407xx.o(.text)
    PVD_IRQHandler                           0x0800026f   Thumb Code     0  startup_stm32f407xx.o(.text)
    RCC_IRQHandler                           0x0800026f   Thumb Code     0  startup_stm32f407xx.o(.text)
    RTC_Alarm_IRQHandler                     0x0800026f   Thumb Code     0  startup_stm32f407xx.o(.text)
    RTC_WKUP_IRQHandler                      0x0800026f   Thumb Code     0  startup_stm32f407xx.o(.text)
    SDIO_IRQHandler                          0x0800026f   Thumb Code     0  startup_stm32f407xx.o(.text)
    SPI1_IRQHandler                          0x0800026f   Thumb Code     0  startup_stm32f407xx.o(.text)
    SPI2_IRQHandler                          0x0800026f   Thumb Code     0  startup_stm32f407xx.o(.text)
    SPI3_IRQHandler                          0x0800026f   Thumb Code     0  startup_stm32f407xx.o(.text)
    TAMP_STAMP_IRQHandler                    0x0800026f   Thumb Code     0  startup_stm32f407xx.o(.text)
    TIM1_BRK_TIM9_IRQHandler                 0x0800026f   Thumb Code     0  startup_stm32f407xx.o(.text)
    TIM1_CC_IRQHandler                       0x0800026f   Thumb Code     0  startup_stm32f407xx.o(.text)
    TIM1_TRG_COM_TIM11_IRQHandler            0x0800026f   Thumb Code     0  startup_stm32f407xx.o(.text)
    TIM1_UP_TIM10_IRQHandler                 0x0800026f   Thumb Code     0  startup_stm32f407xx.o(.text)
    TIM4_IRQHandler                          0x0800026f   Thumb Code     0  startup_stm32f407xx.o(.text)
    TIM6_DAC_IRQHandler                      0x0800026f   Thumb Code     0  startup_stm32f407xx.o(.text)
    TIM7_IRQHandler                          0x0800026f   Thumb Code     0  startup_stm32f407xx.o(.text)
    TIM8_BRK_TIM12_IRQHandler                0x0800026f   Thumb Code     0  startup_stm32f407xx.o(.text)
    TIM8_CC_IRQHandler                       0x0800026f   Thumb Code     0  startup_stm32f407xx.o(.text)
    TIM8_TRG_COM_TIM14_IRQHandler            0x0800026f   Thumb Code     0  startup_stm32f407xx.o(.text)
    TIM8_UP_TIM13_IRQHandler                 0x0800026f   Thumb Code     0  startup_stm32f407xx.o(.text)
    UART4_IRQHandler                         0x0800026f   Thumb Code     0  startup_stm32f407xx.o(.text)
    UART5_IRQHandler                         0x0800026f   Thumb Code     0  startup_stm32f407xx.o(.text)
    USART2_IRQHandler                        0x0800026f   Thumb Code     0  startup_stm32f407xx.o(.text)
    USART3_IRQHandler                        0x0800026f   Thumb Code     0  startup_stm32f407xx.o(.text)
    USART6_IRQHandler                        0x0800026f   Thumb Code     0  startup_stm32f407xx.o(.text)
    WWDG_IRQHandler                          0x0800026f   Thumb Code     0  startup_stm32f407xx.o(.text)
    __user_initial_stackheap                 0x08000271   Thumb Code     0  startup_stm32f407xx.o(.text)
    __aeabi_uldivmod                         0x08000295   Thumb Code     0  lludivv7m.o(.text)
    _ll_udiv                                 0x08000295   Thumb Code   240  lludivv7m.o(.text)
    __aeabi_ldivmod                          0x08000385   Thumb Code     0  llsdiv.o(.text)
    _ll_sdiv                                 0x08000385   Thumb Code   116  llsdiv.o(.text)
    memcmp                                   0x080003f9   Thumb Code    88  memcmp.o(.text)
    __aeabi_memclr4                          0x08000451   Thumb Code     0  rt_memclr_w.o(.text)
    __aeabi_memclr8                          0x08000451   Thumb Code     0  rt_memclr_w.o(.text)
    __rt_memclr_w                            0x08000451   Thumb Code     0  rt_memclr_w.o(.text)
    _memset_w                                0x08000455   Thumb Code    74  rt_memclr_w.o(.text)
    __use_two_region_memory                  0x0800049f   Thumb Code     2  heapauxi.o(.text)
    __rt_heap_escrow$2region                 0x080004a1   Thumb Code     2  heapauxi.o(.text)
    __rt_heap_expand$2region                 0x080004a3   Thumb Code     2  heapauxi.o(.text)
    __user_setup_stackheap                   0x080004a5   Thumb Code    74  sys_stackheap_outer.o(.text)
    exit                                     0x080004ef   Thumb Code    18  exit.o(.text)
    __user_libspace                          0x08000501   Thumb Code     8  libspace.o(.text)
    __user_perproc_libspace                  0x08000501   Thumb Code     0  libspace.o(.text)
    __user_perthread_libspace                0x08000501   Thumb Code     0  libspace.o(.text)
    _sys_exit                                0x08000509   Thumb Code     8  sys_exit.o(.text)
    __I$use$semihosting                      0x08000515   Thumb Code     0  use_no_semi.o(.text)
    __use_no_semihosting_swi                 0x08000515   Thumb Code     2  use_no_semi.o(.text)
    __semihosting_library_function           0x08000517   Thumb Code     0  indicate_semi.o(.text)
    BusFault_Handler                         0x08000519   Thumb Code     2  stm32f4xx_it.o(.text.BusFault_Handler)
    DMA2_Stream2_IRQHandler                  0x0800051d   Thumb Code    12  stm32f4xx_it.o(.text.DMA2_Stream2_IRQHandler)
    DMP_Init                                 0x08000529   Thumb Code   416  mpu6050.o(.text.DMP_Init)
    DebugMon_Handler                         0x080006c9   Thumb Code     2  stm32f4xx_it.o(.text.DebugMon_Handler)
    EXTI0_IRQHandler                         0x080006cd   Thumb Code     6  stm32f4xx_it.o(.text.EXTI0_IRQHandler)
    Encoder_Init                             0x080006d5   Thumb Code    20  encoder.o(.text.Encoder_Init)
    Encoder_Update                           0x080006e9   Thumb Code   128  encoder.o(.text.Encoder_Update)
    Error_Handler                            0x0800077d   Thumb Code     6  main.o(.text.Error_Handler)
    HAL_DMA_Abort                            0x08000785   Thumb Code   142  stm32f4xx_hal_dma.o(.text.HAL_DMA_Abort)
    HAL_DMA_Abort_IT                         0x08000815   Thumb Code    36  stm32f4xx_hal_dma.o(.text.HAL_DMA_Abort_IT)
    HAL_DMA_IRQHandler                       0x08000839   Thumb Code   452  stm32f4xx_hal_dma.o(.text.HAL_DMA_IRQHandler)
    HAL_DMA_Init                             0x080009fd   Thumb Code   354  stm32f4xx_hal_dma.o(.text.HAL_DMA_Init)
    HAL_DMA_Start_IT                         0x08000b61   Thumb Code   162  stm32f4xx_hal_dma.o(.text.HAL_DMA_Start_IT)
    HAL_Delay                                0x08000c05   Thumb Code    40  stm32f4xx_hal.o(.text.HAL_Delay)
    HAL_GPIO_EXTI_Callback                   0x08000c2d   Thumb Code    20  main.o(.text.HAL_GPIO_EXTI_Callback)
    HAL_GPIO_EXTI_IRQHandler                 0x08000c41   Thumb Code    22  stm32f4xx_hal_gpio.o(.text.HAL_GPIO_EXTI_IRQHandler)
    HAL_GPIO_Init                            0x08000c59   Thumb Code   414  stm32f4xx_hal_gpio.o(.text.HAL_GPIO_Init)
    HAL_GPIO_WritePin                        0x08000df9   Thumb Code    10  stm32f4xx_hal_gpio.o(.text.HAL_GPIO_WritePin)
    HAL_GetTick                              0x08000e05   Thumb Code    12  stm32f4xx_hal.o(.text.HAL_GetTick)
    HAL_I2C_Init                             0x08000e11   Thumb Code   356  stm32f4xx_hal_i2c.o(.text.HAL_I2C_Init)
    HAL_I2C_Mem_Read                         0x08000f75   Thumb Code   600  stm32f4xx_hal_i2c.o(.text.HAL_I2C_Mem_Read)
    HAL_I2C_Mem_Write                        0x080011cd   Thumb Code   348  stm32f4xx_hal_i2c.o(.text.HAL_I2C_Mem_Write)
    HAL_I2C_MspInit                          0x08001329   Thumb Code   116  stm32f4xx_hal_msp.o(.text.HAL_I2C_MspInit)
    HAL_IncTick                              0x0800139d   Thumb Code    26  stm32f4xx_hal.o(.text.HAL_IncTick)
    HAL_Init                                 0x080013b9   Thumb Code    54  stm32f4xx_hal.o(.text.HAL_Init)
    HAL_InitTick                             0x080013f1   Thumb Code    72  stm32f4xx_hal.o(.text.HAL_InitTick)
    HAL_MspInit                              0x08001439   Thumb Code    56  stm32f4xx_hal_msp.o(.text.HAL_MspInit)
    HAL_NVIC_EnableIRQ                       0x08001471   Thumb Code    34  stm32f4xx_hal_cortex.o(.text.HAL_NVIC_EnableIRQ)
    HAL_NVIC_SetPriority                     0x08001495   Thumb Code    86  stm32f4xx_hal_cortex.o(.text.HAL_NVIC_SetPriority)
    HAL_NVIC_SetPriorityGrouping             0x080014ed   Thumb Code    32  stm32f4xx_hal_cortex.o(.text.HAL_NVIC_SetPriorityGrouping)
    HAL_RCC_ClockConfig                      0x0800150d   Thumb Code   356  stm32f4xx_hal_rcc.o(.text.HAL_RCC_ClockConfig)
    HAL_RCC_GetPCLK1Freq                     0x08001671   Thumb Code    38  stm32f4xx_hal_rcc.o(.text.HAL_RCC_GetPCLK1Freq)
    HAL_RCC_GetPCLK2Freq                     0x08001699   Thumb Code    38  stm32f4xx_hal_rcc.o(.text.HAL_RCC_GetPCLK2Freq)
    HAL_RCC_GetSysClockFreq                  0x080016c1   Thumb Code   112  stm32f4xx_hal_rcc.o(.text.HAL_RCC_GetSysClockFreq)
    HAL_RCC_OscConfig                        0x08001731   Thumb Code   940  stm32f4xx_hal_rcc.o(.text.HAL_RCC_OscConfig)
    HAL_SYSTICK_Config                       0x08001add   Thumb Code    44  stm32f4xx_hal_cortex.o(.text.HAL_SYSTICK_Config)
    HAL_TIMEx_BreakCallback                  0x08001b09   Thumb Code     2  stm32f4xx_hal_tim_ex.o(.text.HAL_TIMEx_BreakCallback)
    HAL_TIMEx_CommutCallback                 0x08001b0d   Thumb Code     2  stm32f4xx_hal_tim_ex.o(.text.HAL_TIMEx_CommutCallback)
    HAL_TIMEx_ConfigBreakDeadTime            0x08001b11   Thumb Code    76  stm32f4xx_hal_tim_ex.o(.text.HAL_TIMEx_ConfigBreakDeadTime)
    HAL_TIMEx_MasterConfigSynchronization    0x08001b5d   Thumb Code   186  stm32f4xx_hal_tim_ex.o(.text.HAL_TIMEx_MasterConfigSynchronization)
    HAL_TIM_Base_Init                        0x08001c19   Thumb Code    90  stm32f4xx_hal_tim.o(.text.HAL_TIM_Base_Init)
    HAL_TIM_Base_MspInit                     0x08001c75   Thumb Code    72  stm32f4xx_hal_msp.o(.text.HAL_TIM_Base_MspInit)
    HAL_TIM_Base_Start_IT                    0x08001cbd   Thumb Code   170  stm32f4xx_hal_tim.o(.text.HAL_TIM_Base_Start_IT)
    HAL_TIM_ConfigClockSource                0x08001d69   Thumb Code   416  stm32f4xx_hal_tim.o(.text.HAL_TIM_ConfigClockSource)
    HAL_TIM_Encoder_Init                     0x08001f09   Thumb Code   178  stm32f4xx_hal_tim.o(.text.HAL_TIM_Encoder_Init)
    HAL_TIM_Encoder_MspInit                  0x08001fbd   Thumb Code   196  stm32f4xx_hal_msp.o(.text.HAL_TIM_Encoder_MspInit)
    HAL_TIM_Encoder_Start_IT                 0x08002081   Thumb Code   230  stm32f4xx_hal_tim.o(.text.HAL_TIM_Encoder_Start_IT)
    HAL_TIM_IC_CaptureCallback               0x08002169   Thumb Code     2  stm32f4xx_hal_tim.o(.text.HAL_TIM_IC_CaptureCallback)
    HAL_TIM_IRQHandler                       0x0800216d   Thumb Code   334  stm32f4xx_hal_tim.o(.text.HAL_TIM_IRQHandler)
    HAL_TIM_MspPostInit                      0x080022bd   Thumb Code   158  stm32f4xx_hal_msp.o(.text.HAL_TIM_MspPostInit)
    HAL_TIM_OC_DelayElapsedCallback          0x0800235d   Thumb Code     2  stm32f4xx_hal_tim.o(.text.HAL_TIM_OC_DelayElapsedCallback)
    HAL_TIM_PWM_ConfigChannel                0x08002361   Thumb Code   544  stm32f4xx_hal_tim.o(.text.HAL_TIM_PWM_ConfigChannel)
    HAL_TIM_PWM_Init                         0x08002581   Thumb Code    90  stm32f4xx_hal_tim.o(.text.HAL_TIM_PWM_Init)
    HAL_TIM_PWM_MspInit                      0x080025dd   Thumb Code    98  stm32f4xx_hal_msp.o(.text.HAL_TIM_PWM_MspInit)
    HAL_TIM_PWM_PulseFinishedCallback        0x08002641   Thumb Code     2  stm32f4xx_hal_tim.o(.text.HAL_TIM_PWM_PulseFinishedCallback)
    HAL_TIM_PWM_Start                        0x08002645   Thumb Code   270  stm32f4xx_hal_tim.o(.text.HAL_TIM_PWM_Start)
    HAL_TIM_PeriodElapsedCallback            0x08002755   Thumb Code    30  main.o(.text.HAL_TIM_PeriodElapsedCallback)
    HAL_TIM_TriggerCallback                  0x08002775   Thumb Code     2  stm32f4xx_hal_tim.o(.text.HAL_TIM_TriggerCallback)
    HAL_UARTEx_ReceiveToIdle_DMA             0x08002779   Thumb Code   494  stm32f4xx_hal_uart.o(.text.HAL_UARTEx_ReceiveToIdle_DMA)
    HAL_UARTEx_RxEventCallback               0x08002969   Thumb Code   110  main.o(.text.HAL_UARTEx_RxEventCallback)
    HAL_UART_ErrorCallback                   0x080029d9   Thumb Code     2  stm32f4xx_hal_uart.o(.text.HAL_UART_ErrorCallback)
    HAL_UART_IRQHandler                      0x080029dd   Thumb Code  1428  stm32f4xx_hal_uart.o(.text.HAL_UART_IRQHandler)
    HAL_UART_Init                            0x08002f71   Thumb Code    96  stm32f4xx_hal_uart.o(.text.HAL_UART_Init)
    HAL_UART_MspInit                         0x08002fd1   Thumb Code   194  stm32f4xx_hal_msp.o(.text.HAL_UART_MspInit)
    HAL_UART_RxCpltCallback                  0x08003095   Thumb Code     2  stm32f4xx_hal_uart.o(.text.HAL_UART_RxCpltCallback)
    HAL_UART_RxHalfCpltCallback              0x08003099   Thumb Code     2  stm32f4xx_hal_uart.o(.text.HAL_UART_RxHalfCpltCallback)
    HAL_UART_TxCpltCallback                  0x0800309d   Thumb Code     2  stm32f4xx_hal_uart.o(.text.HAL_UART_TxCpltCallback)
    HardFault_Handler                        0x080030a1   Thumb Code     2  stm32f4xx_it.o(.text.HardFault_Handler)
    IICwriteBit                              0x0800372d   Thumb Code   104  i2c.o(.text.IICwriteBit)
    IICwriteBits                             0x08003795   Thumb Code   124  i2c.o(.text.IICwriteBits)
    MPU6050_initialize                       0x08003811   Thumb Code    94  mpu6050.o(.text.MPU6050_initialize)
    MemManage_Handler                        0x08003871   Thumb Code     2  stm32f4xx_it.o(.text.MemManage_Handler)
    NMI_Handler                              0x08003875   Thumb Code     2  stm32f4xx_it.o(.text.NMI_Handler)
    PendSV_Handler                           0x08003879   Thumb Code     2  stm32f4xx_it.o(.text.PendSV_Handler)
    Process_IMU_All_LPF                      0x0800387d   Thumb Code   504  mpu6050.o(.text.Process_IMU_All_LPF)
    Read_DMP                                 0x08003a8d   Thumb Code   416  mpu6050.o(.text.Read_DMP)
    SVC_Handler                              0x08003c51   Thumb Code     2  stm32f4xx_it.o(.text.SVC_Handler)
    SysTick_Handler                          0x08003c55   Thumb Code     4  stm32f4xx_it.o(.text.SysTick_Handler)
    SystemClock_Config                       0x08003c59   Thumb Code   168  main.o(.text.SystemClock_Config)
    SystemInit                               0x08003d01   Thumb Code    18  system_stm32f4xx.o(.text.SystemInit)
    TIM2_IRQHandler                          0x08003d15   Thumb Code    12  stm32f4xx_it.o(.text.TIM2_IRQHandler)
    TIM3_IRQHandler                          0x08003d21   Thumb Code    12  stm32f4xx_it.o(.text.TIM3_IRQHandler)
    TIM5_IRQHandler                          0x08003d2d   Thumb Code    12  stm32f4xx_it.o(.text.TIM5_IRQHandler)
    TIM_Base_SetConfig                       0x08003d39   Thumb Code   314  stm32f4xx_hal_tim.o(.text.TIM_Base_SetConfig)
    USART1_IRQHandler                        0x0800435d   Thumb Code    12  stm32f4xx_it.o(.text.USART1_IRQHandler)
    UsageFault_Handler                       0x08004369   Thumb Code     2  stm32f4xx_it.o(.text.UsageFault_Handler)
    dmp_enable_feature                       0x08004399   Thumb Code   672  inv_mpu_dmp_motion_driver.o(.text.dmp_enable_feature)
    dmp_load_motion_driver_firmware          0x08004639   Thumb Code    22  inv_mpu_dmp_motion_driver.o(.text.dmp_load_motion_driver_firmware)
    dmp_read_fifo                            0x08004651   Thumb Code   436  inv_mpu_dmp_motion_driver.o(.text.dmp_read_fifo)
    dmp_set_fifo_rate                        0x08004805   Thumb Code   112  inv_mpu_dmp_motion_driver.o(.text.dmp_set_fifo_rate)
    dmp_set_gyro_bias                        0x08004875   Thumb Code   224  inv_mpu_dmp_motion_driver.o(.text.dmp_set_gyro_bias)
    dmp_set_orientation                      0x08004955   Thumb Code   232  inv_mpu_dmp_motion_driver.o(.text.dmp_set_orientation)
    dmp_set_tap_thresh                       0x08004a3d   Thumb Code   260  inv_mpu_dmp_motion_driver.o(.text.dmp_set_tap_thresh)
    i2c_read                                 0x08004eb5   Thumb Code    40  i2c.o(.text.i2c_read)
    i2c_write                                0x08004edd   Thumb Code    40  i2c.o(.text.i2c_write)
    main                                     0x08004f05   Thumb Code  2916  main.o(.text.main)
    mpu_configure_fifo                       0x08005a85   Thumb Code   164  inv_mpu.o(.text.mpu_configure_fifo)
    mpu_get_accel_fsr                        0x08005b29   Thumb Code    54  inv_mpu.o(.text.mpu_get_accel_fsr)
    mpu_get_accel_sens                       0x08005b61   Thumb Code    48  inv_mpu.o(.text.mpu_get_accel_sens)
    mpu_get_gyro_sens                        0x08005ba1   Thumb Code    32  inv_mpu.o(.text.mpu_get_gyro_sens)
    mpu_init                                 0x08005bd1   Thumb Code   324  inv_mpu.o(.text.mpu_init)
    mpu_load_firmware                        0x08005d15   Thumb Code   314  inv_mpu.o(.text.mpu_load_firmware)
    mpu_lp_accel_mode                        0x08005e51   Thumb Code   556  inv_mpu.o(.text.mpu_lp_accel_mode)
    mpu_read_fifo_stream                     0x0800607d   Thumb Code   190  inv_mpu.o(.text.mpu_read_fifo_stream)
    mpu_reset_fifo                           0x0800613d   Thumb Code   378  inv_mpu.o(.text.mpu_reset_fifo)
    mpu_run_self_test                        0x080062b9   Thumb Code   468  inv_mpu.o(.text.mpu_run_self_test)
    mpu_set_accel_fsr                        0x080064ad   Thumb Code   110  inv_mpu.o(.text.mpu_set_accel_fsr)
    mpu_set_bypass                           0x0800651d   Thumb Code   238  inv_mpu.o(.text.mpu_set_bypass)
    mpu_set_dmp_state                        0x0800660d   Thumb Code   224  inv_mpu.o(.text.mpu_set_dmp_state)
    mpu_set_lpf                              0x080066ed   Thumb Code   156  inv_mpu.o(.text.mpu_set_lpf)
    mpu_set_sample_rate                      0x08006789   Thumb Code   328  inv_mpu.o(.text.mpu_set_sample_rate)
    mpu_set_sensors                          0x080068d1   Thumb Code   228  inv_mpu.o(.text.mpu_set_sensors)
    mpu_write_mem                            0x080069b5   Thumb Code   128  inv_mpu.o(.text.mpu_write_mem)
    _fp_init                                 0x08006a35   Thumb Code    26  fpinit.o(x$fpl$fpinit)
    __fplib_config_fpu_vfp                   0x08006a4d   Thumb Code     0  fpinit.o(x$fpl$fpinit)
    __fplib_config_pureend_doubles           0x08006a4d   Thumb Code     0  fpinit.o(x$fpl$fpinit)
    AHBPrescTable                            0x08006a54   Data          16  system_stm32f4xx.o(.rodata.AHBPrescTable)
    APBPrescTable                            0x08006a64   Data           8  system_stm32f4xx.o(.rodata.APBPrescTable)
    hw                                       0x08007682   Data          12  inv_mpu.o(.rodata.hw)
    reg                                      0x0800768e   Data          30  inv_mpu.o(.rodata.reg)
    test                                     0x080076ac   Data          40  inv_mpu.o(.rodata.test)
    Region$$Table$$Base                      0x080076d4   Number         0  anon$$obj.o(Region$$Table)
    Region$$Table$$Limit                     0x080076f4   Number         0  anon$$obj.o(Region$$Table)
    alpha_vel_left                           0x20000000   Data           4  main.o(.data..L_MergedGlobals)
    alpha_vel_right                          0x20000004   Data           4  main.o(.data..L_MergedGlobals)
    Kp_L                                     0x20000008   Data           4  main.o(.data..L_MergedGlobals)
    Ki_L                                     0x2000000c   Data           4  main.o(.data..L_MergedGlobals)
    Kp_R                                     0x20000010   Data           4  main.o(.data..L_MergedGlobals)
    Ki_R                                     0x20000014   Data           4  main.o(.data..L_MergedGlobals)
    Kp_pos                                   0x20000018   Data           4  main.o(.data..L_MergedGlobals)
    Kp_angle                                 0x2000001c   Data           4  main.o(.data..L_MergedGlobals)
    alpha_d_angle                            0x20000020   Data           4  main.o(.data..L_MergedGlobals)
    uwTickFreq                               0x20000024   Data           1  stm32f4xx_hal.o(.data..L_MergedGlobals)
    uwTickPrio                               0x20000028   Data           4  stm32f4xx_hal.o(.data..L_MergedGlobals)
    SystemCoreClock                          0x2000002c   Data           4  system_stm32f4xx.o(.data.SystemCoreClock)
    gyro_orientation                         0x20000030   Data           9  mpu6050.o(.data.gyro_orientation)
    __libspace_start                         0x20000068   Data          96  libspace.o(.bss)
    __temporary_stack_top$libspace           0x200000c8   Data           0  libspace.o(.bss)
    Is_Calibrated                            0x200000d8   Data           1  mpu6050.o(.bss..L_MergedGlobals)
    startup_delay                            0x200000da   Data           2  mpu6050.o(.bss..L_MergedGlobals)
    calib_count                              0x200000dc   Data           2  mpu6050.o(.bss..L_MergedGlobals)
    sensors                                  0x200000de   Data           2  mpu6050.o(.bss..L_MergedGlobals)
    Final_Accel_X                            0x200000e0   Data           4  mpu6050.o(.bss..L_MergedGlobals)
    Final_Accel_Y                            0x200000e4   Data           4  mpu6050.o(.bss..L_MergedGlobals)
    Offset_accX                              0x200000e8   Data           4  mpu6050.o(.bss..L_MergedGlobals)
    Offset_accY                              0x200000ec   Data           4  mpu6050.o(.bss..L_MergedGlobals)
    Offset_accZ                              0x200000f0   Data           4  mpu6050.o(.bss..L_MergedGlobals)
    sum_x                                    0x200000f4   Data           4  mpu6050.o(.bss..L_MergedGlobals)
    sum_y                                    0x200000f8   Data           4  mpu6050.o(.bss..L_MergedGlobals)
    sum_z                                    0x200000fc   Data           4  mpu6050.o(.bss..L_MergedGlobals)
    Gyro_Sum_X                               0x20000100   Data           4  mpu6050.o(.bss..L_MergedGlobals)
    Gyro_Sum_Y                               0x20000104   Data           4  mpu6050.o(.bss..L_MergedGlobals)
    Gyro_Sum_Z                               0x20000108   Data           4  mpu6050.o(.bss..L_MergedGlobals)
    Gyro_Offset_X                            0x2000010c   Data           4  mpu6050.o(.bss..L_MergedGlobals)
    Gyro_Offset_Y                            0x20000110   Data           4  mpu6050.o(.bss..L_MergedGlobals)
    Gyro_Offset_Z                            0x20000114   Data           4  mpu6050.o(.bss..L_MergedGlobals)
    Real_Gyro_X                              0x20000118   Data           4  mpu6050.o(.bss..L_MergedGlobals)
    Real_Gyro_Y                              0x2000011c   Data           4  mpu6050.o(.bss..L_MergedGlobals)
    Real_Gyro_Z                              0x20000120   Data           4  mpu6050.o(.bss..L_MergedGlobals)
    Final_Gyro_Z                             0x20000124   Data           4  mpu6050.o(.bss..L_MergedGlobals)
    last_yaw_time                            0x20000128   Data           4  mpu6050.o(.bss..L_MergedGlobals)
    Real_Accel_X                             0x2000012c   Data           4  mpu6050.o(.bss..L_MergedGlobals)
    Real_Accel_Y                             0x20000130   Data           4  mpu6050.o(.bss..L_MergedGlobals)
    Real_Accel_Z                             0x20000134   Data           4  mpu6050.o(.bss..L_MergedGlobals)
    acc_calibrated_x                         0x20000138   Data           4  mpu6050.o(.bss..L_MergedGlobals)
    acc_calibrated_y                         0x2000013c   Data           4  mpu6050.o(.bss..L_MergedGlobals)
    acc_calibrated_z                         0x20000140   Data           4  mpu6050.o(.bss..L_MergedGlobals)
    gy_calibrated_x                          0x20000144   Data           4  mpu6050.o(.bss..L_MergedGlobals)
    gy_calibrated_y                          0x20000148   Data           4  mpu6050.o(.bss..L_MergedGlobals)
    gy_calibrated_z                          0x2000014c   Data           4  mpu6050.o(.bss..L_MergedGlobals)
    mpu_data_ready_flag                      0x20000154   Data           1  main.o(.bss..L_MergedGlobals.1)
    pid_trigger                              0x20000155   Data           1  main.o(.bss..L_MergedGlobals.1)
    calib_step_state                         0x20000156   Data           1  main.o(.bss..L_MergedGlobals.1)
    flag                                     0x20000157   Data           1  main.o(.bss..L_MergedGlobals.1)
    buzzer_done_flag                         0x20000158   Data           1  main.o(.bss..L_MergedGlobals.1)
    motor_L_output                           0x2000015a   Data           2  main.o(.bss..L_MergedGlobals.1)
    motor_R_output                           0x2000015c   Data           2  main.o(.bss..L_MergedGlobals.1)
    linear_x                                 0x20000160   Data           4  main.o(.bss..L_MergedGlobals.1)
    Kb_L                                     0x20000164   Data           4  main.o(.bss..L_MergedGlobals.1)
    error_sat_p_L                            0x20000168   Data           4  main.o(.bss..L_MergedGlobals.1)
    error_sat_L                              0x2000016c   Data           4  main.o(.bss..L_MergedGlobals.1)
    ui_p_L                                   0x20000170   Data           4  main.o(.bss..L_MergedGlobals.1)
    setpoint_L                               0x20000174   Data           4  main.o(.bss..L_MergedGlobals.1)
    Kb_R                                     0x20000178   Data           4  main.o(.bss..L_MergedGlobals.1)
    error_sat_p_R                            0x2000017c   Data           4  main.o(.bss..L_MergedGlobals.1)
    error_sat_R                              0x20000180   Data           4  main.o(.bss..L_MergedGlobals.1)
    ui_p_R                                   0x20000184   Data           4  main.o(.bss..L_MergedGlobals.1)
    setpoint_R                               0x20000188   Data           4  main.o(.bss..L_MergedGlobals.1)
    uart_vel                                 0x2000018c   Data           4  main.o(.bss..L_MergedGlobals.1)
    uart_rad                                 0x20000190   Data           4  main.o(.bss..L_MergedGlobals.1)
    ros_uart_accel_x                         0x20000194   Data           4  main.o(.bss..L_MergedGlobals.1)
    ros_uart_accel_y                         0x20000198   Data           4  main.o(.bss..L_MergedGlobals.1)
    ros_uart_gyro_z                          0x2000019c   Data           4  main.o(.bss..L_MergedGlobals.1)
    Ki_pos                                   0x200001a0   Data           4  main.o(.bss..L_MergedGlobals.1)
    Kb_pos                                   0x200001a4   Data           4  main.o(.bss..L_MergedGlobals.1)
    Ki_angle                                 0x200001a8   Data           4  main.o(.bss..L_MergedGlobals.1)
    Kd_angle                                 0x200001ac   Data           4  main.o(.bss..L_MergedGlobals.1)
    Kb_angle                                 0x200001b0   Data           4  main.o(.bss..L_MergedGlobals.1)
    angle_error                              0x200001b4   Data           4  main.o(.bss..L_MergedGlobals.1)
    angle_last_error                         0x200001b8   Data           4  main.o(.bss..L_MergedGlobals.1)
    angle_integral                           0x200001bc   Data           4  main.o(.bss..L_MergedGlobals.1)
    error_sat_p_angle                        0x200001c0   Data           4  main.o(.bss..L_MergedGlobals.1)
    last_ud_f_angle                          0x200001c4   Data           4  main.o(.bss..L_MergedGlobals.1)
    Target_Yaw                               0x200001c8   Data           4  main.o(.bss..L_MergedGlobals.1)
    calib_wheel_yaw_rad                      0x200001cc   Data           4  main.o(.bss..L_MergedGlobals.1)
    gz_smooth_10ms                           0x200001d4   Data           4  mpu6050.o(.bss..L_MergedGlobals.2)
    Robot_Yaw                                0x200001d8   Data           4  mpu6050.o(.bss..L_MergedGlobals.2)
    gyro                                     0x200001e0   Data           6  mpu6050.o(.bss..L_MergedGlobals.2)
    accel                                    0x200001e6   Data           6  mpu6050.o(.bss..L_MergedGlobals.2)
    gravity                                  0x200001ec   Data          12  mpu6050.o(.bss..L_MergedGlobals.2)
    calib_wheel_yaw_deg                      0x200001f8   Data           4  main.o(.bss..L_MergedGlobals.2)
    recommended_base_link                    0x200001fc   Data           4  main.o(.bss..L_MergedGlobals.2)
    left_rad_raw                             0x20000200   Data           4  main.o(.bss..L_MergedGlobals.2)
    left_vel_raw                             0x20000204   Data           4  main.o(.bss..L_MergedGlobals.2)
    left_rad_filt                            0x20000208   Data           4  main.o(.bss..L_MergedGlobals.2)
    left_vel_filt                            0x2000020c   Data           4  main.o(.bss..L_MergedGlobals.2)
    right_rad_raw                            0x20000210   Data           4  main.o(.bss..L_MergedGlobals.2)
    right_vel_raw                            0x20000214   Data           4  main.o(.bss..L_MergedGlobals.2)
    right_rad_filt                           0x20000218   Data           4  main.o(.bss..L_MergedGlobals.2)
    right_vel_filt                           0x2000021c   Data           4  main.o(.bss..L_MergedGlobals.2)
    rxFrame                                  0x2000022c   Data          10  main.o(.bss..L_MergedGlobals.2)
    LeftEncoder                              0x20000238   Data          28  main.o(.bss..L_MergedGlobals.2)
    RightEncoder                             0x20000254   Data          28  main.o(.bss..L_MergedGlobals.2)
    buffer                                   0x20000270   Data          14  mpu6050.o(.bss.buffer)
    hdma_usart1_rx                           0x20000288   Data          96  main.o(.bss.hdma_usart1_rx)
    hi2c1                                    0x200002e8   Data          84  main.o(.bss.hi2c1)
    htim2                                    0x2000033c   Data          72  main.o(.bss.htim2)
    htim3                                    0x20000384   Data          72  main.o(.bss.htim3)
    htim4                                    0x200003cc   Data          72  main.o(.bss.htim4)
    htim5                                    0x20000414   Data          72  main.o(.bss.htim5)
    htim8                                    0x2000045c   Data          72  main.o(.bss.htim8)
    huart1                                   0x200004a4   Data          72  main.o(.bss.huart1)
    uwTick                                   0x200004ec   Data           4  stm32f4xx_hal.o(.bss.uwTick)



==============================================================================

Memory Map of the image

  Image Entry point : 0x08000189

  Load Region LR_IROM1 (Base: 0x08000000, Size: 0x00007760, Max: 0x00080000, ABSOLUTE)

    Execution Region ER_IROM1 (Exec base: 0x08000000, Load base: 0x08000000, Size: 0x000076f4, Max: 0x00080000, ABSOLUTE)

    Exec Addr    Load Addr    Size         Type   Attr      Idx    E Section Name        Object

    0x08000000   0x08000000   0x00000188   Data   RO            3    RESET               startup_stm32f407xx.o
    0x08000188   0x08000188   0x00000008   Code   RO         1402  * !!!main             c_w.l(__main.o)
    0x08000190   0x08000190   0x0000005c   Code   RO         1604    !!!scatter          c_w.l(__scatter.o)
    0x080001ec   0x080001ec   0x0000001a   Code   RO         1608    !!handler_copy      c_w.l(__scatter_copy.o)
    0x08000206   0x08000206   0x00000002   PAD
    0x08000208   0x08000208   0x00000002   Code   RO         1605    !!handler_null      c_w.l(__scatter.o)
    0x0800020a   0x0800020a   0x00000002   PAD
    0x0800020c   0x0800020c   0x0000001c   Code   RO         1610    !!handler_zi        c_w.l(__scatter_zi.o)
    0x08000228   0x08000228   0x00000002   Code   RO         1466    .ARM.Collect$$libinit$$00000000  c_w.l(libinit.o)
    0x0800022a   0x0800022a   0x00000004   Code   RO         1478    .ARM.Collect$$libinit$$00000001  c_w.l(libinit2.o)
    0x0800022e   0x0800022e   0x00000000   Code   RO         1481    .ARM.Collect$$libinit$$00000004  c_w.l(libinit2.o)
    0x0800022e   0x0800022e   0x00000000   Code   RO         1483    .ARM.Collect$$libinit$$00000006  c_w.l(libinit2.o)
    0x0800022e   0x0800022e   0x00000000   Code   RO         1486    .ARM.Collect$$libinit$$0000000C  c_w.l(libinit2.o)
    0x0800022e   0x0800022e   0x00000000   Code   RO         1488    .ARM.Collect$$libinit$$0000000E  c_w.l(libinit2.o)
    0x0800022e   0x0800022e   0x00000000   Code   RO         1490    .ARM.Collect$$libinit$$00000010  c_w.l(libinit2.o)
    0x0800022e   0x0800022e   0x00000000   Code   RO         1493    .ARM.Collect$$libinit$$00000013  c_w.l(libinit2.o)
    0x0800022e   0x0800022e   0x00000000   Code   RO         1495    .ARM.Collect$$libinit$$00000015  c_w.l(libinit2.o)
    0x0800022e   0x0800022e   0x00000000   Code   RO         1497    .ARM.Collect$$libinit$$00000017  c_w.l(libinit2.o)
    0x0800022e   0x0800022e   0x00000000   Code   RO         1499    .ARM.Collect$$libinit$$00000019  c_w.l(libinit2.o)
    0x0800022e   0x0800022e   0x00000000   Code   RO         1501    .ARM.Collect$$libinit$$0000001B  c_w.l(libinit2.o)
    0x0800022e   0x0800022e   0x00000000   Code   RO         1503    .ARM.Collect$$libinit$$0000001D  c_w.l(libinit2.o)
    0x0800022e   0x0800022e   0x00000000   Code   RO         1505    .ARM.Collect$$libinit$$0000001F  c_w.l(libinit2.o)
    0x0800022e   0x0800022e   0x00000000   Code   RO         1507    .ARM.Collect$$libinit$$00000021  c_w.l(libinit2.o)
    0x0800022e   0x0800022e   0x00000000   Code   RO         1509    .ARM.Collect$$libinit$$00000023  c_w.l(libinit2.o)
    0x0800022e   0x0800022e   0x00000000   Code   RO         1511    .ARM.Collect$$libinit$$00000025  c_w.l(libinit2.o)
    0x0800022e   0x0800022e   0x00000000   Code   RO         1513    .ARM.Collect$$libinit$$00000027  c_w.l(libinit2.o)
    0x0800022e   0x0800022e   0x00000000   Code   RO         1517    .ARM.Collect$$libinit$$0000002E  c_w.l(libinit2.o)
    0x0800022e   0x0800022e   0x00000000   Code   RO         1519    .ARM.Collect$$libinit$$00000030  c_w.l(libinit2.o)
    0x0800022e   0x0800022e   0x00000000   Code   RO         1521    .ARM.Collect$$libinit$$00000032  c_w.l(libinit2.o)
    0x0800022e   0x0800022e   0x00000000   Code   RO         1523    .ARM.Collect$$libinit$$00000034  c_w.l(libinit2.o)
    0x0800022e   0x0800022e   0x00000002   Code   RO         1524    .ARM.Collect$$libinit$$00000035  c_w.l(libinit2.o)
    0x08000230   0x08000230   0x00000002   Code   RO         1559    .ARM.Collect$$libshutdown$$00000000  c_w.l(libshutdown.o)
    0x08000232   0x08000232   0x00000000   Code   RO         1587    .ARM.Collect$$libshutdown$$00000002  c_w.l(libshutdown2.o)
    0x08000232   0x08000232   0x00000000   Code   RO         1589    .ARM.Collect$$libshutdown$$00000004  c_w.l(libshutdown2.o)
    0x08000232   0x08000232   0x00000000   Code   RO         1592    .ARM.Collect$$libshutdown$$00000007  c_w.l(libshutdown2.o)
    0x08000232   0x08000232   0x00000000   Code   RO         1595    .ARM.Collect$$libshutdown$$0000000A  c_w.l(libshutdown2.o)
    0x08000232   0x08000232   0x00000000   Code   RO         1597    .ARM.Collect$$libshutdown$$0000000C  c_w.l(libshutdown2.o)
    0x08000232   0x08000232   0x00000000   Code   RO         1600    .ARM.Collect$$libshutdown$$0000000F  c_w.l(libshutdown2.o)
    0x08000232   0x08000232   0x00000002   Code   RO         1601    .ARM.Collect$$libshutdown$$00000010  c_w.l(libshutdown2.o)
    0x08000234   0x08000234   0x00000000   Code   RO         1416    .ARM.Collect$$rtentry$$00000000  c_w.l(__rtentry.o)
    0x08000234   0x08000234   0x00000000   Code   RO         1435    .ARM.Collect$$rtentry$$00000002  c_w.l(__rtentry2.o)
    0x08000234   0x08000234   0x00000006   Code   RO         1447    .ARM.Collect$$rtentry$$00000004  c_w.l(__rtentry4.o)
    0x0800023a   0x0800023a   0x00000000   Code   RO         1437    .ARM.Collect$$rtentry$$00000009  c_w.l(__rtentry2.o)
    0x0800023a   0x0800023a   0x00000004   Code   RO         1438    .ARM.Collect$$rtentry$$0000000A  c_w.l(__rtentry2.o)
    0x0800023e   0x0800023e   0x00000000   Code   RO         1440    .ARM.Collect$$rtentry$$0000000C  c_w.l(__rtentry2.o)
    0x0800023e   0x0800023e   0x00000008   Code   RO         1441    .ARM.Collect$$rtentry$$0000000D  c_w.l(__rtentry2.o)
    0x08000246   0x08000246   0x00000002   Code   RO         1470    .ARM.Collect$$rtexit$$00000000  c_w.l(rtexit.o)
    0x08000248   0x08000248   0x00000000   Code   RO         1530    .ARM.Collect$$rtexit$$00000002  c_w.l(rtexit2.o)
    0x08000248   0x08000248   0x00000004   Code   RO         1531    .ARM.Collect$$rtexit$$00000003  c_w.l(rtexit2.o)
    0x0800024c   0x0800024c   0x00000006   Code   RO         1532    .ARM.Collect$$rtexit$$00000004  c_w.l(rtexit2.o)
    0x08000252   0x08000252   0x00000002   PAD
    0x08000254   0x08000254   0x00000040   Code   RO            4    .text               startup_stm32f407xx.o
    0x08000294   0x08000294   0x000000f0   Code   RO         1390    .text               c_w.l(lludivv7m.o)
    0x08000384   0x08000384   0x00000074   Code   RO         1392    .text               c_w.l(llsdiv.o)
    0x080003f8   0x080003f8   0x00000058   Code   RO         1394    .text               c_w.l(memcmp.o)
    0x08000450   0x08000450   0x0000004e   Code   RO         1398    .text               c_w.l(rt_memclr_w.o)
    0x0800049e   0x0800049e   0x00000006   Code   RO         1400    .text               c_w.l(heapauxi.o)
    0x080004a4   0x080004a4   0x0000004a   Code   RO         1453    .text               c_w.l(sys_stackheap_outer.o)
    0x080004ee   0x080004ee   0x00000012   Code   RO         1455    .text               c_w.l(exit.o)
    0x08000500   0x08000500   0x00000008   Code   RO         1467    .text               c_w.l(libspace.o)
    0x08000508   0x08000508   0x0000000c   Code   RO         1525    .text               c_w.l(sys_exit.o)
    0x08000514   0x08000514   0x00000002   Code   RO         1548    .text               c_w.l(use_no_semi.o)
    0x08000516   0x08000516   0x00000000   Code   RO         1550    .text               c_w.l(indicate_semi.o)
    0x08000516   0x08000516   0x00000002   PAD
    0x08000518   0x08000518   0x00000002   Code   RO          346    .text.BusFault_Handler  stm32f4xx_it.o
    0x0800051a   0x0800051a   0x00000002   PAD
    0x0800051c   0x0800051c   0x0000000c   Code   RO          368    .text.DMA2_Stream2_IRQHandler  stm32f4xx_it.o
    0x08000528   0x08000528   0x000001a0   Code   RO          215    .text.DMP_Init      mpu6050.o
    0x080006c8   0x080006c8   0x00000002   Code   RO          352    .text.DebugMon_Handler  stm32f4xx_it.o
    0x080006ca   0x080006ca   0x00000002   PAD
    0x080006cc   0x080006cc   0x00000006   Code   RO          358    .text.EXTI0_IRQHandler  stm32f4xx_it.o
    0x080006d2   0x080006d2   0x00000002   PAD
    0x080006d4   0x080006d4   0x00000014   Code   RO          250    .text.Encoder_Init  encoder.o
    0x080006e8   0x080006e8   0x00000094   Code   RO          252    .text.Encoder_Update  encoder.o
    0x0800077c   0x0800077c   0x00000006   Code   RO          286    .text.Error_Handler  main.o
    0x08000782   0x08000782   0x00000002   PAD
    0x08000784   0x08000784   0x0000008e   Code   RO          704    .text.HAL_DMA_Abort  stm32f4xx_hal_dma.o
    0x08000812   0x08000812   0x00000002   PAD
    0x08000814   0x08000814   0x00000024   Code   RO          706    .text.HAL_DMA_Abort_IT  stm32f4xx_hal_dma.o
    0x08000838   0x08000838   0x000001c4   Code   RO          710    .text.HAL_DMA_IRQHandler  stm32f4xx_hal_dma.o
    0x080009fc   0x080009fc   0x00000162   Code   RO          696    .text.HAL_DMA_Init  stm32f4xx_hal_dma.o
    0x08000b5e   0x08000b5e   0x00000002   PAD
    0x08000b60   0x08000b60   0x000000a2   Code   RO          702    .text.HAL_DMA_Start_IT  stm32f4xx_hal_dma.o
    0x08000c02   0x08000c02   0x00000002   PAD
    0x08000c04   0x08000c04   0x00000028   Code   RO          863    .text.HAL_Delay     stm32f4xx_hal.o
    0x08000c2c   0x08000c2c   0x00000014   Code   RO          262    .text.HAL_GPIO_EXTI_Callback  main.o
    0x08000c40   0x08000c40   0x00000016   Code   RO          670    .text.HAL_GPIO_EXTI_IRQHandler  stm32f4xx_hal_gpio.o
    0x08000c56   0x08000c56   0x00000002   PAD
    0x08000c58   0x08000c58   0x0000019e   Code   RO          658    .text.HAL_GPIO_Init  stm32f4xx_hal_gpio.o
    0x08000df6   0x08000df6   0x00000002   PAD
    0x08000df8   0x08000df8   0x0000000a   Code   RO          664    .text.HAL_GPIO_WritePin  stm32f4xx_hal_gpio.o
    0x08000e02   0x08000e02   0x00000002   PAD
    0x08000e04   0x08000e04   0x0000000c   Code   RO          855    .text.HAL_GetTick   stm32f4xx_hal.o
    0x08000e10   0x08000e10   0x00000164   Code   RO          409    .text.HAL_I2C_Init  stm32f4xx_hal_i2c.o
    0x08000f74   0x08000f74   0x00000258   Code   RO          457    .text.HAL_I2C_Mem_Read  stm32f4xx_hal_i2c.o
    0x080011cc   0x080011cc   0x0000015c   Code   RO          453    .text.HAL_I2C_Mem_Write  stm32f4xx_hal_i2c.o
    0x08001328   0x08001328   0x00000074   Code   RO          379    .text.HAL_I2C_MspInit  stm32f4xx_hal_msp.o
    0x0800139c   0x0800139c   0x0000001a   Code   RO          853    .text.HAL_IncTick   stm32f4xx_hal.o
    0x080013b6   0x080013b6   0x00000002   PAD
    0x080013b8   0x080013b8   0x00000036   Code   RO          843    .text.HAL_Init      stm32f4xx_hal.o
    0x080013ee   0x080013ee   0x00000002   PAD
    0x080013f0   0x080013f0   0x00000048   Code   RO          845    .text.HAL_InitTick  stm32f4xx_hal.o
    0x08001438   0x08001438   0x00000038   Code   RO          377    .text.HAL_MspInit   stm32f4xx_hal_msp.o
    0x08001470   0x08001470   0x00000022   Code   RO          795    .text.HAL_NVIC_EnableIRQ  stm32f4xx_hal_cortex.o
    0x08001492   0x08001492   0x00000002   PAD
    0x08001494   0x08001494   0x00000056   Code   RO          793    .text.HAL_NVIC_SetPriority  stm32f4xx_hal_cortex.o
    0x080014ea   0x080014ea   0x00000002   PAD
    0x080014ec   0x080014ec   0x00000020   Code   RO          791    .text.HAL_NVIC_SetPriorityGrouping  stm32f4xx_hal_cortex.o
    0x0800150c   0x0800150c   0x00000164   Code   RO          552    .text.HAL_RCC_ClockConfig  stm32f4xx_hal_rcc.o
    0x08001670   0x08001670   0x00000026   Code   RO          564    .text.HAL_RCC_GetPCLK1Freq  stm32f4xx_hal_rcc.o
    0x08001696   0x08001696   0x00000002   PAD
    0x08001698   0x08001698   0x00000026   Code   RO          566    .text.HAL_RCC_GetPCLK2Freq  stm32f4xx_hal_rcc.o
    0x080016be   0x080016be   0x00000002   PAD
    0x080016c0   0x080016c0   0x00000070   Code   RO          554    .text.HAL_RCC_GetSysClockFreq  stm32f4xx_hal_rcc.o
    0x08001730   0x08001730   0x000003ac   Code   RO          550    .text.HAL_RCC_OscConfig  stm32f4xx_hal_rcc.o
    0x08001adc   0x08001adc   0x0000002c   Code   RO          803    .text.HAL_SYSTICK_Config  stm32f4xx_hal_cortex.o
    0x08001b08   0x08001b08   0x00000002   Code   RO         1238    .text.HAL_TIMEx_BreakCallback  stm32f4xx_hal_tim_ex.o
    0x08001b0a   0x08001b0a   0x00000002   PAD
    0x08001b0c   0x08001b0c   0x00000002   Code   RO         1234    .text.HAL_TIMEx_CommutCallback  stm32f4xx_hal_tim_ex.o
    0x08001b0e   0x08001b0e   0x00000002   PAD
    0x08001b10   0x08001b10   0x0000004c   Code   RO         1230    .text.HAL_TIMEx_ConfigBreakDeadTime  stm32f4xx_hal_tim_ex.o
    0x08001b5c   0x08001b5c   0x000000ba   Code   RO         1228    .text.HAL_TIMEx_MasterConfigSynchronization  stm32f4xx_hal_tim_ex.o
    0x08001c16   0x08001c16   0x00000002   PAD
    0x08001c18   0x08001c18   0x0000005a   Code   RO          933    .text.HAL_TIM_Base_Init  stm32f4xx_hal_tim.o
    0x08001c72   0x08001c72   0x00000002   PAD
    0x08001c74   0x08001c74   0x00000048   Code   RO          387    .text.HAL_TIM_Base_MspInit  stm32f4xx_hal_msp.o
    0x08001cbc   0x08001cbc   0x000000aa   Code   RO          947    .text.HAL_TIM_Base_Start_IT  stm32f4xx_hal_tim.o
    0x08001d66   0x08001d66   0x00000002   PAD
    0x08001d68   0x08001d68   0x000001a0   Code   RO         1113    .text.HAL_TIM_ConfigClockSource  stm32f4xx_hal_tim.o
    0x08001f08   0x08001f08   0x000000b2   Code   RO         1047    .text.HAL_TIM_Encoder_Init  stm32f4xx_hal_tim.o
    0x08001fba   0x08001fba   0x00000002   PAD
    0x08001fbc   0x08001fbc   0x000000c4   Code   RO          383    .text.HAL_TIM_Encoder_MspInit  stm32f4xx_hal_msp.o
    0x08002080   0x08002080   0x000000e6   Code   RO         1059    .text.HAL_TIM_Encoder_Start_IT  stm32f4xx_hal_tim.o
    0x08002166   0x08002166   0x00000002   PAD
    0x08002168   0x08002168   0x00000002   Code   RO         1069    .text.HAL_TIM_IC_CaptureCallback  stm32f4xx_hal_tim.o
    0x0800216a   0x0800216a   0x00000002   PAD
    0x0800216c   0x0800216c   0x0000014e   Code   RO         1067    .text.HAL_TIM_IRQHandler  stm32f4xx_hal_tim.o
    0x080022ba   0x080022ba   0x00000002   PAD
    0x080022bc   0x080022bc   0x0000009e   Code   RO          389    .text.HAL_TIM_MspPostInit  stm32f4xx_hal_msp.o
    0x0800235a   0x0800235a   0x00000002   PAD
    0x0800235c   0x0800235c   0x00000002   Code   RO         1071    .text.HAL_TIM_OC_DelayElapsedCallback  stm32f4xx_hal_tim.o
    0x0800235e   0x0800235e   0x00000002   PAD
    0x08002360   0x08002360   0x00000220   Code   RO         1087    .text.HAL_TIM_PWM_ConfigChannel  stm32f4xx_hal_tim.o
    0x08002580   0x08002580   0x0000005a   Code   RO          987    .text.HAL_TIM_PWM_Init  stm32f4xx_hal_tim.o
    0x080025da   0x080025da   0x00000002   PAD
    0x080025dc   0x080025dc   0x00000062   Code   RO          385    .text.HAL_TIM_PWM_MspInit  stm32f4xx_hal_msp.o
    0x0800263e   0x0800263e   0x00000002   PAD
    0x08002640   0x08002640   0x00000002   Code   RO         1073    .text.HAL_TIM_PWM_PulseFinishedCallback  stm32f4xx_hal_tim.o
    0x08002642   0x08002642   0x00000002   PAD
    0x08002644   0x08002644   0x0000010e   Code   RO          995    .text.HAL_TIM_PWM_Start  stm32f4xx_hal_tim.o
    0x08002752   0x08002752   0x00000002   PAD
    0x08002754   0x08002754   0x0000001e   Code   RO          266    .text.HAL_TIM_PeriodElapsedCallback  main.o
    0x08002772   0x08002772   0x00000002   PAD
    0x08002774   0x08002774   0x00000002   Code   RO         1077    .text.HAL_TIM_TriggerCallback  stm32f4xx_hal_tim.o
    0x08002776   0x08002776   0x00000002   PAD
    0x08002778   0x08002778   0x000001ee   Code   RO         1300    .text.HAL_UARTEx_ReceiveToIdle_DMA  stm32f4xx_hal_uart.o
    0x08002966   0x08002966   0x00000002   PAD
    0x08002968   0x08002968   0x0000006e   Code   RO          264    .text.HAL_UARTEx_RxEventCallback  main.o
    0x080029d6   0x080029d6   0x00000002   PAD
    0x080029d8   0x080029d8   0x00000002   Code   RO         1336    .text.HAL_UART_ErrorCallback  stm32f4xx_hal_uart.o
    0x080029da   0x080029da   0x00000002   PAD
    0x080029dc   0x080029dc   0x00000594   Code   RO         1330    .text.HAL_UART_IRQHandler  stm32f4xx_hal_uart.o
    0x08002f70   0x08002f70   0x00000060   Code   RO         1252    .text.HAL_UART_Init  stm32f4xx_hal_uart.o
    0x08002fd0   0x08002fd0   0x000000c2   Code   RO          397    .text.HAL_UART_MspInit  stm32f4xx_hal_msp.o
    0x08003092   0x08003092   0x00000002   PAD
    0x08003094   0x08003094   0x00000002   Code   RO         1344    .text.HAL_UART_RxCpltCallback  stm32f4xx_hal_uart.o
    0x08003096   0x08003096   0x00000002   PAD
    0x08003098   0x08003098   0x00000002   Code   RO         1346    .text.HAL_UART_RxHalfCpltCallback  stm32f4xx_hal_uart.o
    0x0800309a   0x0800309a   0x00000002   PAD
    0x0800309c   0x0800309c   0x00000002   Code   RO         1340    .text.HAL_UART_TxCpltCallback  stm32f4xx_hal_uart.o
    0x0800309e   0x0800309e   0x00000002   PAD
    0x080030a0   0x080030a0   0x00000002   Code   RO          342    .text.HardFault_Handler  stm32f4xx_it.o
    0x080030a2   0x080030a2   0x00000002   PAD
    0x080030a4   0x080030a4   0x00000112   Code   RO          459    .text.I2C_RequestMemoryRead  stm32f4xx_hal_i2c.o
    0x080031b6   0x080031b6   0x00000002   PAD
    0x080031b8   0x080031b8   0x000000c8   Code   RO          455    .text.I2C_RequestMemoryWrite  stm32f4xx_hal_i2c.o
    0x08003280   0x08003280   0x000000ba   Code   RO          423    .text.I2C_WaitOnBTFFlagUntilTimeout  stm32f4xx_hal_i2c.o
    0x0800333a   0x0800333a   0x00000002   PAD
    0x0800333c   0x0800333c   0x000001ca   Code   RO          419    .text.I2C_WaitOnFlagUntilTimeout  stm32f4xx_hal_i2c.o
    0x08003506   0x08003506   0x00000002   PAD
    0x08003508   0x08003508   0x000000d6   Code   RO          537    .text.I2C_WaitOnMasterAddressFlagUntilTimeout  stm32f4xx_hal_i2c.o
    0x080035de   0x080035de   0x00000002   PAD
    0x080035e0   0x080035e0   0x00000090   Code   RO          427    .text.I2C_WaitOnRXNEFlagUntilTimeout  stm32f4xx_hal_i2c.o
    0x08003670   0x08003670   0x000000ba   Code   RO          421    .text.I2C_WaitOnTXEFlagUntilTimeout  stm32f4xx_hal_i2c.o
    0x0800372a   0x0800372a   0x00000002   PAD
    0x0800372c   0x0800372c   0x00000068   Code   RO           15    .text.IICwriteBit   i2c.o
    0x08003794   0x08003794   0x0000007c   Code   RO           17    .text.IICwriteBits  i2c.o
    0x08003810   0x08003810   0x0000005e   Code   RO          213    .text.MPU6050_initialize  mpu6050.o
    0x0800386e   0x0800386e   0x00000002   PAD
    0x08003870   0x08003870   0x00000002   Code   RO          344    .text.MemManage_Handler  stm32f4xx_it.o
    0x08003872   0x08003872   0x00000002   PAD
    0x08003874   0x08003874   0x00000002   Code   RO          340    .text.NMI_Handler   stm32f4xx_it.o
    0x08003876   0x08003876   0x00000002   PAD
    0x08003878   0x08003878   0x00000002   Code   RO          354    .text.PendSV_Handler  stm32f4xx_it.o
    0x0800387a   0x0800387a   0x00000002   PAD
    0x0800387c   0x0800387c   0x00000210   Code   RO          219    .text.Process_IMU_All_LPF  mpu6050.o
    0x08003a8c   0x08003a8c   0x000001c4   Code   RO          221    .text.Read_DMP      mpu6050.o
    0x08003c50   0x08003c50   0x00000002   Code   RO          350    .text.SVC_Handler   stm32f4xx_it.o
    0x08003c52   0x08003c52   0x00000002   PAD
    0x08003c54   0x08003c54   0x00000004   Code   RO          356    .text.SysTick_Handler  stm32f4xx_it.o
    0x08003c58   0x08003c58   0x000000a8   Code   RO          284    .text.SystemClock_Config  main.o
    0x08003d00   0x08003d00   0x00000012   Code   RO         1374    .text.SystemInit    system_stm32f4xx.o
    0x08003d12   0x08003d12   0x00000002   PAD
    0x08003d14   0x08003d14   0x0000000c   Code   RO          360    .text.TIM2_IRQHandler  stm32f4xx_it.o
    0x08003d20   0x08003d20   0x0000000c   Code   RO          362    .text.TIM3_IRQHandler  stm32f4xx_it.o
    0x08003d2c   0x08003d2c   0x0000000c   Code   RO          366    .text.TIM5_IRQHandler  stm32f4xx_it.o
    0x08003d38   0x08003d38   0x0000013a   Code   RO          937    .text.TIM_Base_SetConfig  stm32f4xx_hal_tim.o
    0x08003e72   0x08003e72   0x00000002   PAD
    0x08003e74   0x08003e74   0x0000000a   Code   RO         1334    .text.UART_DMAAbortOnError  stm32f4xx_hal_uart.o
    0x08003e7e   0x08003e7e   0x00000002   PAD
    0x08003e80   0x08003e80   0x0000017c   Code   RO         1284    .text.UART_DMAError  stm32f4xx_hal_uart.o
    0x08003ffc   0x08003ffc   0x0000015e   Code   RO         1362    .text.UART_DMAReceiveCplt  stm32f4xx_hal_uart.o
    0x0800415a   0x0800415a   0x00000002   PAD
    0x0800415c   0x0800415c   0x00000018   Code   RO         1364    .text.UART_DMARxHalfCplt  stm32f4xx_hal_uart.o
    0x08004174   0x08004174   0x000000fe   Code   RO         1332    .text.UART_Receive_IT  stm32f4xx_hal_uart.o
    0x08004272   0x08004272   0x00000002   PAD
    0x08004274   0x08004274   0x000000e6   Code   RO         1256    .text.UART_SetConfig  stm32f4xx_hal_uart.o
    0x0800435a   0x0800435a   0x00000002   PAD
    0x0800435c   0x0800435c   0x0000000c   Code   RO          364    .text.USART1_IRQHandler  stm32f4xx_it.o
    0x08004368   0x08004368   0x00000002   Code   RO          348    .text.UsageFault_Handler  stm32f4xx_it.o
    0x0800436a   0x0800436a   0x00000002   PAD
    0x0800436c   0x0800436c   0x0000002a   Code   RO          217    .text.__NVIC_SystemReset  mpu6050.o
    0x08004396   0x08004396   0x00000002   PAD
    0x08004398   0x08004398   0x000002a0   Code   RO          159    .text.dmp_enable_feature  inv_mpu_dmp_motion_driver.o
    0x08004638   0x08004638   0x00000016   Code   RO          123    .text.dmp_load_motion_driver_firmware  inv_mpu_dmp_motion_driver.o
    0x0800464e   0x0800464e   0x00000002   PAD
    0x08004650   0x08004650   0x000001b4   Code   RO          171    .text.dmp_read_fifo  inv_mpu_dmp_motion_driver.o
    0x08004804   0x08004804   0x00000070   Code   RO          131    .text.dmp_set_fifo_rate  inv_mpu_dmp_motion_driver.o
    0x08004874   0x08004874   0x000000e0   Code   RO          127    .text.dmp_set_gyro_bias  inv_mpu_dmp_motion_driver.o
    0x08004954   0x08004954   0x000000e8   Code   RO          125    .text.dmp_set_orientation  inv_mpu_dmp_motion_driver.o
    0x08004a3c   0x08004a3c   0x00000148   Code   RO          135    .text.dmp_set_tap_thresh  inv_mpu_dmp_motion_driver.o
    0x08004b84   0x08004b84   0x0000032e   Code   RO           93    .text.get_st_biases  inv_mpu.o
    0x08004eb2   0x08004eb2   0x00000002   PAD
    0x08004eb4   0x08004eb4   0x00000028   Code   RO           13    .text.i2c_read      i2c.o
    0x08004edc   0x08004edc   0x00000028   Code   RO           11    .text.i2c_write     i2c.o
    0x08004f04   0x08004f04   0x00000b80   Code   RO          282    .text.main          main.o
    0x08005a84   0x08005a84   0x000000a4   Code   RO           41    .text.mpu_configure_fifo  inv_mpu.o
    0x08005b28   0x08005b28   0x00000036   Code   RO           63    .text.mpu_get_accel_fsr  inv_mpu.o
    0x08005b5e   0x08005b5e   0x00000002   PAD
    0x08005b60   0x08005b60   0x00000040   Code   RO           75    .text.mpu_get_accel_sens  inv_mpu.o
    0x08005ba0   0x08005ba0   0x00000030   Code   RO           73    .text.mpu_get_gyro_sens  inv_mpu.o
    0x08005bd0   0x08005bd0   0x00000144   Code   RO           31    .text.mpu_init      inv_mpu.o
    0x08005d14   0x08005d14   0x0000013a   Code   RO           99    .text.mpu_load_firmware  inv_mpu.o
    0x08005e4e   0x08005e4e   0x00000002   PAD
    0x08005e50   0x08005e50   0x0000022c   Code   RO           47    .text.mpu_lp_accel_mode  inv_mpu.o
    0x0800607c   0x0800607c   0x000000be   Code   RO           85    .text.mpu_read_fifo_stream  inv_mpu.o
    0x0800613a   0x0800613a   0x00000002   PAD
    0x0800613c   0x0800613c   0x0000017a   Code   RO           59    .text.mpu_reset_fifo  inv_mpu.o
    0x080062b6   0x080062b6   0x00000002   PAD
    0x080062b8   0x080062b8   0x000001f4   Code   RO           89    .text.mpu_run_self_test  inv_mpu.o
    0x080064ac   0x080064ac   0x0000006e   Code   RO           35    .text.mpu_set_accel_fsr  inv_mpu.o
    0x0800651a   0x0800651a   0x00000002   PAD
    0x0800651c   0x0800651c   0x000000ee   Code   RO           43    .text.mpu_set_bypass  inv_mpu.o
    0x0800660a   0x0800660a   0x00000002   PAD
    0x0800660c   0x0800660c   0x000000e0   Code   RO           91    .text.mpu_set_dmp_state  inv_mpu.o
    0x080066ec   0x080066ec   0x0000009c   Code   RO           37    .text.mpu_set_lpf   inv_mpu.o
    0x08006788   0x08006788   0x00000148   Code   RO           39    .text.mpu_set_sample_rate  inv_mpu.o
    0x080068d0   0x080068d0   0x000000e4   Code   RO           45    .text.mpu_set_sensors  inv_mpu.o
    0x080069b4   0x080069b4   0x00000080   Code   RO           95    .text.mpu_write_mem  inv_mpu.o
    0x08006a34   0x08006a34   0x0000001a   Code   RO         1542    x$fpl$fpinit        fz_wm.l(fpinit.o)
    0x08006a4e   0x08006a4e   0x00000003   Data   RO          179    .rodata..L__const.dmp_set_orientation.accel_axes  inv_mpu_dmp_motion_driver.o
    0x08006a51   0x08006a51   0x00000003   Data   RO          178    .rodata..L__const.dmp_set_orientation.gyro_axes  inv_mpu_dmp_motion_driver.o
    0x08006a54   0x08006a54   0x00000010   Data   RO         1379    .rodata.AHBPrescTable  system_stm32f4xx.o
    0x08006a64   0x08006a64   0x00000008   Data   RO         1380    .rodata.APBPrescTable  system_stm32f4xx.o
    0x08006a6c   0x08006a6c   0x00000018   Data   RO          113    .rodata.cst8        inv_mpu.o
    0x08006a84   0x08006a84   0x00000008   Data   RO          720    .rodata.cst8        stm32f4xx_hal_dma.o
    0x08006a8c   0x08006a8c   0x00000bf6   Data   RO          177    .rodata.dmp_memory  inv_mpu_dmp_motion_driver.o
    0x08007682   0x08007682   0x0000000c   Data   RO          110    .rodata.hw          inv_mpu.o
    0x0800768e   0x0800768e   0x0000001e   Data   RO          109    .rodata.reg         inv_mpu.o
    0x080076ac   0x080076ac   0x00000028   Data   RO          111    .rodata.test        inv_mpu.o
    0x080076d4   0x080076d4   0x00000020   Data   RO         1603    Region$$Table       anon$$obj.o


    Execution Region RW_IRAM1 (Exec base: 0x20000000, Load base: 0x080076f8, Size: 0x00000af0, Max: 0x0001c000, ABSOLUTE)

    Exec Addr    Load Addr    Size         Type   Attr      Idx    E Section Name        Object

    0x20000000   0x080076f8   0x00000024   Data   RW          329    .data..L_MergedGlobals  main.o
    0x20000024   0x0800771c   0x00000008   Data   RW          898    .data..L_MergedGlobals  stm32f4xx_hal.o
    0x2000002c   0x08007724   0x00000004   Data   RW         1378    .data.SystemCoreClock  system_stm32f4xx.o
    0x20000030   0x08007728   0x00000009   Data   RW          229    .data.gyro_orientation  mpu6050.o
    0x20000039   0x08007731   0x00000003   PAD
    0x2000003c   0x08007734   0x0000002c   Data   RW          112    .data.st            inv_mpu.o
    0x20000068        -       0x00000060   Zero   RW         1468    .bss                c_w.l(libspace.o)
    0x200000c8        -       0x00000010   Zero   RW          186    .bss..L_MergedGlobals  inv_mpu_dmp_motion_driver.o
    0x200000d8        -       0x0000007c   Zero   RW          240    .bss..L_MergedGlobals  mpu6050.o
    0x20000154        -       0x0000007c   Zero   RW          330    .bss..L_MergedGlobals.1  main.o
    0x200001d0        -       0x00000028   Zero   RW          241    .bss..L_MergedGlobals.2  mpu6050.o
    0x200001f8        -       0x00000078   Zero   RW          331    .bss..L_MergedGlobals.2  main.o
    0x20000270        -       0x0000000e   Zero   RW          238    .bss.buffer         mpu6050.o
    0x2000027e   0x08007760   0x00000002   PAD
    0x20000280        -       0x00000002   Zero   RW          180    .bss.dmp.2          inv_mpu_dmp_motion_driver.o
    0x20000282   0x08007760   0x00000002   PAD
    0x20000284        -       0x00000002   Zero   RW          181    .bss.dmp.4          inv_mpu_dmp_motion_driver.o
    0x20000286   0x08007760   0x00000002   PAD
    0x20000288        -       0x00000060   Zero   RW          315    .bss.hdma_usart1_rx  main.o
    0x200002e8        -       0x00000054   Zero   RW          322    .bss.hi2c1          main.o
    0x2000033c        -       0x00000048   Zero   RW          319    .bss.htim2          main.o
    0x20000384        -       0x00000048   Zero   RW          320    .bss.htim3          main.o
    0x200003cc        -       0x00000048   Zero   RW          317    .bss.htim4          main.o
    0x20000414        -       0x00000048   Zero   RW          321    .bss.htim5          main.o
    0x2000045c        -       0x00000048   Zero   RW          318    .bss.htim8          main.o
    0x200004a4        -       0x00000048   Zero   RW          314    .bss.huart1         main.o
    0x200004ec        -       0x00000004   Zero   RW          897    .bss.uwTick         stm32f4xx_hal.o
    0x200004f0        -       0x00000200   Zero   RW            2    HEAP                startup_stm32f407xx.o
    0x200006f0        -       0x00000400   Zero   RW            1    STACK               startup_stm32f407xx.o


    Execution Region RW_IRAM2 (Exec base: 0x2001c000, Load base: 0x08007760, Size: 0x00000000, Max: 0x00004000, ABSOLUTE)

    **** No section assigned to this execution region ****


==============================================================================

Image component sizes


      Code (inc. data)   RO Data    RW Data    ZI Data      Debug   Object Name

       168         20          0          0          0       1856   encoder.o
       308          0          0          0          0       3534   i2c.o
      4818         64        106         44          0      25444   inv_mpu.o
      2026         68       3068          0         20      11453   inv_mpu_dmp_motion_driver.o
      3278         76          0         36        856      26788   main.o
      1532         60          0          9        178      11405   mpu6050.o
        64         26        392          0       1536        836   startup_stm32f407xx.o
       204          0          0          8          4       7300   stm32f4xx_hal.o
       196          0          0          0          0      10718   stm32f4xx_hal_cortex.o
      1146          6          8          0          0      10566   stm32f4xx_hal_dma.o
       446          0          0          0          0       5428   stm32f4xx_hal_gpio.o
      2966          0          0          0          0      44589   stm32f4xx_hal_i2c.o
       890          0          0          0          0      12563   stm32f4xx_hal_msp.o
      1484          4          0          0          0       7627   stm32f4xx_hal_rcc.o
      2644          6          0          0          0      58479   stm32f4xx_hal_tim.o
       266          0          0          0          0      21926   stm32f4xx_hal_tim_ex.o
      3274          0          0          0          0      32794   stm32f4xx_hal_uart.o
        86          0          0          0          0       6243   stm32f4xx_it.o
        18          0         24          4          0       2589   system_stm32f4xx.o

    ----------------------------------------------------------------------
     25948        330       3630        104       2600     302138   Object Totals
         0          0         32          0          0          0   (incl. Generated)
       134          0          0          3          6          0   (incl. Padding)

    ----------------------------------------------------------------------

      Code (inc. data)   RO Data    RW Data    ZI Data      Debug   Library Member Name

         8          0          0          0          0         68   __main.o
         0          0          0          0          0          0   __rtentry.o
        12          0          0          0          0          0   __rtentry2.o
         6          0          0          0          0          0   __rtentry4.o
        94          8          0          0          0          0   __scatter.o
        26          0          0          0          0          0   __scatter_copy.o
        28          0          0          0          0          0   __scatter_zi.o
        18          0          0          0          0         80   exit.o
         6          0          0          0          0        152   heapauxi.o
         0          0          0          0          0          0   indicate_semi.o
         2          0          0          0          0          0   libinit.o
         6          0          0          0          0          0   libinit2.o
         2          0          0          0          0          0   libshutdown.o
         2          0          0          0          0          0   libshutdown2.o
         8          4          0          0         96         68   libspace.o
       116          0          0          0          0         84   llsdiv.o
       240          0          0          0          0        100   lludivv7m.o
        88          0          0          0          0         76   memcmp.o
        78          0          0          0          0         80   rt_memclr_w.o
         2          0          0          0          0          0   rtexit.o
        10          0          0          0          0          0   rtexit2.o
        12          4          0          0          0         68   sys_exit.o
        74          0          0          0          0         80   sys_stackheap_outer.o
         2          0          0          0          0         68   use_no_semi.o
        26          0          0          0          0        116   fpinit.o

    ----------------------------------------------------------------------
       874         16          0          0         96       1040   Library Totals
         8          0          0          0          0          0   (incl. Padding)

    ----------------------------------------------------------------------

      Code (inc. data)   RO Data    RW Data    ZI Data      Debug   Library Name

       840         16          0          0         96        924   c_w.l
        26          0          0          0          0        116   fz_wm.l

    ----------------------------------------------------------------------
       874         16          0          0         96       1040   Library Totals

    ----------------------------------------------------------------------

==============================================================================


      Code (inc. data)   RO Data    RW Data    ZI Data      Debug   

     26822        346       3630        104       2696     302542   Grand Totals
     26822        346       3630        104       2696     302542   ELF Image Totals
     26822        346       3630        104          0          0   ROM Totals

==============================================================================

    Total RO  Size (Code + RO Data)                30452 (  29.74kB)
    Total RW  Size (RW Data + ZI Data)              2800 (   2.73kB)
    Total ROM Size (Code + RO Data + RW Data)      30556 (  29.84kB)

==============================================================================

