[0.064s] Invoking command in '/home/lab/amr_ws/build/lab_bot': CMAKE_PREFIX_PATH=${CMAKE_PREFIX_PATH}:/opt/ros/humble /usr/bin/cmake --build /home/lab/amr_ws/build/lab_bot -- -j4 -l4
[0.211s] Invoked command in '/home/lab/amr_ws/build/lab_bot' returned '0': CMAKE_PREFIX_PATH=${CMAKE_PREFIX_PATH}:/opt/ros/humble /usr/bin/cmake --build /home/lab/amr_ws/build/lab_bot -- -j4 -l4
[0.254s] Invoking command in '/home/lab/amr_ws/build/lab_bot': CMAKE_PREFIX_PATH=${CMAKE_PREFIX_PATH}:/opt/ros/humble /usr/bin/cmake --install /home/lab/amr_ws/build/lab_bot
[0.283s] -- Install configuration: ""
[0.284s] -- Up-to-date: /home/lab/amr_ws/install/lab_bot/share/lab_bot/launch
[0.284s] -- Up-to-date: /home/lab/amr_ws/install/lab_bot/share/lab_bot/launch/cmd_vel_sender.launch.py
[0.285s] -- Up-to-date: /home/lab/amr_ws/install/lab_bot/share/lab_bot/launch/odom_publisher.py
[0.286s] -- Installing: /home/lab/amr_ws/install/lab_bot/share/lab_bot/launch/nav_rl.launch.py
[0.288s] -- Up-to-date: /home/lab/amr_ws/install/lab_bot/share/lab_bot/launch/slam_rl.launch.py
[0.289s] -- Up-to-date: /home/lab/amr_ws/install/lab_bot/share/lab_bot/launch/slam.launch.py
[0.291s] -- Up-to-date: /home/lab/amr_ws/install/lab_bot/share/lab_bot/launch/Lidar.launch.py
[0.291s] -- Up-to-date: /home/lab/amr_ws/install/lab_bot/share/lab_bot/launch/bringup.launch.py
[0.292s] -- Up-to-date: /home/lab/amr_ws/install/lab_bot/share/lab_bot/launch/mapping.launch.py
[0.292s] -- Up-to-date: /home/lab/amr_ws/install/lab_bot/share/lab_bot/launch/odom_receive.py
[0.293s] -- Up-to-date: /home/lab/amr_ws/install/lab_bot/share/lab_bot/config
[0.293s] -- Up-to-date: /home/lab/amr_ws/install/lab_bot/share/lab_bot/config/slam_localization_params.yaml
[0.293s] -- Up-to-date: /home/lab/amr_ws/install/lab_bot/share/lab_bot/config/slam_rl_params.yaml
[0.294s] -- Up-to-date: /home/lab/amr_ws/install/lab_bot/share/lab_bot/config/rplidar.yaml
[0.294s] -- Up-to-date: /home/lab/amr_ws/install/lab_bot/share/lab_bot/config/slam_params_rl.yaml
[0.296s] -- Up-to-date: /home/lab/amr_ws/install/lab_bot/share/lab_bot/config/slam_toolbox.yaml
[0.296s] -- Up-to-date: /home/lab/amr_ws/install/lab_bot/share/lab_bot/config/nav_rl_params.yaml
[0.301s] -- Up-to-date: /home/lab/amr_ws/install/lab_bot/share/lab_bot/config/lab_params.yaml
[0.303s] -- Up-to-date: /home/lab/amr_ws/install/lab_bot/share/lab_bot/maps
[0.303s] -- Up-to-date: /home/lab/amr_ws/install/lab_bot/share/lab_bot/maps/NewLidar_edited.yaml
[0.304s] -- Up-to-date: /home/lab/amr_ws/install/lab_bot/share/lab_bot/maps/NewLidar_edited.pgm
[0.305s] -- Up-to-date: /home/lab/amr_ws/install/lab_bot/share/lab_bot/urdf
[0.306s] -- Up-to-date: /home/lab/amr_ws/install/lab_bot/share/lab_bot/urdf/base.urdf.xacro
[0.307s] -- Up-to-date: /home/lab/amr_ws/install/lab_bot/share/lab_bot/urdf/materials.urdf.xacro
[0.308s] -- Up-to-date: /home/lab/amr_ws/install/lab_bot/share/lab_bot/urdf/lab_robot.urdf.xacro
[0.309s] -- Up-to-date: /home/lab/amr_ws/install/lab_bot/share/lab_bot/urdf/gazebo.urdf.xacro
[0.309s] -- Up-to-date: /home/lab/amr_ws/install/lab_bot/share/lab_bot/urdf/lab_bot.urdf.xacro
[0.310s] -- Up-to-date: /home/lab/amr_ws/install/lab_bot/share/lab_bot/urdf/wheels.urdf.xacro
[0.311s] -- Up-to-date: /home/lab/amr_ws/install/lab_bot/share/lab_bot/urdf/macros.urdf.xacro
[0.313s] -- Up-to-date: /home/lab/amr_ws/install/lab_bot/share/lab_bot/urdf/properties.urdf.xacro
[0.313s] -- Up-to-date: /home/lab/amr_ws/install/lab_bot/share/lab_bot/urdf/sensors.urdf.xacro
[0.314s] -- Up-to-date: /home/lab/amr_ws/install/lab_bot/share/lab_bot/my_worlds
[0.315s] -- Up-to-date: /home/lab/amr_ws/install/lab_bot/share/lab_bot/my_worlds/models
[0.316s] -- Up-to-date: /home/lab/amr_ws/install/lab_bot/share/lab_bot/my_worlds/worlds
[0.316s] -- Up-to-date: /home/lab/amr_ws/install/lab_bot/share/lab_bot/my_worlds/worlds/lab_office.world
[0.318s] -- Up-to-date: /home/lab/amr_ws/install/lab_bot/share/lab_bot/my_worlds/worlds/lab_office_official.world
[0.319s] -- Up-to-date: /home/lab/amr_ws/install/lab_bot/share/lab_bot/rviz
[0.320s] -- Up-to-date: /home/lab/amr_ws/install/lab_bot/share/lab_bot/rviz/robot.rviz
[0.321s] -- Up-to-date: /home/lab/amr_ws/install/lab_bot/lib/lab_bot/odom_receiver.py
[0.328s] -- Up-to-date: /home/lab/amr_ws/install/lab_bot/lib/lab_bot/cmd_vel_sender.py
[0.329s] -- Up-to-date: /home/lab/amr_ws/install/lab_bot/lib/lab_bot/scan_filter.py
[0.331s] -- Up-to-date: /home/lab/amr_ws/install/lab_bot/share/ament_index/resource_index/package_run_dependencies/lab_bot
[0.332s] -- Up-to-date: /home/lab/amr_ws/install/lab_bot/share/ament_index/resource_index/parent_prefix_path/lab_bot
[0.332s] -- Up-to-date: /home/lab/amr_ws/install/lab_bot/share/lab_bot/environment/ament_prefix_path.sh
[0.333s] -- Up-to-date: /home/lab/amr_ws/install/lab_bot/share/lab_bot/environment/ament_prefix_path.dsv
[0.333s] -- Up-to-date: /home/lab/amr_ws/install/lab_bot/share/lab_bot/environment/path.sh
[0.334s] -- Up-to-date: /home/lab/amr_ws/install/lab_bot/share/lab_bot/environment/path.dsv
[0.335s] -- Up-to-date: /home/lab/amr_ws/install/lab_bot/share/lab_bot/local_setup.bash
[0.338s] -- Up-to-date: /home/lab/amr_ws/install/lab_bot/share/lab_bot/local_setup.sh
[0.342s] -- Up-to-date: /home/lab/amr_ws/install/lab_bot/share/lab_bot/local_setup.zsh
[0.343s] -- Up-to-date: /home/lab/amr_ws/install/lab_bot/share/lab_bot/local_setup.dsv
[0.344s] -- Installing: /home/lab/amr_ws/install/lab_bot/share/lab_bot/package.dsv
[0.344s] -- Up-to-date: /home/lab/amr_ws/install/lab_bot/share/ament_index/resource_index/packages/lab_bot
[0.345s] -- Up-to-date: /home/lab/amr_ws/install/lab_bot/share/lab_bot/cmake/lab_botConfig.cmake
[0.345s] -- Up-to-date: /home/lab/amr_ws/install/lab_bot/share/lab_bot/cmake/lab_botConfig-version.cmake
[0.346s] -- Up-to-date: /home/lab/amr_ws/install/lab_bot/share/lab_bot/package.xml
[0.347s] Invoked command in '/home/lab/amr_ws/build/lab_bot' returned '0': CMAKE_PREFIX_PATH=${CMAKE_PREFIX_PATH}:/opt/ros/humble /usr/bin/cmake --install /home/lab/amr_ws/build/lab_bot
