[0.527s] DEBUG:colcon:Command line arguments: ['/usr/bin/colcon', 'build', '--packages-select', 'lab_bot']
[0.527s] DEBUG:colcon:Parsed command line arguments: Namespace(log_base=None, log_level=None, verb_name='build', build_base='build', install_base='install', merge_install=False, symlink_install=False, test_result_base=None, continue_on_error=False, executor='parallel', parallel_workers=4, event_handlers=None, ignore_user_meta=False, metas=['./colcon.meta'], base_paths=['.'], packages_ignore=None, packages_ignore_regex=None, paths=None, packages_up_to=None, packages_up_to_regex=None, packages_above=None, packages_above_and_dependencies=None, packages_above_depth=None, packages_select_by_dep=None, packages_skip_by_dep=None, packages_skip_up_to=None, packages_select_build_failed=False, packages_skip_build_finished=False, packages_select_test_failures=False, packages_skip_test_passed=False, packages_select=['lab_bot'], packages_skip=None, packages_select_regex=None, packages_skip_regex=None, packages_start=None, packages_end=None, allow_overriding=[], cmake_args=None, cmake_target=None, cmake_target_skip_unavailable=False, cmake_clean_cache=False, cmake_clean_first=False, cmake_force_configure=False, ament_cmake_args=None, catkin_cmake_args=None, catkin_skip_building_tests=False, verb_parser=<colcon_defaults.argument_parser.defaults.DefaultArgumentsDecorator object at 0xffff9176aa40>, verb_extension=<colcon_core.verb.build.BuildVerb object at 0xffff918b01f0>, main=<bound method BuildVerb.main of <colcon_core.verb.build.BuildVerb object at 0xffff918b01f0>>)
[1.417s] Level 1:colcon.colcon_core.package_discovery:discover_packages(colcon_meta) check parameters
[1.418s] Level 1:colcon.colcon_core.package_discovery:discover_packages(recursive) check parameters
[1.418s] Level 1:colcon.colcon_core.package_discovery:discover_packages(ignore) check parameters
[1.418s] Level 1:colcon.colcon_core.package_discovery:discover_packages(path) check parameters
[1.419s] Level 1:colcon.colcon_core.package_discovery:discover_packages(colcon_meta) discover
[1.419s] Level 1:colcon.colcon_core.package_discovery:discover_packages(recursive) discover
[1.419s] INFO:colcon.colcon_core.package_discovery:Crawling recursively for packages in '/home/lab/amr_ws'
[1.420s] Level 1:colcon.colcon_core.package_identification:_identify(.) by extensions ['ignore', 'ignore_ament_install']
[1.420s] Level 1:colcon.colcon_core.package_identification:_identify(.) by extension 'ignore'
[1.421s] Level 1:colcon.colcon_core.package_identification:_identify(.) by extension 'ignore_ament_install'
[1.421s] Level 1:colcon.colcon_core.package_identification:_identify(.) by extensions ['colcon_pkg']
[1.421s] Level 1:colcon.colcon_core.package_identification:_identify(.) by extension 'colcon_pkg'
[1.421s] Level 1:colcon.colcon_core.package_identification:_identify(.) by extensions ['colcon_meta']
[1.421s] Level 1:colcon.colcon_core.package_identification:_identify(.) by extension 'colcon_meta'
[1.422s] Level 1:colcon.colcon_core.package_identification:_identify(.) by extensions ['ros']
[1.422s] Level 1:colcon.colcon_core.package_identification:_identify(.) by extension 'ros'
[1.476s] Level 1:colcon.colcon_core.package_identification:_identify(.) by extensions ['cmake', 'python']
[1.476s] Level 1:colcon.colcon_core.package_identification:_identify(.) by extension 'cmake'
[1.477s] Level 1:colcon.colcon_core.package_identification:_identify(.) by extension 'python'
[1.477s] Level 1:colcon.colcon_core.package_identification:_identify(.) by extensions ['python_setup_py']
[1.477s] Level 1:colcon.colcon_core.package_identification:_identify(.) by extension 'python_setup_py'
[1.478s] Level 1:colcon.colcon_core.package_identification:_identify(build) by extensions ['ignore', 'ignore_ament_install']
[1.478s] Level 1:colcon.colcon_core.package_identification:_identify(build) by extension 'ignore'
[1.478s] Level 1:colcon.colcon_core.package_identification:_identify(build) ignored
[1.479s] Level 1:colcon.colcon_core.package_identification:_identify(install) by extensions ['ignore', 'ignore_ament_install']
[1.480s] Level 1:colcon.colcon_core.package_identification:_identify(install) by extension 'ignore'
[1.480s] Level 1:colcon.colcon_core.package_identification:_identify(install) ignored
[1.480s] Level 1:colcon.colcon_core.package_identification:_identify(log) by extensions ['ignore', 'ignore_ament_install']
[1.481s] Level 1:colcon.colcon_core.package_identification:_identify(log) by extension 'ignore'
[1.481s] Level 1:colcon.colcon_core.package_identification:_identify(log) ignored
[1.481s] Level 1:colcon.colcon_core.package_identification:_identify(src) by extensions ['ignore', 'ignore_ament_install']
[1.482s] Level 1:colcon.colcon_core.package_identification:_identify(src) by extension 'ignore'
[1.482s] Level 1:colcon.colcon_core.package_identification:_identify(src) by extension 'ignore_ament_install'
[1.482s] Level 1:colcon.colcon_core.package_identification:_identify(src) by extensions ['colcon_pkg']
[1.483s] Level 1:colcon.colcon_core.package_identification:_identify(src) by extension 'colcon_pkg'
[1.483s] Level 1:colcon.colcon_core.package_identification:_identify(src) by extensions ['colcon_meta']
[1.483s] Level 1:colcon.colcon_core.package_identification:_identify(src) by extension 'colcon_meta'
[1.484s] Level 1:colcon.colcon_core.package_identification:_identify(src) by extensions ['ros']
[1.484s] Level 1:colcon.colcon_core.package_identification:_identify(src) by extension 'ros'
[1.484s] Level 1:colcon.colcon_core.package_identification:_identify(src) by extensions ['cmake', 'python']
[1.484s] Level 1:colcon.colcon_core.package_identification:_identify(src) by extension 'cmake'
[1.485s] Level 1:colcon.colcon_core.package_identification:_identify(src) by extension 'python'
[1.485s] Level 1:colcon.colcon_core.package_identification:_identify(src) by extensions ['python_setup_py']
[1.485s] Level 1:colcon.colcon_core.package_identification:_identify(src) by extension 'python_setup_py'
[1.486s] Level 1:colcon.colcon_core.package_identification:_identify(src/lab_bot) by extensions ['ignore', 'ignore_ament_install']
[1.486s] Level 1:colcon.colcon_core.package_identification:_identify(src/lab_bot) by extension 'ignore'
[1.487s] Level 1:colcon.colcon_core.package_identification:_identify(src/lab_bot) by extension 'ignore_ament_install'
[1.487s] Level 1:colcon.colcon_core.package_identification:_identify(src/lab_bot) by extensions ['colcon_pkg']
[1.487s] Level 1:colcon.colcon_core.package_identification:_identify(src/lab_bot) by extension 'colcon_pkg'
[1.487s] Level 1:colcon.colcon_core.package_identification:_identify(src/lab_bot) by extensions ['colcon_meta']
[1.487s] Level 1:colcon.colcon_core.package_identification:_identify(src/lab_bot) by extension 'colcon_meta'
[1.488s] Level 1:colcon.colcon_core.package_identification:_identify(src/lab_bot) by extensions ['ros']
[1.488s] Level 1:colcon.colcon_core.package_identification:_identify(src/lab_bot) by extension 'ros'
[1.498s] DEBUG:colcon.colcon_core.package_identification:Package 'src/lab_bot' with type 'ros.ament_cmake' and name 'lab_bot'
[1.498s] Level 1:colcon.colcon_core.package_discovery:discover_packages(recursive) using defaults
[1.498s] Level 1:colcon.colcon_core.package_discovery:discover_packages(ignore) discover
[1.498s] Level 1:colcon.colcon_core.package_discovery:discover_packages(ignore) using defaults
[1.499s] Level 1:colcon.colcon_core.package_discovery:discover_packages(path) discover
[1.499s] Level 1:colcon.colcon_core.package_discovery:discover_packages(path) using defaults
[1.596s] Level 1:colcon.colcon_core.package_discovery:discover_packages(prefix_path) check parameters
[1.596s] Level 1:colcon.colcon_core.package_discovery:discover_packages(prefix_path) discover
[1.606s] DEBUG:colcon.colcon_installed_package_information.package_discovery:Found 1 installed packages in /home/lab/amr_ws/install
[1.616s] DEBUG:colcon.colcon_installed_package_information.package_discovery:Found 296 installed packages in /opt/ros/humble
[1.624s] Level 1:colcon.colcon_core.package_discovery:discover_packages(prefix_path) using defaults
[1.885s] Level 5:colcon.colcon_core.verb:set package 'lab_bot' build argument 'cmake_args' from command line to 'None'
[1.885s] Level 5:colcon.colcon_core.verb:set package 'lab_bot' build argument 'cmake_target' from command line to 'None'
[1.885s] Level 5:colcon.colcon_core.verb:set package 'lab_bot' build argument 'cmake_target_skip_unavailable' from command line to 'False'
[1.885s] Level 5:colcon.colcon_core.verb:set package 'lab_bot' build argument 'cmake_clean_cache' from command line to 'False'
[1.885s] Level 5:colcon.colcon_core.verb:set package 'lab_bot' build argument 'cmake_clean_first' from command line to 'False'
[1.886s] Level 5:colcon.colcon_core.verb:set package 'lab_bot' build argument 'cmake_force_configure' from command line to 'False'
[1.886s] Level 5:colcon.colcon_core.verb:set package 'lab_bot' build argument 'ament_cmake_args' from command line to 'None'
[1.886s] Level 5:colcon.colcon_core.verb:set package 'lab_bot' build argument 'catkin_cmake_args' from command line to 'None'
[1.886s] Level 5:colcon.colcon_core.verb:set package 'lab_bot' build argument 'catkin_skip_building_tests' from command line to 'False'
[1.886s] DEBUG:colcon.colcon_core.verb:Building package 'lab_bot' with the following arguments: {'ament_cmake_args': None, 'build_base': '/home/lab/amr_ws/build/lab_bot', 'catkin_cmake_args': None, 'catkin_skip_building_tests': False, 'cmake_args': None, 'cmake_clean_cache': False, 'cmake_clean_first': False, 'cmake_force_configure': False, 'cmake_target': None, 'cmake_target_skip_unavailable': False, 'install_base': '/home/lab/amr_ws/install/lab_bot', 'merge_install': False, 'path': '/home/lab/amr_ws/src/lab_bot', 'symlink_install': False, 'test_result_base': None}
[1.887s] INFO:colcon.colcon_core.executor:Executing jobs using 'parallel' executor
[1.891s] DEBUG:colcon.colcon_parallel_executor.executor.parallel:run_until_complete
[1.892s] INFO:colcon.colcon_ros.task.ament_cmake.build:Building ROS package in '/home/lab/amr_ws/src/lab_bot' with build type 'ament_cmake'
[1.893s] INFO:colcon.colcon_cmake.task.cmake.build:Building CMake package in '/home/lab/amr_ws/src/lab_bot'
[1.909s] INFO:colcon.colcon_core.plugin_system:Skipping extension 'colcon_core.shell.bat': Not used on non-Windows systems
[1.911s] INFO:colcon.colcon_core.shell:Skip shell extension 'powershell' for command environment: Not usable outside of PowerShell
[1.911s] DEBUG:colcon.colcon_core.shell:Skip shell extension 'dsv' for command environment
[1.958s] DEBUG:colcon.colcon_core.event_handler.log_command:Invoking command in '/home/lab/amr_ws/build/lab_bot': CMAKE_PREFIX_PATH=${CMAKE_PREFIX_PATH}:/opt/ros/humble /usr/bin/cmake /home/lab/amr_ws/src/lab_bot -DCMAKE_INSTALL_PREFIX=/home/lab/amr_ws/install/lab_bot
[2.997s] DEBUG:colcon.colcon_core.event_handler.log_command:Invoked command in '/home/lab/amr_ws/build/lab_bot' returned '0': CMAKE_PREFIX_PATH=${CMAKE_PREFIX_PATH}:/opt/ros/humble /usr/bin/cmake /home/lab/amr_ws/src/lab_bot -DCMAKE_INSTALL_PREFIX=/home/lab/amr_ws/install/lab_bot
[3.007s] DEBUG:colcon.colcon_core.event_handler.log_command:Invoking command in '/home/lab/amr_ws/build/lab_bot': CMAKE_PREFIX_PATH=${CMAKE_PREFIX_PATH}:/opt/ros/humble /usr/bin/cmake --build /home/lab/amr_ws/build/lab_bot -- -j4 -l4
[3.153s] DEBUG:colcon.colcon_core.event_handler.log_command:Invoked command in '/home/lab/amr_ws/build/lab_bot' returned '0': CMAKE_PREFIX_PATH=${CMAKE_PREFIX_PATH}:/opt/ros/humble /usr/bin/cmake --build /home/lab/amr_ws/build/lab_bot -- -j4 -l4
[3.193s] DEBUG:colcon.colcon_core.event_handler.log_command:Invoking command in '/home/lab/amr_ws/build/lab_bot': CMAKE_PREFIX_PATH=${CMAKE_PREFIX_PATH}:/opt/ros/humble /usr/bin/cmake --install /home/lab/amr_ws/build/lab_bot
[3.318s] Level 1:colcon.colcon_core.environment:create_environment_scripts_only(lab_bot)
[3.320s] DEBUG:colcon.colcon_core.event_handler.log_command:Invoked command in '/home/lab/amr_ws/build/lab_bot' returned '0': CMAKE_PREFIX_PATH=${CMAKE_PREFIX_PATH}:/opt/ros/humble /usr/bin/cmake --install /home/lab/amr_ws/build/lab_bot
[3.331s] Level 1:colcon.colcon_core.environment:checking '/home/lab/amr_ws/install/lab_bot' for CMake module files
[3.334s] Level 1:colcon.colcon_core.environment:checking '/home/lab/amr_ws/install/lab_bot' for CMake config files
[3.339s] Level 1:colcon.colcon_core.shell:create_environment_hook('lab_bot', 'cmake_prefix_path')
[3.341s] INFO:colcon.colcon_core.shell:Creating environment hook '/home/lab/amr_ws/install/lab_bot/share/lab_bot/hook/cmake_prefix_path.ps1'
[3.344s] INFO:colcon.colcon_core.shell:Creating environment descriptor '/home/lab/amr_ws/install/lab_bot/share/lab_bot/hook/cmake_prefix_path.dsv'
[3.347s] INFO:colcon.colcon_core.shell:Creating environment hook '/home/lab/amr_ws/install/lab_bot/share/lab_bot/hook/cmake_prefix_path.sh'
[3.351s] Level 1:colcon.colcon_core.environment:checking '/home/lab/amr_ws/install/lab_bot/lib'
[3.352s] Level 1:colcon.colcon_core.environment:checking '/home/lab/amr_ws/install/lab_bot/bin'
[3.352s] Level 1:colcon.colcon_core.environment:checking '/home/lab/amr_ws/install/lab_bot/lib/pkgconfig/lab_bot.pc'
[3.353s] Level 1:colcon.colcon_core.environment:checking '/home/lab/amr_ws/install/lab_bot/lib/python3.10/site-packages'
[3.355s] Level 1:colcon.colcon_core.environment:checking '/home/lab/amr_ws/install/lab_bot/bin'
[3.356s] INFO:colcon.colcon_core.shell:Creating package script '/home/lab/amr_ws/install/lab_bot/share/lab_bot/package.ps1'
[3.361s] INFO:colcon.colcon_core.shell:Creating package descriptor '/home/lab/amr_ws/install/lab_bot/share/lab_bot/package.dsv'
[3.364s] INFO:colcon.colcon_core.shell:Creating package script '/home/lab/amr_ws/install/lab_bot/share/lab_bot/package.sh'
[3.367s] INFO:colcon.colcon_core.shell:Creating package script '/home/lab/amr_ws/install/lab_bot/share/lab_bot/package.bash'
[3.371s] INFO:colcon.colcon_core.shell:Creating package script '/home/lab/amr_ws/install/lab_bot/share/lab_bot/package.zsh'
[3.375s] Level 1:colcon.colcon_core.environment:create_file_with_runtime_dependencies(/home/lab/amr_ws/install/lab_bot/share/colcon-core/packages/lab_bot)
[3.378s] Level 1:colcon.colcon_core.environment:create_environment_scripts_only(lab_bot)
[3.379s] Level 1:colcon.colcon_core.environment:checking '/home/lab/amr_ws/install/lab_bot' for CMake module files
[3.382s] Level 1:colcon.colcon_core.environment:checking '/home/lab/amr_ws/install/lab_bot' for CMake config files
[3.388s] Level 1:colcon.colcon_core.shell:create_environment_hook('lab_bot', 'cmake_prefix_path')
[3.390s] INFO:colcon.colcon_core.shell:Creating environment hook '/home/lab/amr_ws/install/lab_bot/share/lab_bot/hook/cmake_prefix_path.ps1'
[3.392s] INFO:colcon.colcon_core.shell:Creating environment descriptor '/home/lab/amr_ws/install/lab_bot/share/lab_bot/hook/cmake_prefix_path.dsv'
[3.394s] INFO:colcon.colcon_core.shell:Creating environment hook '/home/lab/amr_ws/install/lab_bot/share/lab_bot/hook/cmake_prefix_path.sh'
[3.398s] Level 1:colcon.colcon_core.environment:checking '/home/lab/amr_ws/install/lab_bot/lib'
[3.398s] Level 1:colcon.colcon_core.environment:checking '/home/lab/amr_ws/install/lab_bot/bin'
[3.399s] Level 1:colcon.colcon_core.environment:checking '/home/lab/amr_ws/install/lab_bot/lib/pkgconfig/lab_bot.pc'
[3.400s] Level 1:colcon.colcon_core.environment:checking '/home/lab/amr_ws/install/lab_bot/lib/python3.10/site-packages'
[3.402s] Level 1:colcon.colcon_core.environment:checking '/home/lab/amr_ws/install/lab_bot/bin'
[3.403s] INFO:colcon.colcon_core.shell:Creating package script '/home/lab/amr_ws/install/lab_bot/share/lab_bot/package.ps1'
[3.407s] INFO:colcon.colcon_core.shell:Creating package descriptor '/home/lab/amr_ws/install/lab_bot/share/lab_bot/package.dsv'
[3.410s] INFO:colcon.colcon_core.shell:Creating package script '/home/lab/amr_ws/install/lab_bot/share/lab_bot/package.sh'
[3.412s] INFO:colcon.colcon_core.shell:Creating package script '/home/lab/amr_ws/install/lab_bot/share/lab_bot/package.bash'
[3.415s] INFO:colcon.colcon_core.shell:Creating package script '/home/lab/amr_ws/install/lab_bot/share/lab_bot/package.zsh'
[3.418s] Level 1:colcon.colcon_core.environment:create_file_with_runtime_dependencies(/home/lab/amr_ws/install/lab_bot/share/colcon-core/packages/lab_bot)
[3.419s] DEBUG:colcon.colcon_parallel_executor.executor.parallel:closing loop
[3.420s] DEBUG:colcon.colcon_parallel_executor.executor.parallel:loop closed
[3.421s] DEBUG:colcon.colcon_parallel_executor.executor.parallel:run_until_complete finished with '0'
[3.421s] DEBUG:colcon.colcon_core.event_reactor:joining thread
[3.424s] DEBUG:colcon.colcon_core.event_reactor:joined thread
[3.425s] INFO:colcon.colcon_core.shell:Creating prefix script '/home/lab/amr_ws/install/local_setup.ps1'
[3.430s] INFO:colcon.colcon_core.shell:Creating prefix util module '/home/lab/amr_ws/install/_local_setup_util_ps1.py'
[3.437s] INFO:colcon.colcon_core.shell:Creating prefix chain script '/home/lab/amr_ws/install/setup.ps1'
[3.446s] INFO:colcon.colcon_core.shell:Creating prefix script '/home/lab/amr_ws/install/local_setup.sh'
[3.451s] INFO:colcon.colcon_core.shell:Creating prefix util module '/home/lab/amr_ws/install/_local_setup_util_sh.py'
[3.456s] INFO:colcon.colcon_core.shell:Creating prefix chain script '/home/lab/amr_ws/install/setup.sh'
[3.463s] INFO:colcon.colcon_core.shell:Creating prefix script '/home/lab/amr_ws/install/local_setup.bash'
[3.465s] INFO:colcon.colcon_core.shell:Creating prefix chain script '/home/lab/amr_ws/install/setup.bash'
[3.471s] INFO:colcon.colcon_core.shell:Creating prefix script '/home/lab/amr_ws/install/local_setup.zsh'
[3.474s] INFO:colcon.colcon_core.shell:Creating prefix chain script '/home/lab/amr_ws/install/setup.zsh'
